stm32f1xx_it.c:78:6:NMI_Handler	4	static
stm32f1xx_it.c:93:6:HardFault_Handler	4	static
stm32f1xx_it.c:108:6:MemManage_Handler	4	static
stm32f1xx_it.c:123:6:BusFault_Handler	4	static
stm32f1xx_it.c:138:6:UsageFault_Handler	4	static
stm32f1xx_it.c:153:6:SVC_Handler	4	static
stm32f1xx_it.c:166:6:DebugMon_Handler	4	static
stm32f1xx_it.c:179:6:PendSV_Handler	4	static
stm32f1xx_it.c:192:6:SysTick_Handler	8	static
stm32f1xx_it.c:214:6:DMA1_Channel4_IRQHandler	8	static
stm32f1xx_it.c:228:6:DMA1_Channel5_IRQHandler	8	static
stm32f1xx_it.c:242:6:DMA1_Channel6_IRQHandler	8	static
stm32f1xx_it.c:256:6:DMA1_Channel7_IRQHandler	8	static
stm32f1xx_it.c:270:6:TIM2_IRQHandler	8	static
stm32f1xx_it.c:284:6:TIM3_IRQHandler	8	static
stm32f1xx_it.c:298:6:TIM4_IRQHandler	8	static
stm32f1xx_it.c:312:6:USART1_IRQHandler	8	static
stm32f1xx_it.c:326:6:USART2_IRQHandler	8	static
