Archive member included to satisfy reference by file (symbol)

c:/st/stm32cubeide_1.5.0/stm32cubeide/plugins/com.st.stm32cube.ide.mcu.externaltools.gnu-tools-for-stm32.7-2018-q2-update.win32_1.5.0.202011040924/tools/bin/../lib/gcc/arm-none-eabi/7.3.1/../../../../arm-none-eabi/lib/thumb/v7-m\libc_nano.a(lib_a-atof.o)
                              src/common/core/gps.o (atof)
c:/st/stm32cubeide_1.5.0/stm32cubeide/plugins/com.st.stm32cube.ide.mcu.externaltools.gnu-tools-for-stm32.7-2018-q2-update.win32_1.5.0.202011040924/tools/bin/../lib/gcc/arm-none-eabi/7.3.1/../../../../arm-none-eabi/lib/thumb/v7-m\libc_nano.a(lib_a-errno.o)
                              src/bsp/syscalls.o (__errno)
c:/st/stm32cubeide_1.5.0/stm32cubeide/plugins/com.st.stm32cube.ide.mcu.externaltools.gnu-tools-for-stm32.7-2018-q2-update.win32_1.5.0.202011040924/tools/bin/../lib/gcc/arm-none-eabi/7.3.1/../../../../arm-none-eabi/lib/thumb/v7-m\libc_nano.a(lib_a-exit.o)
                              c:/st/stm32cubeide_1.5.0/stm32cubeide/plugins/com.st.stm32cube.ide.mcu.externaltools.gnu-tools-for-stm32.7-2018-q2-update.win32_1.5.0.202011040924/tools/bin/../lib/gcc/arm-none-eabi/7.3.1/../../../../arm-none-eabi/lib/thumb/v7-m/crt0.o (exit)
c:/st/stm32cubeide_1.5.0/stm32cubeide/plugins/com.st.stm32cube.ide.mcu.externaltools.gnu-tools-for-stm32.7-2018-q2-update.win32_1.5.0.202011040924/tools/bin/../lib/gcc/arm-none-eabi/7.3.1/../../../../arm-none-eabi/lib/thumb/v7-m\libc_nano.a(lib_a-impure.o)
                              c:/st/stm32cubeide_1.5.0/stm32cubeide/plugins/com.st.stm32cube.ide.mcu.externaltools.gnu-tools-for-stm32.7-2018-q2-update.win32_1.5.0.202011040924/tools/bin/../lib/gcc/arm-none-eabi/7.3.1/../../../../arm-none-eabi/lib/thumb/v7-m\libc_nano.a(lib_a-exit.o) (_global_impure_ptr)
c:/st/stm32cubeide_1.5.0/stm32cubeide/plugins/com.st.stm32cube.ide.mcu.externaltools.gnu-tools-for-stm32.7-2018-q2-update.win32_1.5.0.202011040924/tools/bin/../lib/gcc/arm-none-eabi/7.3.1/../../../../arm-none-eabi/lib/thumb/v7-m\libc_nano.a(lib_a-init.o)
                              c:/st/stm32cubeide_1.5.0/stm32cubeide/plugins/com.st.stm32cube.ide.mcu.externaltools.gnu-tools-for-stm32.7-2018-q2-update.win32_1.5.0.202011040924/tools/bin/../lib/gcc/arm-none-eabi/7.3.1/../../../../arm-none-eabi/lib/thumb/v7-m/crt0.o (__libc_init_array)
c:/st/stm32cubeide_1.5.0/stm32cubeide/plugins/com.st.stm32cube.ide.mcu.externaltools.gnu-tools-for-stm32.7-2018-q2-update.win32_1.5.0.202011040924/tools/bin/../lib/gcc/arm-none-eabi/7.3.1/../../../../arm-none-eabi/lib/thumb/v7-m\libc_nano.a(lib_a-locale.o)
                              src/common/core/gps.o (__locale_ctype_ptr)
c:/st/stm32cubeide_1.5.0/stm32cubeide/plugins/com.st.stm32cube.ide.mcu.externaltools.gnu-tools-for-stm32.7-2018-q2-update.win32_1.5.0.202011040924/tools/bin/../lib/gcc/arm-none-eabi/7.3.1/../../../../arm-none-eabi/lib/thumb/v7-m\libc_nano.a(lib_a-mbtowc_r.o)
                              c:/st/stm32cubeide_1.5.0/stm32cubeide/plugins/com.st.stm32cube.ide.mcu.externaltools.gnu-tools-for-stm32.7-2018-q2-update.win32_1.5.0.202011040924/tools/bin/../lib/gcc/arm-none-eabi/7.3.1/../../../../arm-none-eabi/lib/thumb/v7-m\libc_nano.a(lib_a-locale.o) (__ascii_mbtowc)
c:/st/stm32cubeide_1.5.0/stm32cubeide/plugins/com.st.stm32cube.ide.mcu.externaltools.gnu-tools-for-stm32.7-2018-q2-update.win32_1.5.0.202011040924/tools/bin/../lib/gcc/arm-none-eabi/7.3.1/../../../../arm-none-eabi/lib/thumb/v7-m\libc_nano.a(lib_a-memcpy-stub.o)
                              src/common/core/eeprom.o (memcpy)
c:/st/stm32cubeide_1.5.0/stm32cubeide/plugins/com.st.stm32cube.ide.mcu.externaltools.gnu-tools-for-stm32.7-2018-q2-update.win32_1.5.0.202011040924/tools/bin/../lib/gcc/arm-none-eabi/7.3.1/../../../../arm-none-eabi/lib/thumb/v7-m\libc_nano.a(lib_a-memset.o)
                              c:/st/stm32cubeide_1.5.0/stm32cubeide/plugins/com.st.stm32cube.ide.mcu.externaltools.gnu-tools-for-stm32.7-2018-q2-update.win32_1.5.0.202011040924/tools/bin/../lib/gcc/arm-none-eabi/7.3.1/../../../../arm-none-eabi/lib/thumb/v7-m/crt0.o (memset)
c:/st/stm32cubeide_1.5.0/stm32cubeide/plugins/com.st.stm32cube.ide.mcu.externaltools.gnu-tools-for-stm32.7-2018-q2-update.win32_1.5.0.202011040924/tools/bin/../lib/gcc/arm-none-eabi/7.3.1/../../../../arm-none-eabi/lib/thumb/v7-m\libc_nano.a(lib_a-nano-vfprintf_float.o)
                              (_printf_float)
c:/st/stm32cubeide_1.5.0/stm32cubeide/plugins/com.st.stm32cube.ide.mcu.externaltools.gnu-tools-for-stm32.7-2018-q2-update.win32_1.5.0.202011040924/tools/bin/../lib/gcc/arm-none-eabi/7.3.1/../../../../arm-none-eabi/lib/thumb/v7-m\libc_nano.a(lib_a-nano-vfprintf_i.o)
                              c:/st/stm32cubeide_1.5.0/stm32cubeide/plugins/com.st.stm32cube.ide.mcu.externaltools.gnu-tools-for-stm32.7-2018-q2-update.win32_1.5.0.202011040924/tools/bin/../lib/gcc/arm-none-eabi/7.3.1/../../../../arm-none-eabi/lib/thumb/v7-m\libc_nano.a(lib_a-nano-vfprintf_float.o) (_printf_common)
[...]
Memory Configuration

Name             Origin             Length             Attributes
RAM              0x0000000020000000 0x0000000000005000 xrw
FLASH            0x0000000008000000 0x0000000000020000 xr
*default*        0x0000000000000000 0xffffffffffffffff

Linker script and memory map

LOAD c:/st/stm32cubeide_1.5.0/stm32cubeide/plugins/com.st.stm32cube.ide.mcu.externaltools.gnu-tools-for-stm32.7-2018-q2-update.win32_1.5.0.202011040924/tools/bin/../lib/gcc/arm-none-eabi/7.3.1/thumb/v7-m/crti.o
LOAD c:/st/stm32cubeide_1.5.0/stm32cubeide/plugins/com.st.stm32cube.ide.mcu.externaltools.gnu-tools-for-stm32.7-2018-q2-update.win32_1.5.0.202011040924/tools/bin/../lib/gcc/arm-none-eabi/7.3.1/thumb/v7-m/crtbegin.o
LOAD c:/st/stm32cubeide_1.5.0/stm32cubeide/plugins/com.st.stm32cube.ide.mcu.externaltools.gnu-tools-for-stm32.7-2018-q2-update.win32_1.5.0.202011040924/tools/bin/../lib/gcc/arm-none-eabi/7.3.1/../../../../arm-none-eabi/lib/thumb/v7-m/crt0.o
LOAD src/ap/ap.o
LOAD src/bsp/bsp.o
LOAD src/bsp/stm32f1xx_hal_msp.o
LOAD src/bsp/stm32f1xx_it.o
LOAD src/bsp/syscalls.o
LOAD src/bsp/sysmem.o
LOAD src/bsp/system_stm32f1xx.o
LOAD src/bsp/startup/startup_stm32f103cbtx.o
LOAD src/common/core/eeprom.o
LOAD src/common/core/filter.o
LOAD src/common/core/gps.o
LOAD src/common/core/imu.o
LOAD src/common/core/led_control.o
LOAD src/common/core/mixer.o
LOAD src/common/core/pid.o
LOAD src/common/core/radio.o
LOAD src/common/core/ring_buffer.o
LOAD src/common/core/sensor.o
LOAD src/common/core/telemetry.o
LOAD src/hw/driver/cli.o
LOAD src/hw/driver/i2c.o
LOAD src/hw/driver/led.o
LOAD src/hw/driver/timer.o
LOAD src/hw/driver/uart.o
LOAD src/hw/hw.o
LOAD src/lib/cube_f103/Drivers/STM32F1xx_HAL_Driver/Src/stm32f1xx_hal.o
LOAD src/lib/cube_f103/Drivers/STM32F1xx_HAL_Driver/Src/stm32f1xx_hal_cortex.o
LOAD src/lib/cube_f103/Drivers/STM32F1xx_HAL_Driver/Src/stm32f1xx_hal_dma.o
LOAD src/lib/cube_f103/Drivers/STM32F1xx_HAL_Driver/Src/stm32f1xx_hal_exti.o
LOAD src/lib/cube_f103/Drivers/STM32F1xx_HAL_Driver/Src/stm32f1xx_hal_flash.o
LOAD src/lib/cube_f103/Drivers/STM32F1xx_HAL_Driver/Src/stm32f1xx_hal_flash_ex.o
LOAD src/lib/cube_f103/Drivers/STM32F1xx_HAL_Driver/Src/stm32f1xx_hal_gpio.o
LOAD src/lib/cube_f103/Drivers/STM32F1xx_HAL_Driver/Src/stm32f1xx_hal_gpio_ex.o
LOAD src/lib/cube_f103/Drivers/STM32F1xx_HAL_Driver/Src/stm32f1xx_hal_i2c.o
LOAD src/lib/cube_f103/Drivers/STM32F1xx_HAL_Driver/Src/stm32f1xx_hal_pwr.o
LOAD src/lib/cube_f103/Drivers/STM32F1xx_HAL_Driver/Src/stm32f1xx_hal_rcc.o
LOAD src/lib/cube_f103/Drivers/STM32F1xx_HAL_Driver/Src/stm32f1xx_hal_rcc_ex.o
LOAD src/lib/cube_f103/Drivers/STM32F1xx_HAL_Driver/Src/stm32f1xx_hal_tim.o
LOAD src/lib/cube_f103/Drivers/STM32F1xx_HAL_Driver/Src/stm32f1xx_hal_tim_ex.o
LOAD src/lib/cube_f103/Drivers/STM32F1xx_HAL_Driver/Src/stm32f1xx_hal_uart.o
LOAD src/main.o
START GROUP
LOAD c:/st/stm32cubeide_1.5.0/stm32cubeide/plugins/com.st.stm32cube.ide.mcu.externaltools.gnu-tools-for-stm32.7-2018-q2-update.win32_1.5.0.202011040924/tools/bin/../lib/gcc/arm-none-eabi/7.3.1/../../../../arm-none-eabi/lib/thumb/v7-m\libc_nano.a
LOAD c:/st/stm32cubeide_1.5.0/stm32cubeide/plugins/com.st.stm32cube.ide.mcu.externaltools.gnu-tools-for-stm32.7-2018-q2-update.win32_1.5.0.202011040924/tools/bin/../lib/gcc/arm-none-eabi/7.3.1/../../../../arm-none-eabi/lib/thumb/v7-m\libm.a
END GROUP
START GROUP
LOAD c:/st/stm32cubeide_1.5.0/stm32cubeide/plugins/com.st.stm32cube.ide.mcu.externaltools.gnu-tools-for-stm32.7-2018-q2-update.win32_1.5.0.202011040924/tools/bin/../lib/gcc/arm-none-eabi/7.3.1/thumb/v7-m\libgcc.a
LOAD c:/st/stm32cubeide_1.5.0/stm32cubeide/plugins/com.st.stm32cube.ide.mcu.externaltools.gnu-tools-for-stm32.7-2018-q2-update.win32_1.5.0.202011040924/tools/bin/../lib/gcc/arm-none-eabi/7.3.1/../../../../arm-none-eabi/lib/thumb/v7-m\libc_nano.a
END GROUP
START GROUP
LOAD c:/st/stm32cubeide_1.5.0/stm32cubeide/plugins/com.st.stm32cube.ide.mcu.externaltools.gnu-tools-for-stm32.7-2018-q2-update.win32_1.5.0.202011040924/tools/bin/../lib/gcc/arm-none-eabi/7.3.1/thumb/v7-m\libgcc.a
LOAD c:/st/stm32cubeide_1.5.0/stm32cubeide/plugins/com.st.stm32cube.ide.mcu.externaltools.gnu-tools-for-stm32.7-2018-q2-update.win32_1.5.0.202011040924/tools/bin/../lib/gcc/arm-none-eabi/7.3.1/../../../../arm-none-eabi/lib/thumb/v7-m\libc_nano.a
LOAD c:/st/stm32cubeide_1.5.0/stm32cubeide/plugins/com.st.stm32cube.ide.mcu.externaltools.gnu-tools-for-stm32.7-2018-q2-update.win32_1.5.0.202011040924/tools/bin/../lib/gcc/arm-none-eabi/7.3.1/../../../../arm-none-eabi/lib/thumb/v7-m\libnosys.a
END GROUP
START GROUP
LOAD c:/st/stm32cubeide_1.5.0/stm32cubeide/plugins/com.st.stm32cube.ide.mcu.externaltools.gnu-tools-for-stm32.7-2018-q2-update.win32_1.5.0.202011040924/tools/bin/../lib/gcc/arm-none-eabi/7.3.1/thumb/v7-m\libgcc.a
LOAD c:/st/stm32cubeide_1.5.0/stm32cubeide/plugins/com.st.stm32cube.ide.mcu.externaltools.gnu-tools-for-stm32.7-2018-q2-update.win32_1.5.0.202011040924/tools/bin/../lib/gcc/arm-none-eabi/7.3.1/../../../../arm-none-eabi/lib/thumb/v7-m\libc_nano.a
LOAD c:/st/stm32cubeide_1.5.0/stm32cubeide/plugins/com.st.stm32cube.ide.mcu.externaltools.gnu-tools-for-stm32.7-2018-q2-update.win32_1.5.0.202011040924/tools/bin/../lib/gcc/arm-none-eabi/7.3.1/../../../../arm-none-eabi/lib/thumb/v7-m\libnosys.a
END GROUP
LOAD c:/st/stm32cubeide_1.5.0/stm32cubeide/plugins/com.st.stm32cube.ide.mcu.externaltools.gnu-tools-for-stm32.7-2018-q2-update.win32_1.5.0.202011040924/tools/bin/../lib/gcc/arm-none-eabi/7.3.1/thumb/v7-m/crtend.o
LOAD c:/st/stm32cubeide_1.5.0/stm32cubeide/plugins/com.st.stm32cube.ide.mcu.externaltools.gnu-tools-for-stm32.7-2018-q2-update.win32_1.5.0.202011040924/tools/bin/../lib/gcc/arm-none-eabi/7.3.1/thumb/v7-m/crtn.o
                0x0000000020005000                _estack = (ORIGIN (RAM) + LENGTH (RAM))
                0x0000000000000200                _Min_Heap_Size = 0x200
                0x0000000000000400                _Min_Stack_Size = 0x400

.isr_vector     0x0000000008000000      0x130
                0x0000000008000000                . = ALIGN (0x4)
 *(.isr_vector)
 .isr_vector    0x0000000008000000      0x130 src/bsp/startup/startup_stm32f103cbtx.o
                0x0000000008000000                g_pfnVectors
                0x0000000008000130                . = ALIGN (0x4)

.text           0x0000000008000130    0x19a24
                0x0000000008000130                . = ALIGN (0x4)
 *(.text)
 .text          0x0000000008000130       0x40 c:/st/stm32cubeide_1.5.0/stm32cubeide/plugins/com.st.stm32cube.ide.mcu.externaltools.gnu-tools-for-stm32.7-2018-q2-update.win32_1.5.0.202011040924/tools/bin/../lib/gcc/arm-none-eabi/7.3.1/thumb/v7-m/crtbegin.o
 .text          0x0000000008000170       0x14 c:/st/stm32cubeide_1.5.0/stm32cubeide/plugins/com.st.stm32cube.ide.mcu.externaltools.gnu-tools-for-stm32.7-2018-q2-update.win32_1.5.0.202011040924/tools/bin/../lib/gcc/arm-none-eabi/7.3.1/../../../../arm-none-eabi/lib/thumb/v7-m\libc_nano.a(lib_a-strcmp.o)
                0x0000000008000170                strcmp
 .text          0x0000000008000184       0x10 c:/st/stm32cubeide_1.5.0/stm32cubeide/plugins/com.st.stm32cube.ide.mcu.externaltools.gnu-tools-for-stm32.7-2018-q2-update.win32_1.5.0.202011040924/tools/bin/../lib/gcc/arm-none-eabi/7.3.1/../../../../arm-none-eabi/lib/thumb/v7-m\libc_nano.a(lib_a-strlen.o)
                0x0000000008000184                strlen
 .text          0x0000000008000194      0x378 c:/st/stm32cubeide_1.5.0/stm32cubeide/plugins/com.st.stm32cube.ide.mcu.externaltools.gnu-tools-for-stm32.7-2018-q2-update.win32_1.5.0.202011040924/tools/bin/../lib/gcc/arm-none-eabi/7.3.1/thumb/v7-m\libgcc.a(_arm_addsubdf3.o)
                0x0000000008000194                __aeabi_drsub
                0x000000000800019c                __aeabi_dsub
                0x000000000800019c                __subdf3
                0x00000000080001a0                __aeabi_dadd
                0x00000000080001a0                __adddf3
                0x0000000008000418                __floatunsidf
                0x0000000008000418                __aeabi_ui2d
                0x0000000008000438                __floatsidf
                0x0000000008000438                __aeabi_i2d
                0x000000000800045c                __aeabi_f2d
                0x000000000800045c                __extendsfdf2
                0x00000000080004a0                __floatundidf
                0x00000000080004a0                __aeabi_ul2d
                0x00000000080004b0                __floatdidf
                0x00000000080004b0                __aeabi_l2d
 .text          0x000000000800050c      0x424 c:/st/stm32cubeide_1.5.0/stm32cubeide/plugins/com.st.stm32cube.ide.mcu.externaltools.gnu-tools-for-stm32.7-2018-q2-update.win32_1.5.0.202011040924/tools/bin/../lib/gcc/arm-none-eabi/7.3.1/thumb/v7-m\libgcc.a(_arm_muldivdf3.o)
                0x000000000800050c                __aeabi_dmul
                0x000000000800050c                __muldf3
                0x0000000008000760                __divdf3
                0x0000000008000760                __aeabi_ddiv
 .text          0x0000000008000930      0x110 c:/st/stm32cubeide_1.5.0/stm32cubeide/plugins/com.st.stm32cube.ide.mcu.externaltools.gnu-tools-for-stm32.7-2018-q2-update.win32_1.5.0.202011040924/tools/bin/../lib/gcc/arm-none-eabi/7.3.1/thumb/v7-m\libgcc.a(_arm_cmpdf2.o)
                0x0000000008000930                __gtdf2
                0x0000000008000930                __gedf2
                0x0000000008000938                __ltdf2
                0x0000000008000938                __ledf2
                0x0000000008000940                __nedf2
                0x0000000008000940                __eqdf2
                0x0000000008000940                __cmpdf2
                0x00000000080009bc                __aeabi_cdrcmple
                0x00000000080009cc                __aeabi_cdcmpeq
                0x00000000080009cc                __aeabi_cdcmple
                0x00000000080009dc                __aeabi_dcmpeq
                0x00000000080009f0                __aeabi_dcmplt
                0x0000000008000a04                __aeabi_dcmple
                0x0000000008000a18                __aeabi_dcmpge
                0x0000000008000a2c                __aeabi_dcmpgt
 .text          0x0000000008000a40       0x2c c:/st/stm32cubeide_1.5.0/stm32cubeide/plugins/com.st.stm32cube.ide.mcu.externaltools.gnu-tools-for-stm32.7-2018-q2-update.win32_1.5.0.202011040924/tools/bin/../lib/gcc/arm-none-eabi/7.3.1/thumb/v7-m\libgcc.a(_arm_unorddf2.o)
                0x0000000008000a40                __unorddf2
                0x0000000008000a40                __aeabi_dcmpun
 .text          0x0000000008000a6c       0x50 c:/st/stm32cubeide_1.5.0/stm32cubeide/plugins/com.st.stm32cube.ide.mcu.externaltools.gnu-tools-for-stm32.7-2018-q2-update.win32_1.5.0.202011040924/tools/bin/../lib/gcc/arm-none-eabi/7.3.1/thumb/v7-m\libgcc.a(_arm_fixdfsi.o)
                0x0000000008000a6c                __aeabi_d2iz
                0x0000000008000a6c                __fixdfsi
 .text          0x0000000008000abc       0x40 c:/st/stm32cubeide_1.5.0/stm32cubeide/plugins/com.st.stm32cube.ide.mcu.externaltools.gnu-tools-for-stm32.7-2018-q2-update.win32_1.5.0.202011040924/tools/bin/../lib/gcc/arm-none-eabi/7.3.1/thumb/v7-m\libgcc.a(_arm_fixunsdfsi.o)
                0x0000000008000abc                __aeabi_d2uiz
                0x0000000008000abc                __fixunsdfsi
 .text          0x0000000008000afc       0xa0 c:/st/stm32cubeide_1.5.0/stm32cubeide/plugins/com.st.stm32cube.ide.mcu.externaltools.gnu-tools-for-stm32.7-2018-q2-update.win32_1.5.0.202011040924/tools/bin/../lib/gcc/arm-none-eabi/7.3.1/thumb/v7-m\libgcc.a(_arm_truncdfsf2.o)
                0x0000000008000afc                __truncdfsf2
                0x0000000008000afc                __aeabi_d2f
 .text          0x0000000008000b9c      0x21c c:/st/stm32cubeide_1.5.0/stm32cubeide/plugins/com.st.stm32cube.ide.mcu.externaltools.gnu-tools-for-stm32.7-2018-q2-update.win32_1.5.0.202011040924/tools/bin/../lib/gcc/arm-none-eabi/7.3.1/thumb/v7-m\libgcc.a(_arm_addsubsf3.o)
                0x0000000008000b9c                __aeabi_frsub
                0x0000000008000ba4                __subsf3
                0x0000000008000ba4                __aeabi_fsub
                0x0000000008000ba8                __aeabi_fadd
                0x0000000008000ba8                __addsf3
                0x0000000008000d08                __aeabi_ui2f
                0x0000000008000d08                __floatunsisf
                0x0000000008000d10                __aeabi_i2f
                0x0000000008000d10                __floatsisf
                0x0000000008000d2c                __aeabi_ul2f
                0x0000000008000d2c                __floatundisf
                0x0000000008000d3c                __aeabi_l2f
                0x0000000008000d3c                __floatdisf
 .text          0x0000000008000db8      0x2a0 c:/st/stm32cubeide_1.5.0/stm32cubeide/plugins/com.st.stm32cube.ide.mcu.externaltools.gnu-tools-for-stm32.7-2018-q2-update.win32_1.5.0.202011040924/tools/bin/../lib/gcc/arm-none-eabi/7.3.1/thumb/v7-m\libgcc.a(_arm_muldivsf3.o)
                0x0000000008000db8                __mulsf3
                0x0000000008000db8                __aeabi_fmul
                0x0000000008000f20                __aeabi_fdiv
                0x0000000008000f20                __divsf3
 .text          0x0000000008001058       0xec c:/st/stm32cubeide_1.5.0/stm32cubeide/plugins/com.st.stm32cube.ide.mcu.externaltools.gnu-tools-for-stm32.7-2018-q2-update.win32_1.5.0.202011040924/tools/bin/../lib/gcc/arm-none-eabi/7.3.1/thumb/v7-m\libgcc.a(_arm_cmpsf2.o)
                0x0000000008001058                __gesf2
                0x0000000008001058                __gtsf2
                0x0000000008001060                __lesf2
                0x0000000008001060                __ltsf2
                0x0000000008001068                __nesf2
                0x0000000008001068                __eqsf2
                0x0000000008001068                __cmpsf2
                0x00000000080010c8                __aeabi_cfrcmple
                0x00000000080010d0                __aeabi_cfcmpeq
                0x00000000080010d0                __aeabi_cfcmple
                0x00000000080010e0                __aeabi_fcmpeq
                0x00000000080010f4                __aeabi_fcmplt
                0x0000000008001108                __aeabi_fcmple
                0x000000000800111c                __aeabi_fcmpge
                0x0000000008001130                __aeabi_fcmpgt
 .text          0x0000000008001144       0x2c c:/st/stm32cubeide_1.5.0/stm32cubeide/plugins/com.st.stm32cube.ide.mcu.externaltools.gnu-tools-for-stm32.7-2018-q2-update.win32_1.5.0.202011040924/tools/bin/../lib/gcc/arm-none-eabi/7.3.1/thumb/v7-m\libgcc.a(_arm_unordsf2.o)
                0x0000000008001144                __unordsf2
                0x0000000008001144                __aeabi_fcmpun
 .text          0x0000000008001170       0x4c c:/st/stm32cubeide_1.5.0/stm32cubeide/plugins/com.st.stm32cube.ide.mcu.externaltools.gnu-tools-for-stm32.7-2018-q2-update.win32_1.5.0.202011040924/tools/bin/../lib/gcc/arm-none-eabi/7.3.1/thumb/v7-m\libgcc.a(_arm_fixsfsi.o)
                0x0000000008001170                __aeabi_f2iz
                0x0000000008001170                __fixsfsi
 .text          0x00000000080011bc       0x40 c:/st/stm32cubeide_1.5.0/stm32cubeide/plugins/com.st.stm32cube.ide.mcu.externaltools.gnu-tools-for-stm32.7-2018-q2-update.win32_1.5.0.202011040924/tools/bin/../lib/gcc/arm-none-eabi/7.3.1/thumb/v7-m\libgcc.a(_arm_fixunssfsi.o)
                0x00000000080011bc                __fixunssfsi
                0x00000000080011bc                __aeabi_f2uiz
 *(.text*)
 .text.apInit   0x00000000080011fc       0x58 src/ap/ap.o
                0x00000000080011fc                apInit
 .text.apMain   0x0000000008001254      0x1fc src/ap/ap.o
                0x0000000008001254                apMain
 .text.HAL_SYSTICK_Callback
                0x0000000008001450       0x1c src/bsp/bsp.o
                0x0000000008001450                HAL_SYSTICK_Callback
 .text.bspInit  0x000000000800146c       0x4c src/bsp/bsp.o
                0x000000000800146c                bspInit
 .text.millis   0x00000000080014b8        0xe src/bsp/bsp.o
                0x00000000080014b8                millis
 *fill*         0x00000000080014c6        0x2 
 .text.micros   0x00000000080014c8       0x44 src/bsp/bsp.o
                0x00000000080014c8                micros
 .text.__io_putchar
                0x000000000800150c       0x1e src/bsp/bsp.o
                0x000000000800150c                __io_putchar
 .text.SystemClock_Config
                0x000000000800152a       0x8a src/bsp/bsp.o
                0x000000000800152a                SystemClock_Config
 .text.Error_Handler
                0x00000000080015b4        0xc src/bsp/bsp.o
                0x00000000080015b4                Error_Handler
 .text.HAL_MspInit
                0x00000000080015c0       0x64 src/bsp/stm32f1xx_hal_msp.o
                0x00000000080015c0                HAL_MspInit
 .text.NMI_Handler
                0x0000000008001624        0x6 src/bsp/stm32f1xx_it.o
                0x0000000008001624                NMI_Handler
 .text.HardFault_Handler
                0x000000000800162a        0x6 src/bsp/stm32f1xx_it.o
                0x000000000800162a                HardFault_Handler
 .text.MemManage_Handler
                0x0000000008001630        0x6 src/bsp/stm32f1xx_it.o
                0x0000000008001630                MemManage_Handler
 .text.BusFault_Handler
                0x0000000008001636        0x6 src/bsp/stm32f1xx_it.o
                0x0000000008001636                BusFault_Handler
 .text.UsageFault_Handler
                0x000000000800163c        0x6 src/bsp/stm32f1xx_it.o
                0x000000000800163c                UsageFault_Handler
 .text.SVC_Handler
                0x0000000008001642        0xc src/bsp/stm32f1xx_it.o
                0x0000000008001642                SVC_Handler
 .text.DebugMon_Handler
                0x000000000800164e        0xc src/bsp/stm32f1xx_it.o
                0x000000000800164e                DebugMon_Handler
 .text.PendSV_Handler
                0x000000000800165a        0xc src/bsp/stm32f1xx_it.o
                0x000000000800165a                PendSV_Handler
 .text.SysTick_Handler
                0x0000000008001666       0x10 src/bsp/stm32f1xx_it.o
                0x0000000008001666                SysTick_Handler
 *fill*         0x0000000008001676        0x2 
 .text.DMA1_Channel4_IRQHandler
                0x0000000008001678       0x14 src/bsp/stm32f1xx_it.o
                0x0000000008001678                DMA1_Channel4_IRQHandler
 .text.DMA1_Channel5_IRQHandler
                0x000000000800168c       0x14 src/bsp/stm32f1xx_it.o
                0x000000000800168c                DMA1_Channel5_IRQHandler
 .text.DMA1_Channel6_IRQHandler
                0x00000000080016a0       0x14 src/bsp/stm32f1xx_it.o
                0x00000000080016a0                DMA1_Channel6_IRQHandler
 .text.DMA1_Channel7_IRQHandler
                0x00000000080016b4       0x14 src/bsp/stm32f1xx_it.o
                0x00000000080016b4                DMA1_Channel7_IRQHandler
 .text.TIM2_IRQHandler
                0x00000000080016c8       0x14 src/bsp/stm32f1xx_it.o
                0x00000000080016c8                TIM2_IRQHandler
 .text.TIM3_IRQHandler
                0x00000000080016dc       0x14 src/bsp/stm32f1xx_it.o
                0x00000000080016dc                TIM3_IRQHandler
 .text.TIM4_IRQHandler
                0x00000000080016f0       0x14 src/bsp/stm32f1xx_it.o
                0x00000000080016f0                TIM4_IRQHandler
 .text.USART1_IRQHandler
                0x0000000008001704       0x14 src/bsp/stm32f1xx_it.o
                0x0000000008001704                USART1_IRQHandler
 .text.USART2_IRQHandler
                0x0000000008001718       0x14 src/bsp/stm32f1xx_it.o
                0x0000000008001718                USART2_IRQHandler
 .text._read    0x000000000800172c       0x3a src/bsp/syscalls.o
                0x000000000800172c                _read
 .text._write   0x0000000008001766       0x38 src/bsp/syscalls.o
                0x0000000008001766                _write
 .text._close   0x000000000800179e       0x16 src/bsp/syscalls.o
                0x000000000800179e                _close
 .text._fstat   0x00000000080017b4       0x1e src/bsp/syscalls.o
                0x00000000080017b4                _fstat
 .text._isatty  0x00000000080017d2       0x14 src/bsp/syscalls.o
                0x00000000080017d2                _isatty
 .text._lseek   0x00000000080017e6       0x18 src/bsp/syscalls.o
                0x00000000080017e6                _lseek
 *fill*         0x00000000080017fe        0x2 
 .text._sbrk    0x0000000008001800       0x6c src/bsp/sysmem.o
                0x0000000008001800                _sbrk
 .text.SystemInit
                0x000000000800186c        0xc src/bsp/system_stm32f1xx.o
                0x000000000800186c                SystemInit
 .text.Reset_Handler
                0x0000000008001878       0x50 src/bsp/startup/startup_stm32f103cbtx.o
                0x0000000008001878                Reset_Handler
 .text.Default_Handler
                0x00000000080018c8        0x2 src/bsp/startup/startup_stm32f103cbtx.o
                0x00000000080018c8                EXTI2_IRQHandler
                0x00000000080018c8                TIM8_TRG_COM_IRQHandler
                0x00000000080018c8                TIM8_CC_IRQHandler
                0x00000000080018c8                TIM1_CC_IRQHandler
                0x00000000080018c8                TIM6_IRQHandler
                0x00000000080018c8                PVD_IRQHandler
                0x00000000080018c8                SDIO_IRQHandler
                0x00000000080018c8                EXTI3_IRQHandler
                0x00000000080018c8                USB_HP_CAN_TX_IRQHandler
                0x00000000080018c8                EXTI0_IRQHandler
                0x00000000080018c8                I2C2_EV_IRQHandler
                0x00000000080018c8                ADC1_2_IRQHandler
                0x00000000080018c8                SPI1_IRQHandler
                0x00000000080018c8                CAN_SCE_IRQHandler
                0x00000000080018c8                TAMPER_IRQHandler
                0x00000000080018c8                TIM8_UP_IRQHandler
                0x00000000080018c8                DMA2_Channel2_IRQHandler
                0x00000000080018c8                USART3_IRQHandler
                0x00000000080018c8                RTC_IRQHandler
                0x00000000080018c8                UART5_IRQHandler
                0x00000000080018c8                ADC3_IRQHandler
                0x00000000080018c8                CAN_RX1_IRQHandler
                0x00000000080018c8                DMA2_Channel1_IRQHandler
                0x00000000080018c8                I2C1_EV_IRQHandler
                0x00000000080018c8                UART4_IRQHandler
                0x00000000080018c8                RCC_IRQHandler
                0x00000000080018c8                TIM1_TRG_COM_IRQHandler
                0x00000000080018c8                DMA1_Channel1_IRQHandler
                0x00000000080018c8                Default_Handler
                0x00000000080018c8                EXTI15_10_IRQHandler
                0x00000000080018c8                TIM7_IRQHandler
                0x00000000080018c8                TIM5_IRQHandler
                0x00000000080018c8                EXTI9_5_IRQHandler
                0x00000000080018c8                SPI2_IRQHandler
                0x00000000080018c8                USB_LP_CAN_RX0_IRQHandler
                0x00000000080018c8                EXTI4_IRQHandler
                0x00000000080018c8                DMA1_Channel3_IRQHandler
                0x00000000080018c8                FSMC_IRQHandler
                0x00000000080018c8                TIM1_UP_IRQHandler
                0x00000000080018c8                WWDG_IRQHandler
                0x00000000080018c8                TIM1_BRK_IRQHandler
                0x00000000080018c8                EXTI1_IRQHandler
                0x00000000080018c8                RTCAlarm_IRQHandler
                0x00000000080018c8                DMA2_Channel4_5_IRQHandler
                0x00000000080018c8                I2C2_ER_IRQHandler
                0x00000000080018c8                DMA1_Channel2_IRQHandler
                0x00000000080018c8                TIM8_BRK_IRQHandler
                0x00000000080018c8                FLASH_IRQHandler
                0x00000000080018c8                SPI3_IRQHandler
                0x00000000080018c8                I2C1_ER_IRQHandler
                0x00000000080018c8                DMA2_Channel3_IRQHandler
 *fill*         0x00000000080018ca        0x2 
 .text.EEPROM_Init
                0x00000000080018cc      0x1cc src/common/core/eeprom.o
                0x00000000080018cc                EEPROM_Init
 .text.writeFloat
                0x0000000008001a98       0x1e src/common/core/eeprom.o
                0x0000000008001a98                writeFloat
 *fill*         0x0000000008001ab6        0x2 
 .text.readFloat
                0x0000000008001ab8       0x24 src/common/core/eeprom.o
                0x0000000008001ab8                readFloat
 .text.write_1  0x0000000008001adc       0x6a src/common/core/eeprom.o
                0x0000000008001adc                write_1
 .text.write_2  0x0000000008001b46       0x38 src/common/core/eeprom.o
                0x0000000008001b46                write_2
 .text.read_1   0x0000000008001b7e       0x56 src/common/core/eeprom.o
                0x0000000008001b7e                read_1
 .text.read_2   0x0000000008001bd4       0x68 src/common/core/eeprom.o
                0x0000000008001bd4                read_2
 .text.quickMedianFilter3
                0x0000000008001c3c       0x7a src/common/core/filter.o
                0x0000000008001c3c                quickMedianFilter3
 .text.get_P    0x0000000008001cb6       0x30 src/common/core/gps.o
                0x0000000008001cb6                get_P
 .text.get_I    0x0000000008001ce6       0x9c src/common/core/gps.o
                0x0000000008001ce6                get_I
 *fill*         0x0000000008001d82        0x2 
 .text.get_D    0x0000000008001d84       0xb8 src/common/core/gps.o
                0x0000000008001d84                get_D
 .text.reset_PID
                0x0000000008001e3c       0x28 src/common/core/gps.o
                0x0000000008001e3c                reset_PID
 .text.gps_Init
                0x0000000008001e64       0x94 src/common/core/gps.o
                0x0000000008001e64                gps_Init
 .text.constrain_int16
                0x0000000008001ef8       0x3e src/common/core/gps.o
                0x0000000008001ef8                constrain_int16
 *fill*         0x0000000008001f36        0x2 
 .text.GPS_mode_check
                0x0000000008001f38      0x124 src/common/core/gps.o
                0x0000000008001f38                GPS_mode_check
 .text.GPS_Compute
                0x000000000800205c      0x1ac src/common/core/gps.o
                0x000000000800205c                GPS_Compute
 .text.GPS_bearing
                0x0000000008002208       0xc4 src/common/core/gps.o
                0x0000000008002208                GPS_bearing
 *fill*         0x00000000080022cc        0x4 
 .text.GPS_distance_cm
                0x00000000080022d0       0xac src/common/core/gps.o
 .text.GPS_calc_velocity
                0x000000000800237c       0xb8 src/common/core/gps.o
 .text.GPS_calc_location_error
                0x0000000008002434       0x58 src/common/core/gps.o
 .text.GPS_calc_poshold
                0x000000000800248c      0x160 src/common/core/gps.o
 .text.GPS_calc_longitude_scaling
                0x00000000080025ec       0x5c src/common/core/gps.o
                0x00000000080025ec                GPS_calc_longitude_scaling
 .text.GPS_set_next_wp
                0x0000000008002648       0x9c src/common/core/gps.o
                0x0000000008002648                GPS_set_next_wp
 .text.GPS_reset_home_position
                0x00000000080026e4       0x60 src/common/core/gps.o
                0x00000000080026e4                GPS_reset_home_position
 .text.GPS_reset_nav
                0x0000000008002744       0x90 src/common/core/gps.o
                0x0000000008002744                GPS_reset_nav
 .text.GPS_newFrame
                0x00000000080027d4      0x3e8 src/common/core/gps.o
                0x00000000080027d4                GPS_newFrame
 .text.GPS_coord_to_degrees
                0x0000000008002bbc      0x128 src/common/core/gps.o
                0x0000000008002bbc                GPS_coord_to_degrees
 .text.grab_fields
                0x0000000008002ce4       0x98 src/common/core/gps.o
                0x0000000008002ce4                grab_fields
 .text.hex_c    0x0000000008002d7c       0x30 src/common/core/gps.o
                0x0000000008002d7c                hex_c
 .text.GPS_set_pids
                0x0000000008002dac       0x78 src/common/core/gps.o
                0x0000000008002dac                GPS_set_pids
 .text.cliGps   0x0000000008002e24      0x120 src/common/core/gps.o
 .text.invSqrt  0x0000000008002f44       0xb0 src/common/core/imu.o
                0x0000000008002f44                invSqrt
 *fill*         0x0000000008002ff4        0x4 
 .text.calculateAngles
                0x0000000008002ff8      0x42c src/common/core/imu.o
                0x0000000008002ff8                calculateAngles
 .text.TM_AHRSIMU_Init
                0x0000000008003424       0x68 src/common/core/imu.o
                0x0000000008003424                TM_AHRSIMU_Init
 .text.TM_AHRSIMU_UpdateIMU
                0x000000000800348c      0x768 src/common/core/imu.o
                0x000000000800348c                TM_AHRSIMU_UpdateIMU
 .text.computeIMU
                0x0000000008003bf4       0x4c src/common/core/imu.o
                0x0000000008003bf4                computeIMU
 .text.cliImu   0x0000000008003c40       0xf4 src/common/core/imu.o
 .text.error_signal
                0x0000000008003d34       0x98 src/common/core/led_control.o
                0x0000000008003d34                error_signal
 .text.flight_mode_signal
                0x0000000008003dcc      0x11c src/common/core/led_control.o
                0x0000000008003dcc                flight_mode_signal
 .text.mixerInit
                0x0000000008003ee8       0x44 src/common/core/mixer.o
                0x0000000008003ee8                mixerInit
 .text.mixTable
                0x0000000008003f2c      0x230 src/common/core/mixer.o
                0x0000000008003f2c                mixTable
 .text.PIDControlInit
                0x000000000800415c      0x294 src/common/core/pid.o
                0x000000000800415c                PIDControlInit
 .text.Control  0x00000000080043f0      0x2d4 src/common/core/pid.o
                0x00000000080043f0                Control
 .text.AcroPID  0x00000000080046c4      0x45c src/common/core/pid.o
 .text.AnglePID
                0x0000000008004b20      0x65c src/common/core/pid.o
 .text.GpsPID   0x000000000800517c      0x66c src/common/core/pid.o
 .text.constrain
                0x00000000080057e8       0x30 src/common/core/pid.o
                0x00000000080057e8                constrain
 .text.HAL_TIM_IC_CaptureCallback
                0x0000000008005818      0x2ac src/common/core/radio.o
                0x0000000008005818                HAL_TIM_IC_CaptureCallback
 .text.mwArm    0x0000000008005ac4       0x30 src/common/core/radio.o
                0x0000000008005ac4                mwArm
 .text.mwDisarm
                0x0000000008005af4       0x20 src/common/core/radio.o
                0x0000000008005af4                mwDisarm
 .text.computeRC
                0x0000000008005b14      0x540 src/common/core/radio.o
                0x0000000008005b14                computeRC
 .text.QueueCreate
                0x0000000008006054       0x40 src/common/core/ring_buffer.o
                0x0000000008006054                QueueCreate
 .text.Q_empty  0x0000000008006094       0x28 src/common/core/ring_buffer.o
                0x0000000008006094                Q_empty
 .text.Q_read   0x00000000080060bc       0x7c src/common/core/ring_buffer.o
                0x00000000080060bc                Q_read
 .text.QueueAvailable
                0x0000000008006138       0x36 src/common/core/ring_buffer.o
                0x0000000008006138                QueueAvailable
 *fill*         0x000000000800616e        0x2 
 .text.getMres  0x0000000008006170       0x3c src/common/core/sensor.o
                0x0000000008006170                getMres
 .text.getGres  0x00000000080061ac       0x64 src/common/core/sensor.o
                0x00000000080061ac                getGres
 .text.getAres  0x0000000008006210       0x5c src/common/core/sensor.o
                0x0000000008006210                getAres
 .text.MPU9250_Init
                0x000000000800626c      0x200 src/common/core/sensor.o
                0x000000000800626c                MPU9250_Init
 .text.Calibrate_gyro
                0x000000000800646c       0xe8 src/common/core/sensor.o
                0x000000000800646c                Calibrate_gyro
 .text.Gyro_getADC
                0x0000000008006554       0x80 src/common/core/sensor.o
                0x0000000008006554                Gyro_getADC
 .text.GYRO_Common
                0x00000000080065d4       0xec src/common/core/sensor.o
                0x00000000080065d4                GYRO_Common
 .text.ACC_getADC
                0x00000000080066c0       0x8c src/common/core/sensor.o
                0x00000000080066c0                ACC_getADC
 .text.ACC_Common
                0x000000000800674c      0x17c src/common/core/sensor.o
                0x000000000800674c                ACC_Common
 .text.Mag_getADC
                0x00000000080068c8       0xb0 src/common/core/sensor.o
                0x00000000080068c8                Mag_getADC
 .text.MAG_Common
                0x0000000008006978      0x37c src/common/core/sensor.o
                0x0000000008006978                MAG_Common
 *fill*         0x0000000008006cf4        0x4 
 .text.CAL_Heading
                0x0000000008006cf8      0x168 src/common/core/sensor.o
                0x0000000008006cf8                CAL_Heading
 .text.Temp_getADC
                0x0000000008006e60       0x6c src/common/core/sensor.o
                0x0000000008006e60                Temp_getADC
 .text.calibrateMPU9250
                0x0000000008006ecc      0x5a8 src/common/core/sensor.o
                0x0000000008006ecc                calibrateMPU9250
 .text.initAK8963
                0x0000000008007474      0x120 src/common/core/sensor.o
                0x0000000008007474                initAK8963
 *fill*         0x0000000008007594        0x4 
 .text.MPU9250SelfTest
                0x0000000008007598      0x7e0 src/common/core/sensor.o
                0x0000000008007598                MPU9250SelfTest
 .text.MS5611_Init
                0x0000000008007d78       0xc4 src/common/core/sensor.o
                0x0000000008007d78                MS5611_Init
 .text.applyBarometerMedianFilter
                0x0000000008007e3c       0x5c src/common/core/sensor.o
 .text.Baro_Common
                0x0000000008007e98       0x78 src/common/core/sensor.o
                0x0000000008007e98                Baro_Common
 .text.Baro_update
                0x0000000008007f10       0xc0 src/common/core/sensor.o
                0x0000000008007f10                Baro_update
 .text.getEstimatedAltitude
                0x0000000008007fd0      0x208 src/common/core/sensor.o
                0x0000000008007fd0                getEstimatedAltitude
 .text.isBaroCalibrationComplete
                0x00000000080081d8       0x20 src/common/core/sensor.o
                0x00000000080081d8                isBaroCalibrationComplete
 .text.MS561101BA_Calculate
                0x00000000080081f8      0x408 src/common/core/sensor.o
                0x00000000080081f8                MS561101BA_Calculate
 .text.readRegister16
                0x0000000008008600       0x4c src/common/core/sensor.o
                0x0000000008008600                readRegister16
 .text.readRegister24
                0x000000000800864c       0x50 src/common/core/sensor.o
                0x000000000800864c                readRegister24
 .text.cliBaro  0x000000000800869c       0xdc src/common/core/sensor.o
 .text.serialize8
                0x0000000008008778       0x3c src/common/core/telemetry.o
 .text.read8    0x00000000080087b4       0x28 src/common/core/telemetry.o
 .text.read16   0x00000000080087dc       0x28 src/common/core/telemetry.o
 .text.headSerialResponse
                0x0000000008008804       0x58 src/common/core/telemetry.o
 .text.headSerialReply
                0x000000000800885c       0x1c src/common/core/telemetry.o
 .text.tailSerialReply
                0x0000000008008878       0x2c src/common/core/telemetry.o
 .text.s_struct_partial
                0x00000000080088a4       0x2e src/common/core/telemetry.o
 .text.s_struct
                0x00000000080088d2       0x2a src/common/core/telemetry.o
 .text.SerialCom
                0x00000000080088fc      0x278 src/common/core/telemetry.o
                0x00000000080088fc                SerialCom
 .text.evaluateCommand
                0x0000000008008b74     0x151c src/common/core/telemetry.o
                0x0000000008008b74                evaluateCommand
 .text.SerialSerialize
                0x000000000800a090       0x54 src/common/core/telemetry.o
                0x000000000800a090                SerialSerialize
 .text.UartSendData
                0x000000000800a0e4      0x108 src/common/core/telemetry.o
                0x000000000800a0e4                UartSendData
 .text.cliInit  0x000000000800a1ec       0x98 src/hw/driver/cli.o
                0x000000000800a1ec                cliInit
 .text.cliOpen  0x000000000800a284       0x3c src/hw/driver/cli.o
                0x000000000800a284                cliOpen
 .text.cliShowLog
                0x000000000800a2c0      0x104 src/hw/driver/cli.o
                0x000000000800a2c0                cliShowLog
 .text.cliShowPrompt
                0x000000000800a3c4       0x30 src/hw/driver/cli.o
 .text.cliMain  0x000000000800a3f4       0x44 src/hw/driver/cli.o
                0x000000000800a3f4                cliMain
 .text.cliUpdate
                0x000000000800a438      0x4c8 src/hw/driver/cli.o
 .text.cliLineClean
                0x000000000800a900       0x32 src/hw/driver/cli.o
 .text.cliLineAdd
                0x000000000800a932       0xa8 src/hw/driver/cli.o
 *fill*         0x000000000800a9da        0x2 
 .text.cliLineChange
                0x000000000800a9dc      0x134 src/hw/driver/cli.o
 .text.cliRunCmd
                0x000000000800ab10       0xb4 src/hw/driver/cli.o
 .text.cliParseArgs
                0x000000000800abc4       0x90 src/hw/driver/cli.o
 .text.cliPrintf
                0x000000000800ac54       0x48 src/hw/driver/cli.o
                0x000000000800ac54                cliPrintf
 .text.cliToUpper
                0x000000000800ac9c       0x66 src/hw/driver/cli.o
 *fill*         0x000000000800ad02        0x2 
 .text.cliArgsGetData
                0x000000000800ad04       0x50 src/hw/driver/cli.o
 .text.cliArgsGetFloat
                0x000000000800ad54       0x50 src/hw/driver/cli.o
 .text.cliArgsGetStr
                0x000000000800ada4       0x44 src/hw/driver/cli.o
 .text.cliArgsIsStr
                0x000000000800ade8       0x54 src/hw/driver/cli.o
 .text.cliKeepLoop
                0x000000000800ae3c       0x2c src/hw/driver/cli.o
                0x000000000800ae3c                cliKeepLoop
 .text.cliAdd   0x000000000800ae68       0x94 src/hw/driver/cli.o
                0x000000000800ae68                cliAdd
 .text.cliShowList
                0x000000000800aefc       0x70 src/hw/driver/cli.o
                0x000000000800aefc                cliShowList
 .text.cliMemoryDump
                0x000000000800af6c      0x144 src/hw/driver/cli.o
                0x000000000800af6c                cliMemoryDump
 .text.i2cInit  0x000000000800b0b0       0x78 src/hw/driver/i2c.o
                0x000000000800b0b0                i2cInit
 .text.I2C_ByteWrite
                0x000000000800b128      0x110 src/hw/driver/i2c.o
                0x000000000800b128                I2C_ByteWrite
 .text.I2C_ByteRead
                0x000000000800b238       0x7c src/hw/driver/i2c.o
                0x000000000800b238                I2C_ByteRead
 .text.I2C_ByteWrite_HAL
                0x000000000800b2b4       0x7c src/hw/driver/i2c.o
                0x000000000800b2b4                I2C_ByteWrite_HAL
 .text.I2C_Write
                0x000000000800b330       0x80 src/hw/driver/i2c.o
                0x000000000800b330                I2C_Write
 .text.I2C_Read
                0x000000000800b3b0       0x7c src/hw/driver/i2c.o
                0x000000000800b3b0                I2C_Read
 .text.i2cIsDeviceReady
                0x000000000800b42c       0x38 src/hw/driver/i2c.o
                0x000000000800b42c                i2cIsDeviceReady
 .text.HAL_I2C_MspInit
                0x000000000800b464       0x80 src/hw/driver/i2c.o
                0x000000000800b464                HAL_I2C_MspInit
 .text.cliI2C   0x000000000800b4e4      0x1f4 src/hw/driver/i2c.o
 .text.ledInit  0x000000000800b6d8       0x9c src/hw/driver/led.o
                0x000000000800b6d8                ledInit
 .text.ledOn    0x000000000800b774       0x40 src/hw/driver/led.o
                0x000000000800b774                ledOn
 .text.ledOff   0x000000000800b7b4       0x40 src/hw/driver/led.o
                0x000000000800b7b4                ledOff
 .text.ledToggle
                0x000000000800b7f4       0x38 src/hw/driver/led.o
                0x000000000800b7f4                ledToggle
 .text.cliLed   0x000000000800b82c       0xa0 src/hw/driver/led.o
 .text.timerInit
                0x000000000800b8cc      0x31c src/hw/driver/timer.o
                0x000000000800b8cc                timerInit
 .text.HAL_TIM_IC_MspInit
                0x000000000800bbe8      0x124 src/hw/driver/timer.o
                0x000000000800bbe8                HAL_TIM_IC_MspInit
 .text.HAL_TIM_Base_MspInit
                0x000000000800bd0c       0x4c src/hw/driver/timer.o
                0x000000000800bd0c                HAL_TIM_Base_MspInit
 .text.HAL_TIM_MspPostInit
                0x000000000800bd58       0x68 src/hw/driver/timer.o
 .text.uartInit
                0x000000000800bdc0       0x34 src/hw/driver/uart.o
                0x000000000800bdc0                uartInit
 .text.uartOpen
                0x000000000800bdf4      0x200 src/hw/driver/uart.o
                0x000000000800bdf4                uartOpen
 .text.uartAvailable
                0x000000000800bff4       0xc8 src/hw/driver/uart.o
                0x000000000800bff4                uartAvailable
 .text.uartRead
                0x000000000800c0bc       0x4c src/hw/driver/uart.o
                0x000000000800c0bc                uartRead
 .text.uartWrite
                0x000000000800c108       0x74 src/hw/driver/uart.o
                0x000000000800c108                uartWrite
 .text.uartWriteIT
                0x000000000800c17c       0x74 src/hw/driver/uart.o
                0x000000000800c17c                uartWriteIT
 .text.uartPrintf
                0x000000000800c1f0       0x5a src/hw/driver/uart.o
                0x000000000800c1f0                uartPrintf
 *fill*         0x000000000800c24a        0x2 
 .text.uartGetBaud
                0x000000000800c24c       0x40 src/hw/driver/uart.o
                0x000000000800c24c                uartGetBaud
 .text.uartSetBaud
                0x000000000800c28c       0x6c src/hw/driver/uart.o
                0x000000000800c28c                uartSetBaud
 .text.HAL_UART_ErrorCallback
                0x000000000800c2f8       0x58 src/hw/driver/uart.o
                0x000000000800c2f8                HAL_UART_ErrorCallback
 .text.HAL_UART_RxCpltCallback
                0x000000000800c350       0x12 src/hw/driver/uart.o
                0x000000000800c350                HAL_UART_RxCpltCallback
 *fill*         0x000000000800c362        0x2 
 .text.HAL_UART_MspInit
                0x000000000800c364      0x27c src/hw/driver/uart.o
                0x000000000800c364                HAL_UART_MspInit
 .text.MX_DMA_Init
                0x000000000800c5e0       0x6c src/hw/driver/uart.o
 .text.hwInit   0x000000000800c64c       0x68 src/hw/hw.o
                0x000000000800c64c                hwInit
 .text.HAL_Init
                0x000000000800c6b4       0x2c src/lib/cube_f103/Drivers/STM32F1xx_HAL_Driver/Src/stm32f1xx_hal.o
                0x000000000800c6b4                HAL_Init
 .text.HAL_InitTick
                0x000000000800c6e0       0x60 src/lib/cube_f103/Drivers/STM32F1xx_HAL_Driver/Src/stm32f1xx_hal.o
                0x000000000800c6e0                HAL_InitTick
 .text.HAL_IncTick
                0x000000000800c740       0x24 src/lib/cube_f103/Drivers/STM32F1xx_HAL_Driver/Src/stm32f1xx_hal.o
                0x000000000800c740                HAL_IncTick
 .text.HAL_GetTick
                0x000000000800c764       0x14 src/lib/cube_f103/Drivers/STM32F1xx_HAL_Driver/Src/stm32f1xx_hal.o
                0x000000000800c764                HAL_GetTick
 .text.HAL_Delay
                0x000000000800c778       0x44 src/lib/cube_f103/Drivers/STM32F1xx_HAL_Driver/Src/stm32f1xx_hal.o
                0x000000000800c778                HAL_Delay
 .text.__NVIC_SetPriorityGrouping
                0x000000000800c7bc       0x48 src/lib/cube_f103/Drivers/STM32F1xx_HAL_Driver/Src/stm32f1xx_hal_cortex.o
 .text.__NVIC_GetPriorityGrouping
                0x000000000800c804       0x1c src/lib/cube_f103/Drivers/STM32F1xx_HAL_Driver/Src/stm32f1xx_hal_cortex.o
 .text.__NVIC_EnableIRQ
                0x000000000800c820       0x38 src/lib/cube_f103/Drivers/STM32F1xx_HAL_Driver/Src/stm32f1xx_hal_cortex.o
 .text.__NVIC_SetPriority
                0x000000000800c858       0x54 src/lib/cube_f103/Drivers/STM32F1xx_HAL_Driver/Src/stm32f1xx_hal_cortex.o
 .text.NVIC_EncodePriority
                0x000000000800c8ac       0x64 src/lib/cube_f103/Drivers/STM32F1xx_HAL_Driver/Src/stm32f1xx_hal_cortex.o
 .text.SysTick_Config
                0x000000000800c910       0x44 src/lib/cube_f103/Drivers/STM32F1xx_HAL_Driver/Src/stm32f1xx_hal_cortex.o
 .text.HAL_NVIC_SetPriorityGrouping
                0x000000000800c954       0x16 src/lib/cube_f103/Drivers/STM32F1xx_HAL_Driver/Src/stm32f1xx_hal_cortex.o
                0x000000000800c954                HAL_NVIC_SetPriorityGrouping
 .text.HAL_NVIC_SetPriority
                0x000000000800c96a       0x38 src/lib/cube_f103/Drivers/STM32F1xx_HAL_Driver/Src/stm32f1xx_hal_cortex.o
                0x000000000800c96a                HAL_NVIC_SetPriority
 .text.HAL_NVIC_EnableIRQ
                0x000000000800c9a2       0x1c src/lib/cube_f103/Drivers/STM32F1xx_HAL_Driver/Src/stm32f1xx_hal_cortex.o
                0x000000000800c9a2                HAL_NVIC_EnableIRQ
 .text.HAL_SYSTICK_Config
                0x000000000800c9be       0x18 src/lib/cube_f103/Drivers/STM32F1xx_HAL_Driver/Src/stm32f1xx_hal_cortex.o
                0x000000000800c9be                HAL_SYSTICK_Config
 .text.HAL_SYSTICK_IRQHandler
                0x000000000800c9d6        0xc src/lib/cube_f103/Drivers/STM32F1xx_HAL_Driver/Src/stm32f1xx_hal_cortex.o
                0x000000000800c9d6                HAL_SYSTICK_IRQHandler
 *fill*         0x000000000800c9e2        0x2 
 .text.HAL_DMA_Init
                0x000000000800c9e4       0xb4 src/lib/cube_f103/Drivers/STM32F1xx_HAL_Driver/Src/stm32f1xx_hal_dma.o
                0x000000000800c9e4                HAL_DMA_Init
 .text.HAL_DMA_Start_IT
                0x000000000800ca98       0xbe src/lib/cube_f103/Drivers/STM32F1xx_HAL_Driver/Src/stm32f1xx_hal_dma.o
                0x000000000800ca98                HAL_DMA_Start_IT
 *fill*         0x000000000800cb56        0x2 
 .text.HAL_DMA_Abort_IT
                0x000000000800cb58       0xec src/lib/cube_f103/Drivers/STM32F1xx_HAL_Driver/Src/stm32f1xx_hal_dma.o
                0x000000000800cb58                HAL_DMA_Abort_IT
 .text.HAL_DMA_IRQHandler
                0x000000000800cc44      0x20c src/lib/cube_f103/Drivers/STM32F1xx_HAL_Driver/Src/stm32f1xx_hal_dma.o
                0x000000000800cc44                HAL_DMA_IRQHandler
 .text.DMA_SetConfig
                0x000000000800ce50       0x5a src/lib/cube_f103/Drivers/STM32F1xx_HAL_Driver/Src/stm32f1xx_hal_dma.o
 *fill*         0x000000000800ceaa        0x2 
 .text.HAL_GPIO_Init
                0x000000000800ceac      0x2b4 src/lib/cube_f103/Drivers/STM32F1xx_HAL_Driver/Src/stm32f1xx_hal_gpio.o
                0x000000000800ceac                HAL_GPIO_Init
 .text.HAL_GPIO_WritePin
                0x000000000800d160       0x30 src/lib/cube_f103/Drivers/STM32F1xx_HAL_Driver/Src/stm32f1xx_hal_gpio.o
                0x000000000800d160                HAL_GPIO_WritePin
 .text.HAL_GPIO_TogglePin
                0x000000000800d190       0x32 src/lib/cube_f103/Drivers/STM32F1xx_HAL_Driver/Src/stm32f1xx_hal_gpio.o
                0x000000000800d190                HAL_GPIO_TogglePin
 *fill*         0x000000000800d1c2        0x2 
 .text.HAL_I2C_Init
                0x000000000800d1c4      0x270 src/lib/cube_f103/Drivers/STM32F1xx_HAL_Driver/Src/stm32f1xx_hal_i2c.o
                0x000000000800d1c4                HAL_I2C_Init
 .text.HAL_I2C_Master_Transmit
                0x000000000800d434      0x1fc src/lib/cube_f103/Drivers/STM32F1xx_HAL_Driver/Src/stm32f1xx_hal_i2c.o
                0x000000000800d434                HAL_I2C_Master_Transmit
 .text.HAL_I2C_Master_Receive
                0x000000000800d630      0x4b4 src/lib/cube_f103/Drivers/STM32F1xx_HAL_Driver/Src/stm32f1xx_hal_i2c.o
                0x000000000800d630                HAL_I2C_Master_Receive
 .text.HAL_I2C_Mem_Write
                0x000000000800dae4      0x1f4 src/lib/cube_f103/Drivers/STM32F1xx_HAL_Driver/Src/stm32f1xx_hal_i2c.o
                0x000000000800dae4                HAL_I2C_Mem_Write
 .text.HAL_I2C_Mem_Read
                0x000000000800dcd8      0x4c4 src/lib/cube_f103/Drivers/STM32F1xx_HAL_Driver/Src/stm32f1xx_hal_i2c.o
                0x000000000800dcd8                HAL_I2C_Mem_Read
 .text.HAL_I2C_IsDeviceReady
                0x000000000800e19c      0x25c src/lib/cube_f103/Drivers/STM32F1xx_HAL_Driver/Src/stm32f1xx_hal_i2c.o
                0x000000000800e19c                HAL_I2C_IsDeviceReady
 .text.HAL_I2C_GetState
                0x000000000800e3f8       0x1a src/lib/cube_f103/Drivers/STM32F1xx_HAL_Driver/Src/stm32f1xx_hal_i2c.o
                0x000000000800e3f8                HAL_I2C_GetState
 *fill*         0x000000000800e412        0x2 
 .text.I2C_MasterRequestWrite
                0x000000000800e414      0x104 src/lib/cube_f103/Drivers/STM32F1xx_HAL_Driver/Src/stm32f1xx_hal_i2c.o
 .text.I2C_MasterRequestRead
                0x000000000800e518      0x19c src/lib/cube_f103/Drivers/STM32F1xx_HAL_Driver/Src/stm32f1xx_hal_i2c.o
 .text.I2C_RequestMemoryWrite
                0x000000000800e6b4      0x12c src/lib/cube_f103/Drivers/STM32F1xx_HAL_Driver/Src/stm32f1xx_hal_i2c.o
 .text.I2C_RequestMemoryRead
                0x000000000800e7e0      0x1d0 src/lib/cube_f103/Drivers/STM32F1xx_HAL_Driver/Src/stm32f1xx_hal_i2c.o
 .text.I2C_WaitOnFlagUntilTimeout
                0x000000000800e9b0       0xae src/lib/cube_f103/Drivers/STM32F1xx_HAL_Driver/Src/stm32f1xx_hal_i2c.o
 .text.I2C_WaitOnMasterAddressFlagUntilTimeout
                0x000000000800ea5e       0xfe src/lib/cube_f103/Drivers/STM32F1xx_HAL_Driver/Src/stm32f1xx_hal_i2c.o
 .text.I2C_WaitOnTXEFlagUntilTimeout
                0x000000000800eb5c       0x82 src/lib/cube_f103/Drivers/STM32F1xx_HAL_Driver/Src/stm32f1xx_hal_i2c.o
 .text.I2C_WaitOnBTFFlagUntilTimeout
                0x000000000800ebde       0x82 src/lib/cube_f103/Drivers/STM32F1xx_HAL_Driver/Src/stm32f1xx_hal_i2c.o
 .text.I2C_WaitOnRXNEFlagUntilTimeout
                0x000000000800ec60       0xac src/lib/cube_f103/Drivers/STM32F1xx_HAL_Driver/Src/stm32f1xx_hal_i2c.o
 .text.I2C_IsAcknowledgeFailed
                0x000000000800ed0c       0x5c src/lib/cube_f103/Drivers/STM32F1xx_HAL_Driver/Src/stm32f1xx_hal_i2c.o
 .text.HAL_RCC_OscConfig
                0x000000000800ed68      0x500 src/lib/cube_f103/Drivers/STM32F1xx_HAL_Driver/Src/stm32f1xx_hal_rcc.o
                0x000000000800ed68                HAL_RCC_OscConfig
 .text.HAL_RCC_ClockConfig
                0x000000000800f268      0x1d4 src/lib/cube_f103/Drivers/STM32F1xx_HAL_Driver/Src/stm32f1xx_hal_rcc.o
                0x000000000800f268                HAL_RCC_ClockConfig
 .text.HAL_RCC_GetSysClockFreq
                0x000000000800f43c       0xc4 src/lib/cube_f103/Drivers/STM32F1xx_HAL_Driver/Src/stm32f1xx_hal_rcc.o
                0x000000000800f43c                HAL_RCC_GetSysClockFreq
 .text.HAL_RCC_GetHCLKFreq
                0x000000000800f500       0x14 src/lib/cube_f103/Drivers/STM32F1xx_HAL_Driver/Src/stm32f1xx_hal_rcc.o
                0x000000000800f500                HAL_RCC_GetHCLKFreq
 .text.HAL_RCC_GetPCLK1Freq
                0x000000000800f514       0x28 src/lib/cube_f103/Drivers/STM32F1xx_HAL_Driver/Src/stm32f1xx_hal_rcc.o
                0x000000000800f514                HAL_RCC_GetPCLK1Freq
 .text.HAL_RCC_GetPCLK2Freq
                0x000000000800f53c       0x28 src/lib/cube_f103/Drivers/STM32F1xx_HAL_Driver/Src/stm32f1xx_hal_rcc.o
                0x000000000800f53c                HAL_RCC_GetPCLK2Freq
 .text.RCC_Delay
                0x000000000800f564       0x3c src/lib/cube_f103/Drivers/STM32F1xx_HAL_Driver/Src/stm32f1xx_hal_rcc.o
 .text.HAL_TIM_Base_Init
                0x000000000800f5a0       0x9e src/lib/cube_f103/Drivers/STM32F1xx_HAL_Driver/Src/stm32f1xx_hal_tim.o
                0x000000000800f5a0                HAL_TIM_Base_Init
 .text.HAL_TIM_PWM_Init
                0x000000000800f63e       0x9e src/lib/cube_f103/Drivers/STM32F1xx_HAL_Driver/Src/stm32f1xx_hal_tim.o
                0x000000000800f63e                HAL_TIM_PWM_Init
 .text.HAL_TIM_PWM_MspInit
                0x000000000800f6dc       0x12 src/lib/cube_f103/Drivers/STM32F1xx_HAL_Driver/Src/stm32f1xx_hal_tim.o
                0x000000000800f6dc                HAL_TIM_PWM_MspInit
 *fill*         0x000000000800f6ee        0x2 
 .text.HAL_TIM_PWM_Start
                0x000000000800f6f0      0x144 src/lib/cube_f103/Drivers/STM32F1xx_HAL_Driver/Src/stm32f1xx_hal_tim.o
                0x000000000800f6f0                HAL_TIM_PWM_Start
 .text.HAL_TIM_IC_Init
                0x000000000800f834       0x9e src/lib/cube_f103/Drivers/STM32F1xx_HAL_Driver/Src/stm32f1xx_hal_tim.o
                0x000000000800f834                HAL_TIM_IC_Init
 *fill*         0x000000000800f8d2        0x2 
 .text.HAL_TIM_IC_Start_IT
                0x000000000800f8d4      0x20c src/lib/cube_f103/Drivers/STM32F1xx_HAL_Driver/Src/stm32f1xx_hal_tim.o
                0x000000000800f8d4                HAL_TIM_IC_Start_IT
 .text.HAL_TIM_IRQHandler
                0x000000000800fae0      0x210 src/lib/cube_f103/Drivers/STM32F1xx_HAL_Driver/Src/stm32f1xx_hal_tim.o
                0x000000000800fae0                HAL_TIM_IRQHandler
 .text.HAL_TIM_IC_ConfigChannel
                0x000000000800fcf0      0x128 src/lib/cube_f103/Drivers/STM32F1xx_HAL_Driver/Src/stm32f1xx_hal_tim.o
                0x000000000800fcf0                HAL_TIM_IC_ConfigChannel
 .text.HAL_TIM_PWM_ConfigChannel
                0x000000000800fe18      0x17c src/lib/cube_f103/Drivers/STM32F1xx_HAL_Driver/Src/stm32f1xx_hal_tim.o
                0x000000000800fe18                HAL_TIM_PWM_ConfigChannel
 .text.HAL_TIM_ConfigClockSource
                0x000000000800ff94      0x16e src/lib/cube_f103/Drivers/STM32F1xx_HAL_Driver/Src/stm32f1xx_hal_tim.o
                0x000000000800ff94                HAL_TIM_ConfigClockSource
 .text.HAL_TIM_PeriodElapsedCallback
                0x0000000008010102       0x12 src/lib/cube_f103/Drivers/STM32F1xx_HAL_Driver/Src/stm32f1xx_hal_tim.o
                0x0000000008010102                HAL_TIM_PeriodElapsedCallback
 .text.HAL_TIM_OC_DelayElapsedCallback
                0x0000000008010114       0x12 src/lib/cube_f103/Drivers/STM32F1xx_HAL_Driver/Src/stm32f1xx_hal_tim.o
                0x0000000008010114                HAL_TIM_OC_DelayElapsedCallback
 .text.HAL_TIM_PWM_PulseFinishedCallback
                0x0000000008010126       0x12 src/lib/cube_f103/Drivers/STM32F1xx_HAL_Driver/Src/stm32f1xx_hal_tim.o
                0x0000000008010126                HAL_TIM_PWM_PulseFinishedCallback
 .text.HAL_TIM_TriggerCallback
                0x0000000008010138       0x12 src/lib/cube_f103/Drivers/STM32F1xx_HAL_Driver/Src/stm32f1xx_hal_tim.o
                0x0000000008010138                HAL_TIM_TriggerCallback
 *fill*         0x000000000801014a        0x2 
 .text.TIM_Base_SetConfig
                0x000000000801014c       0xc4 src/lib/cube_f103/Drivers/STM32F1xx_HAL_Driver/Src/stm32f1xx_hal_tim.o
                0x000000000801014c                TIM_Base_SetConfig
 .text.TIM_OC1_SetConfig
                0x0000000008010210       0xcc src/lib/cube_f103/Drivers/STM32F1xx_HAL_Driver/Src/stm32f1xx_hal_tim.o
 .text.TIM_OC2_SetConfig
                0x00000000080102dc       0xd4 src/lib/cube_f103/Drivers/STM32F1xx_HAL_Driver/Src/stm32f1xx_hal_tim.o
                0x00000000080102dc                TIM_OC2_SetConfig
 .text.TIM_OC3_SetConfig
                0x00000000080103b0       0xd4 src/lib/cube_f103/Drivers/STM32F1xx_HAL_Driver/Src/stm32f1xx_hal_tim.o
 .text.TIM_OC4_SetConfig
                0x0000000008010484       0x9c src/lib/cube_f103/Drivers/STM32F1xx_HAL_Driver/Src/stm32f1xx_hal_tim.o
 .text.TIM_TI1_SetConfig
                0x0000000008010520       0xb4 src/lib/cube_f103/Drivers/STM32F1xx_HAL_Driver/Src/stm32f1xx_hal_tim.o
                0x0000000008010520                TIM_TI1_SetConfig
 .text.TIM_TI1_ConfigInputStage
                0x00000000080105d4       0x5c src/lib/cube_f103/Drivers/STM32F1xx_HAL_Driver/Src/stm32f1xx_hal_tim.o
 .text.TIM_TI2_SetConfig
                0x0000000008010630       0x78 src/lib/cube_f103/Drivers/STM32F1xx_HAL_Driver/Src/stm32f1xx_hal_tim.o
 .text.TIM_TI2_ConfigInputStage
                0x00000000080106a8       0x5e src/lib/cube_f103/Drivers/STM32F1xx_HAL_Driver/Src/stm32f1xx_hal_tim.o
 .text.TIM_TI3_SetConfig
                0x0000000008010706       0x76 src/lib/cube_f103/Drivers/STM32F1xx_HAL_Driver/Src/stm32f1xx_hal_tim.o
 .text.TIM_TI4_SetConfig
                0x000000000801077c       0x78 src/lib/cube_f103/Drivers/STM32F1xx_HAL_Driver/Src/stm32f1xx_hal_tim.o
 .text.TIM_ITRx_SetConfig
                0x00000000080107f4       0x34 src/lib/cube_f103/Drivers/STM32F1xx_HAL_Driver/Src/stm32f1xx_hal_tim.o
 .text.TIM_ETR_SetConfig
                0x0000000008010828       0x3e src/lib/cube_f103/Drivers/STM32F1xx_HAL_Driver/Src/stm32f1xx_hal_tim.o
                0x0000000008010828                TIM_ETR_SetConfig
 .text.TIM_CCxChannelCmd
                0x0000000008010866       0x48 src/lib/cube_f103/Drivers/STM32F1xx_HAL_Driver/Src/stm32f1xx_hal_tim.o
                0x0000000008010866                TIM_CCxChannelCmd
 *fill*         0x00000000080108ae        0x2 
 .text.HAL_TIMEx_MasterConfigSynchronization
                0x00000000080108b0       0xbc src/lib/cube_f103/Drivers/STM32F1xx_HAL_Driver/Src/stm32f1xx_hal_tim_ex.o
                0x00000000080108b0                HAL_TIMEx_MasterConfigSynchronization
 .text.HAL_TIMEx_CommutCallback
                0x000000000801096c       0x12 src/lib/cube_f103/Drivers/STM32F1xx_HAL_Driver/Src/stm32f1xx_hal_tim_ex.o
                0x000000000801096c                HAL_TIMEx_CommutCallback
 .text.HAL_TIMEx_BreakCallback
                0x000000000801097e       0x12 src/lib/cube_f103/Drivers/STM32F1xx_HAL_Driver/Src/stm32f1xx_hal_tim_ex.o
                0x000000000801097e                HAL_TIMEx_BreakCallback
 .text.HAL_UART_Init
                0x0000000008010990       0x9a src/lib/cube_f103/Drivers/STM32F1xx_HAL_Driver/Src/stm32f1xx_hal_uart.o
                0x0000000008010990                HAL_UART_Init
 .text.HAL_UART_Transmit
                0x0000000008010a2a      0x124 src/lib/cube_f103/Drivers/STM32F1xx_HAL_Driver/Src/stm32f1xx_hal_uart.o
                0x0000000008010a2a                HAL_UART_Transmit
 .text.HAL_UART_Transmit_IT
                0x0000000008010b4e       0x88 src/lib/cube_f103/Drivers/STM32F1xx_HAL_Driver/Src/stm32f1xx_hal_uart.o
                0x0000000008010b4e                HAL_UART_Transmit_IT
 *fill*         0x0000000008010bd6        0x2 
 .text.HAL_UART_Receive_DMA
                0x0000000008010bd8      0x100 src/lib/cube_f103/Drivers/STM32F1xx_HAL_Driver/Src/stm32f1xx_hal_uart.o
                0x0000000008010bd8                HAL_UART_Receive_DMA
 .text.HAL_UART_IRQHandler
                0x0000000008010cd8      0x200 src/lib/cube_f103/Drivers/STM32F1xx_HAL_Driver/Src/stm32f1xx_hal_uart.o
                0x0000000008010cd8                HAL_UART_IRQHandler
 .text.HAL_UART_TxCpltCallback
                0x0000000008010ed8       0x12 src/lib/cube_f103/Drivers/STM32F1xx_HAL_Driver/Src/stm32f1xx_hal_uart.o
                0x0000000008010ed8                HAL_UART_TxCpltCallback
 .text.HAL_UART_RxHalfCpltCallback
                0x0000000008010eea       0x12 src/lib/cube_f103/Drivers/STM32F1xx_HAL_Driver/Src/stm32f1xx_hal_uart.o
                0x0000000008010eea                HAL_UART_RxHalfCpltCallback
 .text.UART_DMAReceiveCplt
                0x0000000008010efc       0x68 src/lib/cube_f103/Drivers/STM32F1xx_HAL_Driver/Src/stm32f1xx_hal_uart.o
 .text.UART_DMARxHalfCplt
                0x0000000008010f64       0x1c src/lib/cube_f103/Drivers/STM32F1xx_HAL_Driver/Src/stm32f1xx_hal_uart.o
 .text.UART_DMAError
                0x0000000008010f80       0x94 src/lib/cube_f103/Drivers/STM32F1xx_HAL_Driver/Src/stm32f1xx_hal_uart.o
 .text.UART_WaitOnFlagUntilTimeout
                0x0000000008011014       0x94 src/lib/cube_f103/Drivers/STM32F1xx_HAL_Driver/Src/stm32f1xx_hal_uart.o
 .text.UART_EndTxTransfer
                0x00000000080110a8       0x2a src/lib/cube_f103/Drivers/STM32F1xx_HAL_Driver/Src/stm32f1xx_hal_uart.o
 .text.UART_EndRxTransfer
                0x00000000080110d2       0x3a src/lib/cube_f103/Drivers/STM32F1xx_HAL_Driver/Src/stm32f1xx_hal_uart.o
 .text.UART_DMAAbortOnError
                0x000000000801110c       0x28 src/lib/cube_f103/Drivers/STM32F1xx_HAL_Driver/Src/stm32f1xx_hal_uart.o
 .text.UART_Transmit_IT
                0x0000000008011134       0x9e src/lib/cube_f103/Drivers/STM32F1xx_HAL_Driver/Src/stm32f1xx_hal_uart.o
 .text.UART_EndTransmit_IT
                0x00000000080111d2       0x30 src/lib/cube_f103/Drivers/STM32F1xx_HAL_Driver/Src/stm32f1xx_hal_uart.o
 .text.UART_Receive_IT
                0x0000000008011202      0x100 src/lib/cube_f103/Drivers/STM32F1xx_HAL_Driver/Src/stm32f1xx_hal_uart.o
 *fill*         0x0000000008011302        0x2 
 .text.UART_SetConfig
                0x0000000008011304      0x11c src/lib/cube_f103/Drivers/STM32F1xx_HAL_Driver/Src/stm32f1xx_hal_uart.o
 .text.main     0x0000000008011420       0x16 src/main.o
                0x0000000008011420                main
 .text.atof     0x0000000008011436        0x6 c:/st/stm32cubeide_1.5.0/stm32cubeide/plugins/com.st.stm32cube.ide.mcu.externaltools.gnu-tools-for-stm32.7-2018-q2-update.win32_1.5.0.202011040924/tools/bin/../lib/gcc/arm-none-eabi/7.3.1/../../../../arm-none-eabi/lib/thumb/v7-m\libc_nano.a(lib_a-atof.o)
                0x0000000008011436                atof
 .text.__errno  0x000000000801143c        0xc c:/st/stm32cubeide_1.5.0/stm32cubeide/plugins/com.st.stm32cube.ide.mcu.externaltools.gnu-tools-for-stm32.7-2018-q2-update.win32_1.5.0.202011040924/tools/bin/../lib/gcc/arm-none-eabi/7.3.1/../../../../arm-none-eabi/lib/thumb/v7-m\libc_nano.a(lib_a-errno.o)
                0x000000000801143c                __errno
 .text.__libc_init_array
                0x0000000008011448       0x48 c:/st/stm32cubeide_1.5.0/stm32cubeide/plugins/com.st.stm32cube.ide.mcu.externaltools.gnu-tools-for-stm32.7-2018-q2-update.win32_1.5.0.202011040924/tools/bin/../lib/gcc/arm-none-eabi/7.3.1/../../../../arm-none-eabi/lib/thumb/v7-m\libc_nano.a(lib_a-init.o)
                0x0000000008011448                __libc_init_array
 .text.__locale_ctype_ptr_l
                0x0000000008011490        0x6 c:/st/stm32cubeide_1.5.0/stm32cubeide/plugins/com.st.stm32cube.ide.mcu.externaltools.gnu-tools-for-stm32.7-2018-q2-update.win32_1.5.0.202011040924/tools/bin/../lib/gcc/arm-none-eabi/7.3.1/../../../../arm-none-eabi/lib/thumb/v7-m\libc_nano.a(lib_a-locale.o)
                0x0000000008011490                __locale_ctype_ptr_l
 *fill*         0x0000000008011496        0x2 
 .text.__locale_ctype_ptr
                0x0000000008011498       0x1c c:/st/stm32cubeide_1.5.0/stm32cubeide/plugins/com.st.stm32cube.ide.mcu.externaltools.gnu-tools-for-stm32.7-2018-q2-update.win32_1.5.0.202011040924/tools/bin/../lib/gcc/arm-none-eabi/7.3.1/../../../../arm-none-eabi/lib/thumb/v7-m\libc_nano.a(lib_a-locale.o)
                0x0000000008011498                __locale_ctype_ptr
 .text.__ascii_mbtowc
                0x00000000080114b4       0x24 c:/st/stm32cubeide_1.5.0/stm32cubeide/plugins/com.st.stm32cube.ide.mcu.externaltools.gnu-tools-for-stm32.7-2018-q2-update.win32_1.5.0.202011040924/tools/bin/../lib/gcc/arm-none-eabi/7.3.1/../../../../arm-none-eabi/lib/thumb/v7-m\libc_nano.a(lib_a-mbtowc_r.o)
                0x00000000080114b4                __ascii_mbtowc
 .text.memcpy   0x00000000080114d8       0x16 c:/st/stm32cubeide_1.5.0/stm32cubeide/plugins/com.st.stm32cube.ide.mcu.externaltools.gnu-tools-for-stm32.7-2018-q2-update.win32_1.5.0.202011040924/tools/bin/../lib/gcc/arm-none-eabi/7.3.1/../../../../arm-none-eabi/lib/thumb/v7-m\libc_nano.a(lib_a-memcpy-stub.o)
                0x00000000080114d8                memcpy
 .text.memset   0x00000000080114ee       0x10 c:/st/stm32cubeide_1.5.0/stm32cubeide/plugins/com.st.stm32cube.ide.mcu.externaltools.gnu-tools-for-stm32.7-2018-q2-update.win32_1.5.0.202011040924/tools/bin/../lib/gcc/arm-none-eabi/7.3.1/../../../../arm-none-eabi/lib/thumb/v7-m\libc_nano.a(lib_a-memset.o)
                0x00000000080114ee                memset
 .text.__cvt    0x00000000080114fe       0xb8 c:/st/stm32cubeide_1.5.0/stm32cubeide/plugins/com.st.stm32cube.ide.mcu.externaltools.gnu-tools-for-stm32.7-2018-q2-update.win32_1.5.0.202011040924/tools/bin/../lib/gcc/arm-none-eabi/7.3.1/../../../../arm-none-eabi/lib/thumb/v7-m\libc_nano.a(lib_a-nano-vfprintf_float.o)
                0x00000000080114fe                __cvt
 .text.__exponent
                0x00000000080115b6       0x6a c:/st/stm32cubeide_1.5.0/stm32cubeide/plugins/com.st.stm32cube.ide.mcu.externaltools.gnu-tools-for-stm32.7-2018-q2-update.win32_1.5.0.202011040924/tools/bin/../lib/gcc/arm-none-eabi/7.3.1/../../../../arm-none-eabi/lib/thumb/v7-m\libc_nano.a(lib_a-nano-vfprintf_float.o)
                0x00000000080115b6                __exponent
 .text._printf_float
                0x0000000008011620      0x46c c:/st/stm32cubeide_1.5.0/stm32cubeide/plugins/com.st.stm32cube.ide.mcu.externaltools.gnu-tools-for-stm32.7-2018-q2-update.win32_1.5.0.202011040924/tools/bin/../lib/gcc/arm-none-eabi/7.3.1/../../../../arm-none-eabi/lib/thumb/v7-m\libc_nano.a(lib_a-nano-vfprintf_float.o)
                0x0000000008011620                _printf_float
 .text._printf_common
                0x0000000008011a8c       0xec c:/st/stm32cubeide_1.5.0/stm32cubeide/plugins/com.st.stm32cube.ide.mcu.externaltools.gnu-tools-for-stm32.7-2018-q2-update.win32_1.5.0.202011040924/tools/bin/../lib/gcc/arm-none-eabi/7.3.1/../../../../arm-none-eabi/lib/thumb/v7-m\libc_nano.a(lib_a-nano-vfprintf_i.o)
                0x0000000008011a8c                _printf_common
 .text._printf_i
                0x0000000008011b78      0x224 c:/st/stm32cubeide_1.5.0/stm32cubeide/plugins/com.st.stm32cube.ide.mcu.externaltools.gnu-tools-for-stm32.7-2018-q2-update.win32_1.5.0.202011040924/tools/bin/../lib/gcc/arm-none-eabi/7.3.1/../../../../arm-none-eabi/lib/thumb/v7-m\libc_nano.a(lib_a-nano-vfprintf_i.o)
                0x0000000008011b78                _printf_i
 .text.printf   0x0000000008011d9c       0x30 c:/st/stm32cubeide_1.5.0/stm32cubeide/plugins/com.st.stm32cube.ide.mcu.externaltools.gnu-tools-for-stm32.7-2018-q2-update.win32_1.5.0.202011040924/tools/bin/../lib/gcc/arm-none-eabi/7.3.1/../../../../arm-none-eabi/lib/thumb/v7-m\libc_nano.a(lib_a-printf.o)
                0x0000000008011d9c                iprintf
                0x0000000008011d9c                printf
 .text.strcpy   0x0000000008011dcc       0x10 c:/st/stm32cubeide_1.5.0/stm32cubeide/plugins/com.st.stm32cube.ide.mcu.externaltools.gnu-tools-for-stm32.7-2018-q2-update.win32_1.5.0.202011040924/tools/bin/../lib/gcc/arm-none-eabi/7.3.1/../../../../arm-none-eabi/lib/thumb/v7-m\libc_nano.a(lib_a-strcpy.o)
                0x0000000008011dcc                strcpy
 .text.unlikely.sulp
                0x0000000008011ddc       0x42 c:/st/stm32cubeide_1.5.0/stm32cubeide/plugins/com.st.stm32cube.ide.mcu.externaltools.gnu-tools-for-stm32.7-2018-q2-update.win32_1.5.0.202011040924/tools/bin/../lib/gcc/arm-none-eabi/7.3.1/../../../../arm-none-eabi/lib/thumb/v7-m\libc_nano.a(lib_a-strtod.o)
 *fill*         0x0000000008011e1e        0x2 
 .text._strtod_l
                0x0000000008011e20      0xc00 c:/st/stm32cubeide_1.5.0/stm32cubeide/plugins/com.st.stm32cube.ide.mcu.externaltools.gnu-tools-for-stm32.7-2018-q2-update.win32_1.5.0.202011040924/tools/bin/../lib/gcc/arm-none-eabi/7.3.1/../../../../arm-none-eabi/lib/thumb/v7-m\libc_nano.a(lib_a-strtod.o)
                0x0000000008011e20                _strtod_l
 .text.strtod   0x0000000008012a20       0x24 c:/st/stm32cubeide_1.5.0/stm32cubeide/plugins/com.st.stm32cube.ide.mcu.externaltools.gnu-tools-for-stm32.7-2018-q2-update.win32_1.5.0.202011040924/tools/bin/../lib/gcc/arm-none-eabi/7.3.1/../../../../arm-none-eabi/lib/thumb/v7-m\libc_nano.a(lib_a-strtod.o)
                0x0000000008012a20                strtod
 .text.strtof   0x0000000008012a44       0x9c c:/st/stm32cubeide_1.5.0/stm32cubeide/plugins/com.st.stm32cube.ide.mcu.externaltools.gnu-tools-for-stm32.7-2018-q2-update.win32_1.5.0.202011040924/tools/bin/../lib/gcc/arm-none-eabi/7.3.1/../../../../arm-none-eabi/lib/thumb/v7-m\libc_nano.a(lib_a-strtod.o)
                0x0000000008012a44                strtof
 .text.__strtok_r
                0x0000000008012ae0       0x54 c:/st/stm32cubeide_1.5.0/stm32cubeide/plugins/com.st.stm32cube.ide.mcu.externaltools.gnu-tools-for-stm32.7-2018-q2-update.win32_1.5.0.202011040924/tools/bin/../lib/gcc/arm-none-eabi/7.3.1/../../../../arm-none-eabi/lib/thumb/v7-m\libc_nano.a(lib_a-strtok_r.o)
                0x0000000008012ae0                __strtok_r
 .text.strtok_r
                0x0000000008012b34        0x6 c:/st/stm32cubeide_1.5.0/stm32cubeide/plugins/com.st.stm32cube.ide.mcu.externaltools.gnu-tools-for-stm32.7-2018-q2-update.win32_1.5.0.202011040924/tools/bin/../lib/gcc/arm-none-eabi/7.3.1/../../../../arm-none-eabi/lib/thumb/v7-m\libc_nano.a(lib_a-strtok_r.o)
                0x0000000008012b34                strtok_r
 .text._strtoul_l.isra.0
                0x0000000008012b3a       0xf4 c:/st/stm32cubeide_1.5.0/stm32cubeide/plugins/com.st.stm32cube.ide.mcu.externaltools.gnu-tools-for-stm32.7-2018-q2-update.win32_1.5.0.202011040924/tools/bin/../lib/gcc/arm-none-eabi/7.3.1/../../../../arm-none-eabi/lib/thumb/v7-m\libc_nano.a(lib_a-strtoul.o)
 *fill*         0x0000000008012c2e        0x2 
 .text.strtoul  0x0000000008012c30       0x2c c:/st/stm32cubeide_1.5.0/stm32cubeide/plugins/com.st.stm32cube.ide.mcu.externaltools.gnu-tools-for-stm32.7-2018-q2-update.win32_1.5.0.202011040924/tools/bin/../lib/gcc/arm-none-eabi/7.3.1/../../../../arm-none-eabi/lib/thumb/v7-m\libc_nano.a(lib_a-strtoul.o)
                0x0000000008012c30                strtoul
 .text._vsnprintf_r
                0x0000000008012c5c       0x58 c:/st/stm32cubeide_1.5.0/stm32cubeide/plugins/com.st.stm32cube.ide.mcu.externaltools.gnu-tools-for-stm32.7-2018-q2-update.win32_1.5.0.202011040924/tools/bin/../lib/gcc/arm-none-eabi/7.3.1/../../../../arm-none-eabi/lib/thumb/v7-m\libc_nano.a(lib_a-vsnprintf.o)
                0x0000000008012c5c                _vsniprintf_r
                0x0000000008012c5c                _vsnprintf_r
 .text.vsnprintf
                0x0000000008012cb4       0x1c c:/st/stm32cubeide_1.5.0/stm32cubeide/plugins/com.st.stm32cube.ide.mcu.externaltools.gnu-tools-for-stm32.7-2018-q2-update.win32_1.5.0.202011040924/tools/bin/../lib/gcc/arm-none-eabi/7.3.1/../../../../arm-none-eabi/lib/thumb/v7-m\libc_nano.a(lib_a-vsnprintf.o)
                0x0000000008012cb4                vsniprintf
                0x0000000008012cb4                vsnprintf
 .text.__ascii_wctomb
                0x0000000008012cd0       0x1a c:/st/stm32cubeide_1.5.0/stm32cubeide/plugins/com.st.stm32cube.ide.mcu.externaltools.gnu-tools-for-stm32.7-2018-q2-update.win32_1.5.0.202011040924/tools/bin/../lib/gcc/arm-none-eabi/7.3.1/../../../../arm-none-eabi/lib/thumb/v7-m\libc_nano.a(lib_a-wctomb_r.o)
                0x0000000008012cd0                __ascii_wctomb
 .text.quorem   0x0000000008012cea      0x11c c:/st/stm32cubeide_1.5.0/stm32cubeide/plugins/com.st.stm32cube.ide.mcu.externaltools.gnu-tools-for-stm32.7-2018-q2-update.win32_1.5.0.202011040924/tools/bin/../lib/gcc/arm-none-eabi/7.3.1/../../../../arm-none-eabi/lib/thumb/v7-m\libc_nano.a(lib_a-dtoa.o)
 *fill*         0x0000000008012e06        0x2 
 .text._dtoa_r  0x0000000008012e08      0xb68 c:/st/stm32cubeide_1.5.0/stm32cubeide/plugins/com.st.stm32cube.ide.mcu.externaltools.gnu-tools-for-stm32.7-2018-q2-update.win32_1.5.0.202011040924/tools/bin/../lib/gcc/arm-none-eabi/7.3.1/../../../../arm-none-eabi/lib/thumb/v7-m\libc_nano.a(lib_a-dtoa.o)
                0x0000000008012e08                _dtoa_r
 .text.std      0x0000000008013970       0x48 c:/st/stm32cubeide_1.5.0/stm32cubeide/plugins/com.st.stm32cube.ide.mcu.externaltools.gnu-tools-for-stm32.7-2018-q2-update.win32_1.5.0.202011040924/tools/bin/../lib/gcc/arm-none-eabi/7.3.1/../../../../arm-none-eabi/lib/thumb/v7-m\libc_nano.a(lib_a-findfp.o)
 .text._cleanup_r
                0x00000000080139b8        0xc c:/st/stm32cubeide_1.5.0/stm32cubeide/plugins/com.st.stm32cube.ide.mcu.externaltools.gnu-tools-for-stm32.7-2018-q2-update.win32_1.5.0.202011040924/tools/bin/../lib/gcc/arm-none-eabi/7.3.1/../../../../arm-none-eabi/lib/thumb/v7-m\libc_nano.a(lib_a-findfp.o)
                0x00000000080139b8                _cleanup_r
 .text.__sfmoreglue
                0x00000000080139c4       0x2c c:/st/stm32cubeide_1.5.0/stm32cubeide/plugins/com.st.stm32cube.ide.mcu.externaltools.gnu-tools-for-stm32.7-2018-q2-update.win32_1.5.0.202011040924/tools/bin/../lib/gcc/arm-none-eabi/7.3.1/../../../../arm-none-eabi/lib/thumb/v7-m\libc_nano.a(lib_a-findfp.o)
                0x00000000080139c4                __sfmoreglue
 .text.__sinit  0x00000000080139f0       0x60 c:/st/stm32cubeide_1.5.0/stm32cubeide/plugins/com.st.stm32cube.ide.mcu.externaltools.gnu-tools-for-stm32.7-2018-q2-update.win32_1.5.0.202011040924/tools/bin/../lib/gcc/arm-none-eabi/7.3.1/../../../../arm-none-eabi/lib/thumb/v7-m\libc_nano.a(lib_a-findfp.o)
                0x00000000080139f0                __sinit
 .text.__sfp    0x0000000008013a50       0x78 c:/st/stm32cubeide_1.5.0/stm32cubeide/plugins/com.st.stm32cube.ide.mcu.externaltools.gnu-tools-for-stm32.7-2018-q2-update.win32_1.5.0.202011040924/tools/bin/../lib/gcc/arm-none-eabi/7.3.1/../../../../arm-none-eabi/lib/thumb/v7-m\libc_nano.a(lib_a-findfp.o)
                0x0000000008013a50                __sfp
 .text._fwalk_reent
                0x0000000008013ac8       0x3c c:/st/stm32cubeide_1.5.0/stm32cubeide/plugins/com.st.stm32cube.ide.mcu.externaltools.gnu-tools-for-stm32.7-2018-q2-update.win32_1.5.0.202011040924/tools/bin/../lib/gcc/arm-none-eabi/7.3.1/../../../../arm-none-eabi/lib/thumb/v7-m\libc_nano.a(lib_a-fwalk.o)
                0x0000000008013ac8                _fwalk_reent
 .text.rshift   0x0000000008013b04       0x76 c:/st/stm32cubeide_1.5.0/stm32cubeide/plugins/com.st.stm32cube.ide.mcu.externaltools.gnu-tools-for-stm32.7-2018-q2-update.win32_1.5.0.202011040924/tools/bin/../lib/gcc/arm-none-eabi/7.3.1/../../../../arm-none-eabi/lib/thumb/v7-m\libc_nano.a(lib_a-gdtoa-gethex.o)
 .text.__hexdig_fun
                0x0000000008013b7a       0x2a c:/st/stm32cubeide_1.5.0/stm32cubeide/plugins/com.st.stm32cube.ide.mcu.externaltools.gnu-tools-for-stm32.7-2018-q2-update.win32_1.5.0.202011040924/tools/bin/../lib/gcc/arm-none-eabi/7.3.1/../../../../arm-none-eabi/lib/thumb/v7-m\libc_nano.a(lib_a-gdtoa-gethex.o)
                0x0000000008013b7a                __hexdig_fun
 .text.__gethex
                0x0000000008013ba4      0x444 c:/st/stm32cubeide_1.5.0/stm32cubeide/plugins/com.st.stm32cube.ide.mcu.externaltools.gnu-tools-for-stm32.7-2018-q2-update.win32_1.5.0.202011040924/tools/bin/../lib/gcc/arm-none-eabi/7.3.1/../../../../arm-none-eabi/lib/thumb/v7-m\libc_nano.a(lib_a-gdtoa-gethex.o)
                0x0000000008013ba4                __gethex
 .text.L_shift  0x0000000008013fe8       0x24 c:/st/stm32cubeide_1.5.0/stm32cubeide/plugins/com.st.stm32cube.ide.mcu.externaltools.gnu-tools-for-stm32.7-2018-q2-update.win32_1.5.0.202011040924/tools/bin/../lib/gcc/arm-none-eabi/7.3.1/../../../../arm-none-eabi/lib/thumb/v7-m\libc_nano.a(lib_a-gdtoa-hexnan.o)
 .text.__match  0x000000000801400c       0x28 c:/st/stm32cubeide_1.5.0/stm32cubeide/plugins/com.st.stm32cube.ide.mcu.externaltools.gnu-tools-for-stm32.7-2018-q2-update.win32_1.5.0.202011040924/tools/bin/../lib/gcc/arm-none-eabi/7.3.1/../../../../arm-none-eabi/lib/thumb/v7-m\libc_nano.a(lib_a-gdtoa-hexnan.o)
                0x000000000801400c                __match
 .text.__hexnan
                0x0000000008014034      0x120 c:/st/stm32cubeide_1.5.0/stm32cubeide/plugins/com.st.stm32cube.ide.mcu.externaltools.gnu-tools-for-stm32.7-2018-q2-update.win32_1.5.0.202011040924/tools/bin/../lib/gcc/arm-none-eabi/7.3.1/../../../../arm-none-eabi/lib/thumb/v7-m\libc_nano.a(lib_a-gdtoa-hexnan.o)
                0x0000000008014034                __hexnan
 .text.__localeconv_l
                0x0000000008014154        0x4 c:/st/stm32cubeide_1.5.0/stm32cubeide/plugins/com.st.stm32cube.ide.mcu.externaltools.gnu-tools-for-stm32.7-2018-q2-update.win32_1.5.0.202011040924/tools/bin/../lib/gcc/arm-none-eabi/7.3.1/../../../../arm-none-eabi/lib/thumb/v7-m\libc_nano.a(lib_a-localeconv.o)
                0x0000000008014154                __localeconv_l
 .text._localeconv_r
                0x0000000008014158       0x1c c:/st/stm32cubeide_1.5.0/stm32cubeide/plugins/com.st.stm32cube.ide.mcu.externaltools.gnu-tools-for-stm32.7-2018-q2-update.win32_1.5.0.202011040924/tools/bin/../lib/gcc/arm-none-eabi/7.3.1/../../../../arm-none-eabi/lib/thumb/v7-m\libc_nano.a(lib_a-localeconv.o)
                0x0000000008014158                _localeconv_r
 .text.malloc   0x0000000008014174       0x10 c:/st/stm32cubeide_1.5.0/stm32cubeide/plugins/com.st.stm32cube.ide.mcu.externaltools.gnu-tools-for-stm32.7-2018-q2-update.win32_1.5.0.202011040924/tools/bin/../lib/gcc/arm-none-eabi/7.3.1/../../../../arm-none-eabi/lib/thumb/v7-m\libc_nano.a(lib_a-malloc.o)
                0x0000000008014174                malloc
 .text.memchr   0x0000000008014184       0x1c c:/st/stm32cubeide_1.5.0/stm32cubeide/plugins/com.st.stm32cube.ide.mcu.externaltools.gnu-tools-for-stm32.7-2018-q2-update.win32_1.5.0.202011040924/tools/bin/../lib/gcc/arm-none-eabi/7.3.1/../../../../arm-none-eabi/lib/thumb/v7-m\libc_nano.a(lib_a-memchr-stub.o)
                0x0000000008014184                memchr
 .text._Balloc  0x00000000080141a0       0x68 c:/st/stm32cubeide_1.5.0/stm32cubeide/plugins/com.st.stm32cube.ide.mcu.externaltools.gnu-tools-for-stm32.7-2018-q2-update.win32_1.5.0.202011040924/tools/bin/../lib/gcc/arm-none-eabi/7.3.1/../../../../arm-none-eabi/lib/thumb/v7-m\libc_nano.a(lib_a-mprec.o)
                0x00000000080141a0                _Balloc
 .text._Bfree   0x0000000008014208       0x2e c:/st/stm32cubeide_1.5.0/stm32cubeide/plugins/com.st.stm32cube.ide.mcu.externaltools.gnu-tools-for-stm32.7-2018-q2-update.win32_1.5.0.202011040924/tools/bin/../lib/gcc/arm-none-eabi/7.3.1/../../../../arm-none-eabi/lib/thumb/v7-m\libc_nano.a(lib_a-mprec.o)
                0x0000000008014208                _Bfree
 .text.__multadd
                0x0000000008014236       0x76 c:/st/stm32cubeide_1.5.0/stm32cubeide/plugins/com.st.stm32cube.ide.mcu.externaltools.gnu-tools-for-stm32.7-2018-q2-update.win32_1.5.0.202011040924/tools/bin/../lib/gcc/arm-none-eabi/7.3.1/../../../../arm-none-eabi/lib/thumb/v7-m\libc_nano.a(lib_a-mprec.o)
                0x0000000008014236                __multadd
 .text.__s2b    0x00000000080142ac       0x7c c:/st/stm32cubeide_1.5.0/stm32cubeide/plugins/com.st.stm32cube.ide.mcu.externaltools.gnu-tools-for-stm32.7-2018-q2-update.win32_1.5.0.202011040924/tools/bin/../lib/gcc/arm-none-eabi/7.3.1/../../../../arm-none-eabi/lib/thumb/v7-m\libc_nano.a(lib_a-mprec.o)
                0x00000000080142ac                __s2b
 .text.__hi0bits
                0x0000000008014328       0x3e c:/st/stm32cubeide_1.5.0/stm32cubeide/plugins/com.st.stm32cube.ide.mcu.externaltools.gnu-tools-for-stm32.7-2018-q2-update.win32_1.5.0.202011040924/tools/bin/../lib/gcc/arm-none-eabi/7.3.1/../../../../arm-none-eabi/lib/thumb/v7-m\libc_nano.a(lib_a-mprec.o)
                0x0000000008014328                __hi0bits
 .text.__lo0bits
                0x0000000008014366       0x5e c:/st/stm32cubeide_1.5.0/stm32cubeide/plugins/com.st.stm32cube.ide.mcu.externaltools.gnu-tools-for-stm32.7-2018-q2-update.win32_1.5.0.202011040924/tools/bin/../lib/gcc/arm-none-eabi/7.3.1/../../../../arm-none-eabi/lib/thumb/v7-m\libc_nano.a(lib_a-mprec.o)
                0x0000000008014366                __lo0bits
 .text.__i2b    0x00000000080143c4       0x12 c:/st/stm32cubeide_1.5.0/stm32cubeide/plugins/com.st.stm32cube.ide.mcu.externaltools.gnu-tools-for-stm32.7-2018-q2-update.win32_1.5.0.202011040924/tools/bin/../lib/gcc/arm-none-eabi/7.3.1/../../../../arm-none-eabi/lib/thumb/v7-m\libc_nano.a(lib_a-mprec.o)
                0x00000000080143c4                __i2b
 .text.__multiply
                0x00000000080143d6      0x12a c:/st/stm32cubeide_1.5.0/stm32cubeide/plugins/com.st.stm32cube.ide.mcu.externaltools.gnu-tools-for-stm32.7-2018-q2-update.win32_1.5.0.202011040924/tools/bin/../lib/gcc/arm-none-eabi/7.3.1/../../../../arm-none-eabi/lib/thumb/v7-m\libc_nano.a(lib_a-mprec.o)
                0x00000000080143d6                __multiply
 .text.__pow5mult
                0x0000000008014500       0x9c c:/st/stm32cubeide_1.5.0/stm32cubeide/plugins/com.st.stm32cube.ide.mcu.externaltools.gnu-tools-for-stm32.7-2018-q2-update.win32_1.5.0.202011040924/tools/bin/../lib/gcc/arm-none-eabi/7.3.1/../../../../arm-none-eabi/lib/thumb/v7-m\libc_nano.a(lib_a-mprec.o)
                0x0000000008014500                __pow5mult
 .text.__lshift
                0x000000000801459c       0xa8 c:/st/stm32cubeide_1.5.0/stm32cubeide/plugins/com.st.stm32cube.ide.mcu.externaltools.gnu-tools-for-stm32.7-2018-q2-update.win32_1.5.0.202011040924/tools/bin/../lib/gcc/arm-none-eabi/7.3.1/../../../../arm-none-eabi/lib/thumb/v7-m\libc_nano.a(lib_a-mprec.o)
                0x000000000801459c                __lshift
 .text.__mcmp   0x0000000008014644       0x34 c:/st/stm32cubeide_1.5.0/stm32cubeide/plugins/com.st.stm32cube.ide.mcu.externaltools.gnu-tools-for-stm32.7-2018-q2-update.win32_1.5.0.202011040924/tools/bin/../lib/gcc/arm-none-eabi/7.3.1/../../../../arm-none-eabi/lib/thumb/v7-m\libc_nano.a(lib_a-mprec.o)
                0x0000000008014644                __mcmp
 .text.__mdiff  0x0000000008014678       0xbc c:/st/stm32cubeide_1.5.0/stm32cubeide/plugins/com.st.stm32cube.ide.mcu.externaltools.gnu-tools-for-stm32.7-2018-q2-update.win32_1.5.0.202011040924/tools/bin/../lib/gcc/arm-none-eabi/7.3.1/../../../../arm-none-eabi/lib/thumb/v7-m\libc_nano.a(lib_a-mprec.o)
                0x0000000008014678                __mdiff
 .text.__ulp    0x0000000008014734       0x48 c:/st/stm32cubeide_1.5.0/stm32cubeide/plugins/com.st.stm32cube.ide.mcu.externaltools.gnu-tools-for-stm32.7-2018-q2-update.win32_1.5.0.202011040924/tools/bin/../lib/gcc/arm-none-eabi/7.3.1/../../../../arm-none-eabi/lib/thumb/v7-m\libc_nano.a(lib_a-mprec.o)
                0x0000000008014734                __ulp
 .text.__b2d    0x000000000801477c       0xa4 c:/st/stm32cubeide_1.5.0/stm32cubeide/plugins/com.st.stm32cube.ide.mcu.externaltools.gnu-tools-for-stm32.7-2018-q2-update.win32_1.5.0.202011040924/tools/bin/../lib/gcc/arm-none-eabi/7.3.1/../../../../arm-none-eabi/lib/thumb/v7-m\libc_nano.a(lib_a-mprec.o)
                0x000000000801477c                __b2d
 .text.__d2b    0x0000000008014820       0x9e c:/st/stm32cubeide_1.5.0/stm32cubeide/plugins/com.st.stm32cube.ide.mcu.externaltools.gnu-tools-for-stm32.7-2018-q2-update.win32_1.5.0.202011040924/tools/bin/../lib/gcc/arm-none-eabi/7.3.1/../../../../arm-none-eabi/lib/thumb/v7-m\libc_nano.a(lib_a-mprec.o)
                0x0000000008014820                __d2b
 .text.__ratio  0x00000000080148be       0x5c c:/st/stm32cubeide_1.5.0/stm32cubeide/plugins/com.st.stm32cube.ide.mcu.externaltools.gnu-tools-for-stm32.7-2018-q2-update.win32_1.5.0.202011040924/tools/bin/../lib/gcc/arm-none-eabi/7.3.1/../../../../arm-none-eabi/lib/thumb/v7-m\libc_nano.a(lib_a-mprec.o)
                0x00000000080148be                __ratio
 .text.__copybits
                0x000000000801491a       0x34 c:/st/stm32cubeide_1.5.0/stm32cubeide/plugins/com.st.stm32cube.ide.mcu.externaltools.gnu-tools-for-stm32.7-2018-q2-update.win32_1.5.0.202011040924/tools/bin/../lib/gcc/arm-none-eabi/7.3.1/../../../../arm-none-eabi/lib/thumb/v7-m\libc_nano.a(lib_a-mprec.o)
                0x000000000801491a                __copybits
 .text.__any_on
                0x000000000801494e       0x42 c:/st/stm32cubeide_1.5.0/stm32cubeide/plugins/com.st.stm32cube.ide.mcu.externaltools.gnu-tools-for-stm32.7-2018-q2-update.win32_1.5.0.202011040924/tools/bin/../lib/gcc/arm-none-eabi/7.3.1/../../../../arm-none-eabi/lib/thumb/v7-m\libc_nano.a(lib_a-mprec.o)
                0x000000000801494e                __any_on
 .text._calloc_r
                0x0000000008014990       0x1c c:/st/stm32cubeide_1.5.0/stm32cubeide/plugins/com.st.stm32cube.ide.mcu.externaltools.gnu-tools-for-stm32.7-2018-q2-update.win32_1.5.0.202011040924/tools/bin/../lib/gcc/arm-none-eabi/7.3.1/../../../../arm-none-eabi/lib/thumb/v7-m\libc_nano.a(lib_a-nano-callocr.o)
                0x0000000008014990                _calloc_r
 .text._free_r  0x00000000080149ac       0x98 c:/st/stm32cubeide_1.5.0/stm32cubeide/plugins/com.st.stm32cube.ide.mcu.externaltools.gnu-tools-for-stm32.7-2018-q2-update.win32_1.5.0.202011040924/tools/bin/../lib/gcc/arm-none-eabi/7.3.1/../../../../arm-none-eabi/lib/thumb/v7-m\libc_nano.a(lib_a-nano-freer.o)
                0x00000000080149ac                _free_r
 .text._malloc_r
                0x0000000008014a44       0xb4 c:/st/stm32cubeide_1.5.0/stm32cubeide/plugins/com.st.stm32cube.ide.mcu.externaltools.gnu-tools-for-stm32.7-2018-q2-update.win32_1.5.0.202011040924/tools/bin/../lib/gcc/arm-none-eabi/7.3.1/../../../../arm-none-eabi/lib/thumb/v7-m\libc_nano.a(lib_a-nano-mallocr.o)
                0x0000000008014a44                _malloc_r
 .text.__ssputs_r
                0x0000000008014af8       0xb4 c:/st/stm32cubeide_1.5.0/stm32cubeide/plugins/com.st.stm32cube.ide.mcu.externaltools.gnu-tools-for-stm32.7-2018-q2-update.win32_1.5.0.202011040924/tools/bin/../lib/gcc/arm-none-eabi/7.3.1/../../../../arm-none-eabi/lib/thumb/v7-m\libc_nano.a(lib_a-nano-svfprintf.o)
                0x0000000008014af8                __ssputs_r
 .text._svfprintf_r
                0x0000000008014bac      0x1f0 c:/st/stm32cubeide_1.5.0/stm32cubeide/plugins/com.st.stm32cube.ide.mcu.externaltools.gnu-tools-for-stm32.7-2018-q2-update.win32_1.5.0.202011040924/tools/bin/../lib/gcc/arm-none-eabi/7.3.1/../../../../arm-none-eabi/lib/thumb/v7-m\libc_nano.a(lib_a-nano-svfprintf.o)
                0x0000000008014bac                _svfiprintf_r
                0x0000000008014bac                _svfprintf_r
 .text.__sfputc_r
                0x0000000008014d9c       0x2a c:/st/stm32cubeide_1.5.0/stm32cubeide/plugins/com.st.stm32cube.ide.mcu.externaltools.gnu-tools-for-stm32.7-2018-q2-update.win32_1.5.0.202011040924/tools/bin/../lib/gcc/arm-none-eabi/7.3.1/../../../../arm-none-eabi/lib/thumb/v7-m\libc_nano.a(lib_a-nano-vfprintf.o)
 .text.__sfputs_r
                0x0000000008014dc6       0x24 c:/st/stm32cubeide_1.5.0/stm32cubeide/plugins/com.st.stm32cube.ide.mcu.externaltools.gnu-tools-for-stm32.7-2018-q2-update.win32_1.5.0.202011040924/tools/bin/../lib/gcc/arm-none-eabi/7.3.1/../../../../arm-none-eabi/lib/thumb/v7-m\libc_nano.a(lib_a-nano-vfprintf.o)
                0x0000000008014dc6                __sfputs_r
 *fill*         0x0000000008014dea        0x2 
 .text._vfprintf_r
                0x0000000008014dec      0x22c c:/st/stm32cubeide_1.5.0/stm32cubeide/plugins/com.st.stm32cube.ide.mcu.externaltools.gnu-tools-for-stm32.7-2018-q2-update.win32_1.5.0.202011040924/tools/bin/../lib/gcc/arm-none-eabi/7.3.1/../../../../arm-none-eabi/lib/thumb/v7-m\libc_nano.a(lib_a-nano-vfprintf.o)
                0x0000000008014dec                _vfprintf_r
                0x0000000008014dec                _vfiprintf_r
 .text._sbrk_r  0x0000000008015018       0x20 c:/st/stm32cubeide_1.5.0/stm32cubeide/plugins/com.st.stm32cube.ide.mcu.externaltools.gnu-tools-for-stm32.7-2018-q2-update.win32_1.5.0.202011040924/tools/bin/../lib/gcc/arm-none-eabi/7.3.1/../../../../arm-none-eabi/lib/thumb/v7-m\libc_nano.a(lib_a-sbrkr.o)
                0x0000000008015018                _sbrk_r
 .text.nanf     0x0000000008015038        0x8 c:/st/stm32cubeide_1.5.0/stm32cubeide/plugins/com.st.stm32cube.ide.mcu.externaltools.gnu-tools-for-stm32.7-2018-q2-update.win32_1.5.0.202011040924/tools/bin/../lib/gcc/arm-none-eabi/7.3.1/../../../../arm-none-eabi/lib/thumb/v7-m\libc_nano.a(lib_a-sf_nan.o)
                0x0000000008015038                nanf
 .text.__sread  0x0000000008015040       0x22 c:/st/stm32cubeide_1.5.0/stm32cubeide/plugins/com.st.stm32cube.ide.mcu.externaltools.gnu-tools-for-stm32.7-2018-q2-update.win32_1.5.0.202011040924/tools/bin/../lib/gcc/arm-none-eabi/7.3.1/../../../../arm-none-eabi/lib/thumb/v7-m\libc_nano.a(lib_a-stdio.o)
                0x0000000008015040                __sread
 .text.__swrite
                0x0000000008015062       0x38 c:/st/stm32cubeide_1.5.0/stm32cubeide/plugins/com.st.stm32cube.ide.mcu.externaltools.gnu-tools-for-stm32.7-2018-q2-update.win32_1.5.0.202011040924/tools/bin/../lib/gcc/arm-none-eabi/7.3.1/../../../../arm-none-eabi/lib/thumb/v7-m\libc_nano.a(lib_a-stdio.o)
                0x0000000008015062                __swrite
 .text.__sseek  0x000000000801509a       0x24 c:/st/stm32cubeide_1.5.0/stm32cubeide/plugins/com.st.stm32cube.ide.mcu.externaltools.gnu-tools-for-stm32.7-2018-q2-update.win32_1.5.0.202011040924/tools/bin/../lib/gcc/arm-none-eabi/7.3.1/../../../../arm-none-eabi/lib/thumb/v7-m\libc_nano.a(lib_a-stdio.o)
                0x000000000801509a                __sseek
 .text.__sclose
                0x00000000080150be        0x8 c:/st/stm32cubeide_1.5.0/stm32cubeide/plugins/com.st.stm32cube.ide.mcu.externaltools.gnu-tools-for-stm32.7-2018-q2-update.win32_1.5.0.202011040924/tools/bin/../lib/gcc/arm-none-eabi/7.3.1/../../../../arm-none-eabi/lib/thumb/v7-m\libc_nano.a(lib_a-stdio.o)
                0x00000000080150be                __sclose
 .text.strncmp  0x00000000080150c6       0x24 c:/st/stm32cubeide_1.5.0/stm32cubeide/plugins/com.st.stm32cube.ide.mcu.externaltools.gnu-tools-for-stm32.7-2018-q2-update.win32_1.5.0.202011040924/tools/bin/../lib/gcc/arm-none-eabi/7.3.1/../../../../arm-none-eabi/lib/thumb/v7-m\libc_nano.a(lib_a-strncmp.o)
                0x00000000080150c6                strncmp
 *fill*         0x00000000080150ea        0x2 
 .text.__swbuf_r
                0x00000000080150ec       0xa4 c:/st/stm32cubeide_1.5.0/stm32cubeide/plugins/com.st.stm32cube.ide.mcu.externaltools.gnu-tools-for-stm32.7-2018-q2-update.win32_1.5.0.202011040924/tools/bin/../lib/gcc/arm-none-eabi/7.3.1/../../../../arm-none-eabi/lib/thumb/v7-m\libc_nano.a(lib_a-wbuf.o)
                0x00000000080150ec                __swbuf_r
 .text._write_r
                0x0000000008015190       0x24 c:/st/stm32cubeide_1.5.0/stm32cubeide/plugins/com.st.stm32cube.ide.mcu.externaltools.gnu-tools-for-stm32.7-2018-q2-update.win32_1.5.0.202011040924/tools/bin/../lib/gcc/arm-none-eabi/7.3.1/../../../../arm-none-eabi/lib/thumb/v7-m\libc_nano.a(lib_a-writer.o)
                0x0000000008015190                _write_r
 .text.__swsetup_r
                0x00000000080151b4       0xdc c:/st/stm32cubeide_1.5.0/stm32cubeide/plugins/com.st.stm32cube.ide.mcu.externaltools.gnu-tools-for-stm32.7-2018-q2-update.win32_1.5.0.202011040924/tools/bin/../lib/gcc/arm-none-eabi/7.3.1/../../../../arm-none-eabi/lib/thumb/v7-m\libc_nano.a(lib_a-wsetup.o)
                0x00000000080151b4                __swsetup_r
 .text._close_r
                0x0000000008015290       0x20 c:/st/stm32cubeide_1.5.0/stm32cubeide/plugins/com.st.stm32cube.ide.mcu.externaltools.gnu-tools-for-stm32.7-2018-q2-update.win32_1.5.0.202011040924/tools/bin/../lib/gcc/arm-none-eabi/7.3.1/../../../../arm-none-eabi/lib/thumb/v7-m\libc_nano.a(lib_a-closer.o)
                0x0000000008015290                _close_r
 .text.__sflush_r
                0x00000000080152b0      0x10c c:/st/stm32cubeide_1.5.0/stm32cubeide/plugins/com.st.stm32cube.ide.mcu.externaltools.gnu-tools-for-stm32.7-2018-q2-update.win32_1.5.0.202011040924/tools/bin/../lib/gcc/arm-none-eabi/7.3.1/../../../../arm-none-eabi/lib/thumb/v7-m\libc_nano.a(lib_a-fflush.o)
                0x00000000080152b0                __sflush_r
 .text._fflush_r