Archive member included to satisfy reference by file (symbol)

c:/st/stm32cubeide_1.5.0/stm32cubeide/plugins/com.st.stm32cube.ide.mcu.externaltools.gnu-tools-for-stm32.7-2018-q2-update.win32_1.5.0.202011040924/tools/bin/../lib/gcc/arm-none-eabi/7.3.1/../../../../arm-none-eabi/lib/thumb/v7-m\libc_nano.a(lib_a-atof.o)
                              src/common/core/gps.o (atof)
c:/st/stm32cubeide_1.5.0/stm32cubeide/plugins/com.st.stm32cube.ide.mcu.externaltools.gnu-tools-for-stm32.7-2018-q2-update.win32_1.5.0.202011040924/tools/bin/../lib/gcc/arm-none-eabi/7.3.1/../../../../arm-none-eabi/lib/thumb/v7-m\libc_nano.a(lib_a-errno.o)
                              src/bsp/syscalls.o (__errno)
c:/st/stm32cubeide_1.5.0/stm32cubeide/plugins/com.st.stm32cube.ide.mcu.externaltools.gnu-tools-for-stm32.7-2018-q2-update.win32_1.5.0.202011040924/tools/bin/../lib/gcc/arm-none-eabi/7.3.1/../../../../arm-none-eabi/lib/thumb/v7-m\libc_nano.a(lib_a-exit.o)
                              c:/st/stm32cubeide_1.5.0/stm32cubeide/plugins/com.st.stm32cube.ide.mcu.externaltools.gnu-tools-for-stm32.7-2018-q2-update.win32_1.5.0.202011040924/tools/bin/../lib/gcc/arm-none-eabi/7.3.1/../../../../arm-none-eabi/lib/thumb/v7-m/crt0.o (exit)
c:/st/stm32cubeide_1.5.0/stm32cubeide/plugins/com.st.stm32cube.ide.mcu.externaltools.gnu-tools-for-stm32.7-2018-q2-update.win32_1.5.0.202011040924/tools/bin/../lib/gcc/arm-none-eabi/7.3.1/../../../../arm-none-eabi/lib/thumb/v7-m\libc_nano.a(lib_a-impure.o)
                              c:/st/stm32cubeide_1.5.0/stm32cubeide/plugins/com.st.stm32cube.ide.mcu.externaltools.gnu-tools-for-stm32.7-2018-q2-update.win32_1.5.0.202011040924/tools/bin/../lib/gcc/arm-none-eabi/7.3.1/../../../../arm-none-eabi/lib/thumb/v7-m\libc_nano.a(lib_a-exit.o) (_global_impure_ptr)
c:/st/stm32cubeide_1.5.0/stm32cubeide/plugins/com.st.stm32cube.ide.mcu.externaltools.gnu-tools-for-stm32.7-2018-q2-update.win32_1.5.0.202011040924/tools/bin/../lib/gcc/arm-none-eabi/7.3.1/../../../../arm-none-eabi/lib/thumb/v7-m\libc_nano.a(lib_a-init.o)
                              c:/st/stm32cubeide_1.5.0/stm32cubeide/plugins/com.st.stm32cube.ide.mcu.externaltools.gnu-tools-for-stm32.7-2018-q2-update.win32_1.5.0.202011040924/tools/bin/../lib/gcc/arm-none-eabi/7.3.1/../../../../arm-none-eabi/lib/thumb/v7-m/crt0.o (__libc_init_array)
c:/st/stm32cubeide_1.5.0/stm32cubeide/plugins/com.st.stm32cube.ide.mcu.externaltools.gnu-tools-for-stm32.7-2018-q2-update.win32_1.5.0.202011040924/tools/bin/../lib/gcc/arm-none-eabi/7.3.1/../../../../arm-none-eabi/lib/thumb/v7-m\libc_nano.a(lib_a-locale.o)
                              src/common/core/gps.o (__locale_ctype_ptr)
c:/st/stm32cubeide_1.5.0/stm32cubeide/plugins/com.st.stm32cube.ide.mcu.externaltools.gnu-tools-for-stm32.7-2018-q2-update.win32_1.5.0.202011040924/tools/bin/../lib/gcc/arm-none-eabi/7.3.1/../../../../arm-none-eabi/lib/thumb/v7-m\libc_nano.a(lib_a-mbtowc_r.o)
                              c:/st/stm32cubeide_1.5.0/stm32cubeide/plugins/com.st.stm32cube.ide.mcu.externaltools.gnu-tools-for-stm32.7-2018-q2-update.win32_1.5.0.202011040924/tools/bin/../lib/gcc/arm-none-eabi/7.3.1/../../../../arm-none-eabi/lib/thumb/v7-m\libc_nano.a(lib_a-locale.o) (__ascii_mbtowc)
c:/st/stm32cubeide_1.5.0/stm32cubeide/plugins/com.st.stm32cube.ide.mcu.externaltools.gnu-tools-for-stm32.7-2018-q2-update.win32_1.5.0.202011040924/tools/bin/../lib/gcc/arm-none-eabi/7.3.1/../../../../arm-none-eabi/lib/thumb/v7-m\libc_nano.a(lib_a-memcpy-stub.o)
                              src/common/core/eeprom.o (memcpy)
c:/st/stm32cubeide_1.5.0/stm32cubeide/plugins/com.st.stm32cube.ide.mcu.externaltools.gnu-tools-for-stm32.7-2018-q2-update.win32_1.5.0.202011040924/tools/bin/../lib/gcc/arm-none-eabi/7.3.1/../../../../arm-none-eabi/lib/thumb/v7-m\libc_nano.a(lib_a-memset.o)
                              c:/st/stm32cubeide_1.5.0/stm32cubeide/plugins/com.st.stm32cube.ide.mcu.externaltools.gnu-tools-for-stm32.7-2018-q2-update.win32_1.5.0.202011040924/tools/bin/../lib/gcc/arm-none-eabi/7.3.1/../../../../arm-none-eabi/lib/thumb/v7-m/crt0.o (memset)
c:/st/stm32cubeide_1.5.0/stm32cubeide/plugins/com.st.stm32cube.ide.mcu.externaltools.gnu-tools-for-stm32.7-2018-q2-update.win32_1.5.0.202011040924/tools/bin/../lib/gcc/arm-none-eabi/7.3.1/../../../../arm-none-eabi/lib/thumb/v7-m\libc_nano.a(lib_a-nano-vfprintf_float.o)
                              (_printf_float)
c:/st/stm32cubeide_1.5.0/stm32cubeide/plugins/com.st.stm32cube.ide.mcu.externaltools.gnu-tools-for-stm32.7-2018-q2-update.win32_1.5.0.202011040924/tools/bin/../lib/gcc/arm-none-eabi/7.3.1/../../../../arm-none-eabi/lib/thumb/v7-m\libc_nano.a(lib_a-nano-vfprintf_i.o)
                              c:/st/stm32cubeide_1.5.0/stm32cubeide/plugins/com.st.stm32cube.ide.mcu.externaltools.gnu-tools-for-stm32.7-2018-q2-update.win32_1.5.0.202011040924/tools/bin/../lib/gcc/arm-none-eabi/7.3.1/../../../../arm-none-eabi/lib/thumb/v7-m\libc_nano.a(lib_a-nano-vfprintf_float.o) (_printf_common)
[...]
Memory Configuration

Name             Origin             Length             Attributes
RAM              0x0000000020000000 0x0000000000005000 xrw
FLASH            0x0000000008000000 0x0000000000020000 xr
*default*        0x0000000000000000 0xffffffffffffffff

Linker script and memory map

LOAD c:/st/stm32cubeide_1.5.0/stm32cubeide/plugins/com.st.stm32cube.ide.mcu.externaltools.gnu-tools-for-stm32.7-2018-q2-update.win32_1.5.0.202011040924/tools/bin/../lib/gcc/arm-none-eabi/7.3.1/thumb/v7-m/crti.o
LOAD c:/st/stm32cubeide_1.5.0/stm32cubeide/plugins/com.st.stm32cube.ide.mcu.externaltools.gnu-tools-for-stm32.7-2018-q2-update.win32_1.5.0.202011040924/tools/bin/../lib/gcc/arm-none-eabi/7.3.1/thumb/v7-m/crtbegin.o
LOAD c:/st/stm32cubeide_1.5.0/stm32cubeide/plugins/com.st.stm32cube.ide.mcu.externaltools.gnu-tools-for-stm32.7-2018-q2-update.win32_1.5.0.202011040924/tools/bin/../lib/gcc/arm-none-eabi/7.3.1/../../../../arm-none-eabi/lib/thumb/v7-m/crt0.o
LOAD src/ap/ap.o
LOAD src/bsp/bsp.o
LOAD src/bsp/stm32f1xx_hal_msp.o
LOAD src/bsp/stm32f1xx_it.o
LOAD src/bsp/syscalls.o
LOAD src/bsp/sysmem.o
LOAD src/bsp/system_stm32f1xx.o
LOAD src/bsp/startup/startup_stm32f103cbtx.o
LOAD src/common/core/eeprom.o
LOAD src/common/core/filter.o
LOAD src/common/core/gps.o
LOAD src/common/core/imu.o
LOAD src/common/core/led_control.o
LOAD src/common/core/mixer.o
LOAD src/common/core/pid.o
LOAD src/common/core/radio.o
LOAD src/common/core/ring_buffer.o
LOAD src/common/core/sensor.o
LOAD src/common/core/telemetry.o
LOAD src/hw/driver/cli.o
LOAD src/hw/driver/i2c.o
LOAD src/hw/driver/led.o
LOAD src/hw/driver/timer.o
LOAD src/hw/driver/uart.o
LOAD src/hw/hw.o
LOAD src/lib/cube_f103/Drivers/STM32F1xx_HAL_Driver/Src/stm32f1xx_hal.o
LOAD src/lib/cube_f103/Drivers/STM32F1xx_HAL_Driver/Src/stm32f1xx_hal_cortex.o
LOAD src/lib/cube_f103/Drivers/STM32F1xx_HAL_Driver/Src/stm32f1xx_hal_dma.o
LOAD src/lib/cube_f103/Drivers/STM32F1xx_HAL_Driver/Src/stm32f1xx_hal_exti.o
LOAD src/lib/cube_f103/Drivers/STM32F1xx_HAL_Driver/Src/stm32f1xx_hal_flash.o
LOAD src/lib/cube_f103/Drivers/STM32F1xx_HAL_Driver/Src/stm32f1xx_hal_flash_ex.o
LOAD src/lib/cube_f103/Drivers/STM32F1xx_HAL_Driver/Src/stm32f1xx_hal_gpio.o
LOAD src/lib/cube_f103/Drivers/STM32F1xx_HAL_Driver/Src/stm32f1xx_hal_gpio_ex.o
LOAD src/lib/cube_f103/Drivers/STM32F1xx_HAL_Driver/Src/stm32f1xx_hal_i2c.o
LOAD src/lib/cube_f103/Drivers/STM32F1xx_HAL_Driver/Src/stm32f1xx_hal_pwr.o
LOAD src/lib/cube_f103/Drivers/STM32F1xx_HAL_Driver/Src/stm32f1xx_hal_rcc.o
LOAD src/lib/cube_f103/Drivers/STM32F1xx_HAL_Driver/Src/stm32f1xx_hal_rcc_ex.o
LOAD src/lib/cube_f103/Drivers/STM32F1xx_HAL_Driver/Src/stm32f1xx_hal_tim.o
LOAD src/lib/cube_f103/Drivers/STM32F1xx_HAL_Driver/Src/stm32f1xx_hal_tim_ex.o
LOAD src/lib/cube_f103/Drivers/STM32F1xx_HAL_Driver/Src/stm32f1xx_hal_uart.o
LOAD src/main.o
START GROUP
LOAD c:/st/stm32cubeide_1.5.0/stm32cubeide/plugins/com.st.stm32cube.ide.mcu.externaltools.gnu-tools-for-stm32.7-2018-q2-update.win32_1.5.0.202011040924/tools/bin/../lib/gcc/arm-none-eabi/7.3.1/../../../../arm-none-eabi/lib/thumb/v7-m\libc_nano.a
LOAD c:/st/stm32cubeide_1.5.0/stm32cubeide/plugins/com.st.stm32cube.ide.mcu.externaltools.gnu-tools-for-stm32.7-2018-q2-update.win32_1.5.0.202011040924/tools/bin/../lib/gcc/arm-none-eabi/7.3.1/../../../../arm-none-eabi/lib/thumb/v7-m\libm.a
END GROUP
START GROUP
LOAD c:/st/stm32cubeide_1.5.0/stm32cubeide/plugins/com.st.stm32cube.ide.mcu.externaltools.gnu-tools-for-stm32.7-2018-q2-update.win32_1.5.0.202011040924/tools/bin/../lib/gcc/arm-none-eabi/7.3.1/thumb/v7-m\libgcc.a
LOAD c:/st/stm32cubeide_1.5.0/stm32cubeide/plugins/com.st.stm32cube.ide.mcu.externaltools.gnu-tools-for-stm32.7-2018-q2-update.win32_1.5.0.202011040924/tools/bin/../lib/gcc/arm-none-eabi/7.3.1/../../../../arm-none-eabi/lib/thumb/v7-m\libc_nano.a
END GROUP
START GROUP
LOAD c:/st/stm32cubeide_1.5.0/stm32cubeide/plugins/com.st.stm32cube.ide.mcu.externaltools.gnu-tools-for-stm32.7-2018-q2-update.win32_1.5.0.202011040924/tools/bin/../lib/gcc/arm-none-eabi/7.3.1/thumb/v7-m\libgcc.a
LOAD c:/st/stm32cubeide_1.5.0/stm32cubeide/plugins/com.st.stm32cube.ide.mcu.externaltools.gnu-tools-for-stm32.7-2018-q2-update.win32_1.5.0.202011040924/tools/bin/../lib/gcc/arm-none-eabi/7.3.1/../../../../arm-none-eabi/lib/thumb/v7-m\libc_nano.a
LOAD c:/st/stm32cubeide_1.5.0/stm32cubeide/plugins/com.st.stm32cube.ide.mcu.externaltools.gnu-tools-for-stm32.7-2018-q2-update.win32_1.5.0.202011040924/tools/bin/../lib/gcc/arm-none-eabi/7.3.1/../../../../arm-none-eabi/lib/thumb/v7-m\libnosys.a
END GROUP
START GROUP
LOAD c:/st/stm32cubeide_1.5.0/stm32cubeide/plugins/com.st.stm32cube.ide.mcu.externaltools.gnu-tools-for-stm32.7-2018-q2-update.win32_1.5.0.202011040924/tools/bin/../lib/gcc/arm-none-eabi/7.3.1/thumb/v7-m\libgcc.a
LOAD c:/st/stm32cubeide_1.5.0/stm32cubeide/plugins/com.st.stm32cube.ide.mcu.externaltools.gnu-tools-for-stm32.7-2018-q2-update.win32_1.5.0.202011040924/tools/bin/../lib/gcc/arm-none-eabi/7.3.1/../../../../arm-none-eabi/lib/thumb/v7-m\libc_nano.a
LOAD c:/st/stm32cubeide_1.5.0/stm32cubeide/plugins/com.st.stm32cube.ide.mcu.externaltools.gnu-tools-for-stm32.7-2018-q2-update.win32_1.5.0.202011040924/tools/bin/../lib/gcc/arm-none-eabi/7.3.1/../../../../arm-none-eabi/lib/thumb/v7-m\libnosys.a
END GROUP
LOAD c:/st/stm32cubeide_1.5.0/stm32cubeide/plugins/com.st.stm32cube.ide.mcu.externaltools.gnu-tools-for-stm32.7-2018-q2-update.win32_1.5.0.202011040924/tools/bin/../lib/gcc/arm-none-eabi/7.3.1/thumb/v7-m/crtend.o
LOAD c:/st/stm32cubeide_1.5.0/stm32cubeide/plugins/com.st.stm32cube.ide.mcu.externaltools.gnu-tools-for-stm32.7-2018-q2-update.win32_1.5.0.202011040924/tools/bin/../lib/gcc/arm-none-eabi/7.3.1/thumb/v7-m/crtn.o
                0x0000000020005000                _estack = (ORIGIN (RAM) + LENGTH (RAM))
                0x0000000000000200                _Min_Heap_Size = 0x200
                0x0000000000000400                _Min_Stack_Size = 0x400

.isr_vector     0x0000000008000000      0x130
                0x0000000008000000                . = ALIGN (0x4)
 *(.isr_vector)
 .isr_vector    0x0000000008000000      0x130 src/bsp/startup/startup_stm32f103cbtx.o
                0x0000000008000000                g_pfnVectors
                0x0000000008000130                . = ALIGN (0x4)

.text           0x0000000008000130    0x19a2c
                0x0000000008000130                . = ALIGN (0x4)
 *(.text)
 .text          0x0000000008000130       0x40 c:/st/stm32cubeide_1.5.0/stm32cubeide/plugins/com.st.stm32cube.ide.mcu.externaltools.gnu-tools-for-stm32.7-2018-q2-update.win32_1.5.0.202011040924/tools/bin/../lib/gcc/arm-none-eabi/7.3.1/thumb/v7-m/crtbegin.o
 .text          0x0000000008000170       0x14 c:/st/stm32cubeide_1.5.0/stm32cubeide/plugins/com.st.stm32cube.ide.mcu.externaltools.gnu-tools-for-stm32.7-2018-q2-update.win32_1.5.0.202011040924/tools/bin/../lib/gcc/arm-none-eabi/7.3.1/../../../../arm-none-eabi/lib/thumb/v7-m\libc_nano.a(lib_a-strcmp.o)
                0x0000000008000170                strcmp
 .text          0x0000000008000184       0x10 c:/st/stm32cubeide_1.5.0/stm32cubeide/plugins/com.st.stm32cube.ide.mcu.externaltools.gnu-tools-for-stm32.7-2018-q2-update.win32_1.5.0.202011040924/tools/bin/../lib/gcc/arm-none-eabi/7.3.1/../../../../arm-none-eabi/lib/thumb/v7-m\libc_nano.a(lib_a-strlen.o)
                0x0000000008000184                strlen
 .text          0x0000000008000194      0x378 c:/st/stm32cubeide_1.5.0/stm32cubeide/plugins/com.st.stm32cube.ide.mcu.externaltools.gnu-tools-for-stm32.7-2018-q2-update.win32_1.5.0.202011040924/tools/bin/../lib/gcc/arm-none-eabi/7.3.1/thumb/v7-m\libgcc.a(_arm_addsubdf3.o)
                0x0000000008000194                __aeabi_drsub
                0x000000000800019c                __aeabi_dsub
                0x000000000800019c                __subdf3
                0x00000000080001a0                __aeabi_dadd
                0x00000000080001a0                __adddf3
                0x0000000008000418                __floatunsidf
                0x0000000008000418                __aeabi_ui2d
                0x0000000008000438                __floatsidf
                0x0000000008000438                __aeabi_i2d
                0x000000000800045c                __aeabi_f2d
                0x000000000800045c                __extendsfdf2
                0x00000000080004a0                __floatundidf
                0x00000000080004a0                __aeabi_ul2d
                0x00000000080004b0                __floatdidf
                0x00000000080004b0                __aeabi_l2d
 .text          0x000000000800050c      0x424 c:/st/stm32cubeide_1.5.0/stm32cubeide/plugins/com.st.stm32cube.ide.mcu.externaltools.gnu-tools-for-stm32.7-2018-q2-update.win32_1.5.0.202011040924/tools/bin/../lib/gcc/arm-none-eabi/7.3.1/thumb/v7-m\libgcc.a(_arm_muldivdf3.o)
                0x000000000800050c                __aeabi_dmul
                0x000000000800050c                __muldf3
                0x0000000008000760                __divdf3
                0x0000000008000760                __aeabi_ddiv
 .text          0x0000000008000930      0x110 c:/st/stm32cubeide_1.5.0/stm32cubeide/plugins/com.st.stm32cube.ide.mcu.externaltools.gnu-tools-for-stm32.7-2018-q2-update.win32_1.5.0.202011040924/tools/bin/../lib/gcc/arm-none-eabi/7.3.1/thumb/v7-m\libgcc.a(_arm_cmpdf2.o)
                0x0000000008000930                __gtdf2
                0x0000000008000930                __gedf2
                0x0000000008000938                __ltdf2
                0x0000000008000938                __ledf2
                0x0000000008000940                __nedf2
                0x0000000008000940                __eqdf2
                0x0000000008000940                __cmpdf2
                0x00000000080009bc                __aeabi_cdrcmple
                0x00000000080009cc                __aeabi_cdcmpeq
                0x00000000080009cc                __aeabi_cdcmple
                0x00000000080009dc                __aeabi_dcmpeq
                0x00000000080009f0                __aeabi_dcmplt
                0x0000000008000a04                __aeabi_dcmple
                0x0000000008000a18                __aeabi_dcmpge
                0x0000000008000a2c                __aeabi_dcmpgt
 .text          0x0000000008000a40       0x2c c:/st/stm32cubeide_1.5.0/stm32cubeide/plugins/com.st.stm32cube.ide.mcu.externaltools.gnu-tools-for-stm32.7-2018-q2-update.win32_1.5.0.202011040924/tools/bin/../lib/gcc/arm-none-eabi/7.3.1/thumb/v7-m\libgcc.a(_arm_unorddf2.o)
                0x0000000008000a40                __unorddf2
                0x0000000008000a40                __aeabi_dcmpun
 .text          0x0000000008000a6c       0x50 c:/st/stm32cubeide_1.5.0/stm32cubeide/plugins/com.st.stm32cube.ide.mcu.externaltools.gnu-tools-for-stm32.7-2018-q2-update.win32_1.5.0.202011040924/tools/bin/../lib/gcc/arm-none-eabi/7.3.1/thumb/v7-m\libgcc.a(_arm_fixdfsi.o)
                0x0000000008000a6c                __aeabi_d2iz
                0x0000000008000a6c                __fixdfsi
 .text          0x0000000008000abc       0x40 c:/st/stm32cubeide_1.5.0/stm32cubeide/plugins/com.st.stm32cube.ide.mcu.externaltools.gnu-tools-for-stm32.7-2018-q2-update.win32_1.5.0.202011040924/tools/bin/../lib/gcc/arm-none-eabi/7.3.1/thumb/v7-m\libgcc.a(_arm_fixunsdfsi.o)
                0x0000000008000abc                __aeabi_d2uiz
                0x0000000008000abc                __fixunsdfsi
 .text          0x0000000008000afc       0xa0 c:/st/stm32cubeide_1.5.0/stm32cubeide/plugins/com.st.stm32cube.ide.mcu.externaltools.gnu-tools-for-stm32.7-2018-q2-update.win32_1.5.0.202011040924/tools/bin/../lib/gcc/arm-none-eabi/7.3.1/thumb/v7-m\libgcc.a(_arm_truncdfsf2.o)
                0x0000000008000afc                __truncdfsf2
                0x0000000008000afc                __aeabi_d2f
 .text          0x0000000008000b9c      0x21c c:/st/stm32cubeide_1.5.0/stm32cubeide/plugins/com.st.stm32cube.ide.mcu.externaltools.gnu-tools-for-stm32.7-2018-q2-update.win32_1.5.0.202011040924/tools/bin/../lib/gcc/arm-none-eabi/7.3.1/thumb/v7-m\libgcc.a(_arm_addsubsf3.o)
                0x0000000008000b9c                __aeabi_frsub
                0x0000000008000ba4                __subsf3
                0x0000000008000ba4                __aeabi_fsub
                0x0000000008000ba8                __aeabi_fadd
                0x0000000008000ba8                __addsf3
                0x0000000008000d08                __aeabi_ui2f
                0x0000000008000d08                __floatunsisf
                0x0000000008000d10                __aeabi_i2f
                0x0000000008000d10                __floatsisf
                0x0000000008000d2c                __aeabi_ul2f
                0x0000000008000d2c                __floatundisf
                0x0000000008000d3c                __aeabi_l2f
                0x0000000008000d3c                __floatdisf
 .text          0x0000000008000db8      0x2a0 c:/st/stm32cubeide_1.5.0/stm32cubeide/plugins/com.st.stm32cube.ide.mcu.externaltools.gnu-tools-for-stm32.7-2018-q2-update.win32_1.5.0.202011040924/tools/bin/../lib/gcc/arm-none-eabi/7.3.1/thumb/v7-m\libgcc.a(_arm_muldivsf3.o)
                0x0000000008000db8                __mulsf3
                0x0000000008000db8                __aeabi_fmul
                0x0000000008000f20                __aeabi_fdiv
                0x0000000008000f20                __divsf3
 .text          0x0000000008001058       0xec c:/st/stm32cubeide_1.5.0/stm32cubeide/plugins/com.st.stm32cube.ide.mcu.externaltools.gnu-tools-for-stm32.7-2018-q2-update.win32_1.5.0.202011040924/tools/bin/../lib/gcc/arm-none-eabi/7.3.1/thumb/v7-m\libgcc.a(_arm_cmpsf2.o)
                0x0000000008001058                __gesf2
                0x0000000008001058                __gtsf2
                0x0000000008001060                __lesf2
                0x0000000008001060                __ltsf2
                0x0000000008001068                __nesf2
                0x0000000008001068                __eqsf2
                0x0000000008001068                __cmpsf2
                0x00000000080010c8                __aeabi_cfrcmple
                0x00000000080010d0                __aeabi_cfcmpeq
                0x00000000080010d0                __aeabi_cfcmple
                0x00000000080010e0                __aeabi_fcmpeq
                0x00000000080010f4                __aeabi_fcmplt
                0x0000000008001108                __aeabi_fcmple
                0x000000000800111c                __aeabi_fcmpge
                0x0000000008001130                __aeabi_fcmpgt
 .text          0x0000000008001144       0x2c c:/st/stm32cubeide_1.5.0/stm32cubeide/plugins/com.st.stm32cube.ide.mcu.externaltools.gnu-tools-for-stm32.7-2018-q2-update.win32_1.5.0.202011040924/tools/bin/../lib/gcc/arm-none-eabi/7.3.1/thumb/v7-m\libgcc.a(_arm_unordsf2.o)
                0x0000000008001144                __unordsf2
                0x0000000008001144                __aeabi_fcmpun
 .text          0x0000000008001170       0x4c c:/st/stm32cubeide_1.5.0/stm32cubeide/plugins/com.st.stm32cube.ide.mcu.externaltools.gnu-tools-for-stm32.7-2018-q2-update.win32_1.5.0.202011040924/tools/bin/../lib/gcc/arm-none-eabi/7.3.1/thumb/v7-m\libgcc.a(_arm_fixsfsi.o)
                0x0000000008001170                __aeabi_f2iz
                0x0000000008001170                __fixsfsi
 .text          0x00000000080011bc       0x40 c:/st/stm32cubeide_1.5.0/stm32cubeide/plugins/com.st.stm32cube.ide.mcu.externaltools.gnu-tools-for-stm32.7-2018-q2-update.win32_1.5.0.202011040924/tools/bin/../lib/gcc/arm-none-eabi/7.3.1/thumb/v7-m\libgcc.a(_arm_fixunssfsi.o)
                0x00000000080011bc                __fixunssfsi
                0x00000000080011bc                __aeabi_f2uiz
 *(.text*)
 .text.apInit   0x00000000080011fc       0x58 src/ap/ap.o
                0x00000000080011fc                apInit
 .text.apMain   0x0000000008001254      0x200 src/ap/ap.o
                0x0000000008001254                apMain
 .text.HAL_SYSTICK_Callback
                0x0000000008001454       0x1c src/bsp/bsp.o
                0x0000000008001454                HAL_SYSTICK_Callback
 .text.bspInit  0x0000000008001470       0x4c src/bsp/bsp.o
                0x0000000008001470                bspInit
 .text.millis   0x00000000080014bc        0xe src/bsp/bsp.o
                0x00000000080014bc                millis
 *fill*         0x00000000080014ca        0x2 
 .text.micros   0x00000000080014cc       0x44 src/bsp/bsp.o
                0x00000000080014cc                micros
 .text.__io_putchar
                0x0000000008001510       0x1e src/bsp/bsp.o
                0x0000000008001510                __io_putchar
 .text.SystemClock_Config
                0x000000000800152e       0x8a src/bsp/bsp.o
                0x000000000800152e                SystemClock_Config
 .text.Error_Handler
                0x00000000080015b8        0xc src/bsp/bsp.o
                0x00000000080015b8                Error_Handler
 .text.HAL_MspInit
                0x00000000080015c4       0x64 src/bsp/stm32f1xx_hal_msp.o
                0x00000000080015c4                HAL_MspInit
 .text.NMI_Handler
                0x0000000008001628        0x6 src/bsp/stm32f1xx_it.o
                0x0000000008001628                NMI_Handler
 .text.HardFault_Handler
                0x000000000800162e        0x6 src/bsp/stm32f1xx_it.o
                0x000000000800162e                HardFault_Handler
 .text.MemManage_Handler
                0x0000000008001634        0x6 src/bsp/stm32f1xx_it.o
                0x0000000008001634                MemManage_Handler
 .text.BusFault_Handler
                0x000000000800163a        0x6 src/bsp/stm32f1xx_it.o
                0x000000000800163a                BusFault_Handler
 .text.UsageFault_Handler
                0x0000000008001640        0x6 src/bsp/stm32f1xx_it.o
                0x0000000008001640                UsageFault_Handler
 .text.SVC_Handler
                0x0000000008001646        0xc src/bsp/stm32f1xx_it.o
                0x0000000008001646                SVC_Handler
 .text.DebugMon_Handler
                0x0000000008001652        0xc src/bsp/stm32f1xx_it.o
                0x0000000008001652                DebugMon_Handler
 .text.PendSV_Handler
                0x000000000800165e        0xc src/bsp/stm32f1xx_it.o
                0x000000000800165e                PendSV_Handler
 .text.SysTick_Handler
                0x000000000800166a       0x10 src/bsp/stm32f1xx_it.o
                0x000000000800166a                SysTick_Handler
 *fill*         0x000000000800167a        0x2 
 .text.DMA1_Channel4_IRQHandler
                0x000000000800167c       0x14 src/bsp/stm32f1xx_it.o
                0x000000000800167c                DMA1_Channel4_IRQHandler
 .text.DMA1_Channel5_IRQHandler
                0x0000000008001690       0x14 src/bsp/stm32f1xx_it.o
                0x0000000008001690                DMA1_Channel5_IRQHandler
 .text.DMA1_Channel6_IRQHandler
                0x00000000080016a4       0x14 src/bsp/stm32f1xx_it.o
                0x00000000080016a4                DMA1_Channel6_IRQHandler
 .text.DMA1_Channel7_IRQHandler
                0x00000000080016b8       0x14 src/bsp/stm32f1xx_it.o
                0x00000000080016b8                DMA1_Channel7_IRQHandler
 .text.TIM2_IRQHandler
                0x00000000080016cc       0x14 src/bsp/stm32f1xx_it.o
                0x00000000080016cc                TIM2_IRQHandler
 .text.TIM3_IRQHandler
                0x00000000080016e0       0x14 src/bsp/stm32f1xx_it.o
                0x00000000080016e0                TIM3_IRQHandler
 .text.TIM4_IRQHandler
                0x00000000080016f4       0x14 src/bsp/stm32f1xx_it.o
                0x00000000080016f4                TIM4_IRQHandler
 .text.USART1_IRQHandler
                0x0000000008001708       0x14 src/bsp/stm32f1xx_it.o
                0x0000000008001708                USART1_IRQHandler
 .text.USART2_IRQHandler
                0x000000000800171c       0x14 src/bsp/stm32f1xx_it.o
                0x000000000800171c                USART2_IRQHandler
 .text._read    0x0000000008001730       0x3a src/bsp/syscalls.o
                0x0000000008001730                _read
 .text._write   0x000000000800176a       0x38 src/bsp/syscalls.o
                0x000000000800176a                _write
 .text._close   0x00000000080017a2       0x16 src/bsp/syscalls.o
                0x00000000080017a2                _close
 .text._fstat   0x00000000080017b8       0x1e src/bsp/syscalls.o
                0x00000000080017b8                _fstat
 .text._isatty  0x00000000080017d6       0x14 src/bsp/syscalls.o
                0x00000000080017d6                _isatty
 .text._lseek   0x00000000080017ea       0x18 src/bsp/syscalls.o
                0x00000000080017ea                _lseek
 *fill*         0x0000000008001802        0x2 
 .text._sbrk    0x0000000008001804       0x6c src/bsp/sysmem.o
                0x0000000008001804                _sbrk
 .text.SystemInit
                0x0000000008001870        0xc src/bsp/system_stm32f1xx.o
                0x0000000008001870                SystemInit
 .text.Reset_Handler
                0x000000000800187c       0x50 src/bsp/startup/startup_stm32f103cbtx.o
                0x000000000800187c                Reset_Handler
 .text.Default_Handler
                0x00000000080018cc        0x2 src/bsp/startup/startup_stm32f103cbtx.o
                0x00000000080018cc                EXTI2_IRQHandler
                0x00000000080018cc                TIM8_TRG_COM_IRQHandler
                0x00000000080018cc                TIM8_CC_IRQHandler
                0x00000000080018cc                TIM1_CC_IRQHandler
                0x00000000080018cc                TIM6_IRQHandler
                0x00000000080018cc                PVD_IRQHandler
                0x00000000080018cc                SDIO_IRQHandler
                0x00000000080018cc                EXTI3_IRQHandler
                0x00000000080018cc                USB_HP_CAN_TX_IRQHandler
                0x00000000080018cc                EXTI0_IRQHandler
                0x00000000080018cc                I2C2_EV_IRQHandler
                0x00000000080018cc                ADC1_2_IRQHandler
                0x00000000080018cc                SPI1_IRQHandler
                0x00000000080018cc                CAN_SCE_IRQHandler
                0x00000000080018cc                TAMPER_IRQHandler
                0x00000000080018cc                TIM8_UP_IRQHandler
                0x00000000080018cc                DMA2_Channel2_IRQHandler
                0x00000000080018cc                USART3_IRQHandler
                0x00000000080018cc                RTC_IRQHandler
                0x00000000080018cc                UART5_IRQHandler
                0x00000000080018cc                ADC3_IRQHandler
                0x00000000080018cc                CAN_RX1_IRQHandler
                0x00000000080018cc                DMA2_Channel1_IRQHandler
                0x00000000080018cc                I2C1_EV_IRQHandler
                0x00000000080018cc                UART4_IRQHandler
                0x00000000080018cc                RCC_IRQHandler
                0x00000000080018cc                TIM1_TRG_COM_IRQHandler
                0x00000000080018cc                DMA1_Channel1_IRQHandler
                0x00000000080018cc                Default_Handler
                0x00000000080018cc                EXTI15_10_IRQHandler
                0x00000000080018cc                TIM7_IRQHandler
                0x00000000080018cc                TIM5_IRQHandler
                0x00000000080018cc                EXTI9_5_IRQHandler
                0x00000000080018cc                SPI2_IRQHandler
                0x00000000080018cc                USB_LP_CAN_RX0_IRQHandler
                0x00000000080018cc                EXTI4_IRQHandler
                0x00000000080018cc                DMA1_Channel3_IRQHandler
                0x00000000080018cc                FSMC_IRQHandler
                0x00000000080018cc                TIM1_UP_IRQHandler
                0x00000000080018cc                WWDG_IRQHandler
                0x00000000080018cc                TIM1_BRK_IRQHandler
                0x00000000080018cc                EXTI1_IRQHandler
                0x00000000080018cc                RTCAlarm_IRQHandler
                0x00000000080018cc                DMA2_Channel4_5_IRQHandler
                0x00000000080018cc                I2C2_ER_IRQHandler
                0x00000000080018cc                DMA1_Channel2_IRQHandler
                0x00000000080018cc                TIM8_BRK_IRQHandler
                0x00000000080018cc                FLASH_IRQHandler
                0x00000000080018cc                SPI3_IRQHandler
                0x00000000080018cc                I2C1_ER_IRQHandler
                0x00000000080018cc                DMA2_Channel3_IRQHandler
 *fill*         0x00000000080018ce        0x2 
 .text.EEPROM_Init
                0x00000000080018d0      0x1cc src/common/core/eeprom.o
                0x00000000080018d0                EEPROM_Init
 .text.writeFloat
                0x0000000008001a9c       0x1e src/common/core/eeprom.o
                0x0000000008001a9c                writeFloat
 *fill*         0x0000000008001aba        0x2 
 .text.readFloat
                0x0000000008001abc       0x24 src/common/core/eeprom.o
                0x0000000008001abc                readFloat
 .text.write_1  0x0000000008001ae0       0x6a src/common/core/eeprom.o
                0x0000000008001ae0                write_1
 .text.write_2  0x0000000008001b4a       0x38 src/common/core/eeprom.o
                0x0000000008001b4a                write_2
 .text.read_1   0x0000000008001b82       0x56 src/common/core/eeprom.o
                0x0000000008001b82                read_1
 .text.read_2   0x0000000008001bd8       0x68 src/common/core/eeprom.o
                0x0000000008001bd8                read_2
 .text.quickMedianFilter3
                0x0000000008001c40       0x7a src/common/core/filter.o
                0x0000000008001c40                quickMedianFilter3
 .text.get_P    0x0000000008001cba       0x30 src/common/core/gps.o
                0x0000000008001cba                get_P
 .text.get_I    0x0000000008001cea       0x9c src/common/core/gps.o
                0x0000000008001cea                get_I
 *fill*         0x0000000008001d86        0x2 
 .text.get_D    0x0000000008001d88       0xb8 src/common/core/gps.o
                0x0000000008001d88                get_D
 .text.reset_PID
                0x0000000008001e40       0x28 src/common/core/gps.o
                0x0000000008001e40                reset_PID
 .text.gps_Init
                0x0000000008001e68       0x94 src/common/core/gps.o
                0x0000000008001e68                gps_Init
 .text.constrain_int16
                0x0000000008001efc       0x3e src/common/core/gps.o
                0x0000000008001efc                constrain_int16
 *fill*         0x0000000008001f3a        0x2 
 .text.GPS_mode_check
                0x0000000008001f3c      0x124 src/common/core/gps.o
                0x0000000008001f3c                GPS_mode_check
 .text.GPS_Compute
                0x0000000008002060      0x1ac src/common/core/gps.o
                0x0000000008002060                GPS_Compute
 *fill*         0x000000000800220c        0x4 
 .text.GPS_bearing
                0x0000000008002210       0xc4 src/common/core/gps.o
                0x0000000008002210                GPS_bearing
 *fill*         0x00000000080022d4        0x4 
 .text.GPS_distance_cm
                0x00000000080022d8       0xac src/common/core/gps.o
 .text.GPS_calc_velocity
                0x0000000008002384       0xb8 src/common/core/gps.o
 .text.GPS_calc_location_error
                0x000000000800243c       0x58 src/common/core/gps.o
 .text.GPS_calc_poshold
                0x0000000008002494      0x160 src/common/core/gps.o
 .text.GPS_calc_longitude_scaling
                0x00000000080025f4       0x5c src/common/core/gps.o
                0x00000000080025f4                GPS_calc_longitude_scaling
 .text.GPS_set_next_wp
                0x0000000008002650       0x9c src/common/core/gps.o
                0x0000000008002650                GPS_set_next_wp
 .text.GPS_reset_home_position
                0x00000000080026ec       0x60 src/common/core/gps.o
                0x00000000080026ec                GPS_reset_home_position
 .text.GPS_reset_nav
                0x000000000800274c       0x90 src/common/core/gps.o
                0x000000000800274c                GPS_reset_nav
 .text.GPS_newFrame
                0x00000000080027dc      0x3e8 src/common/core/gps.o
                0x00000000080027dc                GPS_newFrame
 .text.GPS_coord_to_degrees
                0x0000000008002bc4      0x128 src/common/core/gps.o
                0x0000000008002bc4                GPS_coord_to_degrees
 .text.grab_fields
                0x0000000008002cec       0x98 src/common/core/gps.o
                0x0000000008002cec                grab_fields
 .text.hex_c    0x0000000008002d84       0x30 src/common/core/gps.o
                0x0000000008002d84                hex_c
 .text.GPS_set_pids
                0x0000000008002db4       0x78 src/common/core/gps.o
                0x0000000008002db4                GPS_set_pids
 .text.cliGps   0x0000000008002e2c      0x120 src/common/core/gps.o
 .text.invSqrt  0x0000000008002f4c       0xb0 src/common/core/imu.o
                0x0000000008002f4c                invSqrt
 *fill*         0x0000000008002ffc        0x4 
 .text.calculateAngles
                0x0000000008003000      0x42c src/common/core/imu.o
                0x0000000008003000                calculateAngles
 .text.TM_AHRSIMU_Init
                0x000000000800342c       0x68 src/common/core/imu.o
                0x000000000800342c                TM_AHRSIMU_Init
 .text.TM_AHRSIMU_UpdateIMU
                0x0000000008003494      0x768 src/common/core/imu.o
                0x0000000008003494                TM_AHRSIMU_UpdateIMU
 .text.computeIMU
                0x0000000008003bfc       0x4c src/common/core/imu.o
                0x0000000008003bfc                computeIMU
 .text.cliImu   0x0000000008003c48       0xf4 src/common/core/imu.o
 .text.error_signal
                0x0000000008003d3c       0x98 src/common/core/led_control.o
                0x0000000008003d3c                error_signal
 .text.flight_mode_signal
                0x0000000008003dd4      0x11c src/common/core/led_control.o
                0x0000000008003dd4                flight_mode_signal
 .text.mixerInit
                0x0000000008003ef0       0x44 src/common/core/mixer.o
                0x0000000008003ef0                mixerInit
 .text.mixTable
                0x0000000008003f34      0x230 src/common/core/mixer.o
                0x0000000008003f34                mixTable
 .text.PIDControlInit
                0x0000000008004164      0x294 src/common/core/pid.o
                0x0000000008004164                PIDControlInit
 .text.Control  0x00000000080043f8      0x2d4 src/common/core/pid.o
                0x00000000080043f8                Control
 .text.AcroPID  0x00000000080046cc      0x45c src/common/core/pid.o
 .text.AnglePID
                0x0000000008004b28      0x65c src/common/core/pid.o
 .text.GpsPID   0x0000000008005184      0x66c src/common/core/pid.o
 .text.constrain
                0x00000000080057f0       0x30 src/common/core/pid.o
                0x00000000080057f0                constrain
 .text.HAL_TIM_IC_CaptureCallback
                0x0000000008005820      0x2ac src/common/core/radio.o
                0x0000000008005820                HAL_TIM_IC_CaptureCallback
 .text.mwArm    0x0000000008005acc       0x30 src/common/core/radio.o
                0x0000000008005acc                mwArm
 .text.mwDisarm
                0x0000000008005afc       0x20 src/common/core/radio.o
                0x0000000008005afc                mwDisarm
 .text.computeRC
                0x0000000008005b1c      0x540 src/common/core/radio.o
                0x0000000008005b1c                computeRC
 .text.QueueCreate
                0x000000000800605c       0x40 src/common/core/ring_buffer.o
                0x000000000800605c                QueueCreate
 .text.Q_empty  0x000000000800609c       0x28 src/common/core/ring_buffer.o
                0x000000000800609c                Q_empty
 .text.Q_read   0x00000000080060c4       0x7c src/common/core/ring_buffer.o
                0x00000000080060c4                Q_read
 .text.QueueAvailable
                0x0000000008006140       0x36 src/common/core/ring_buffer.o
                0x0000000008006140                QueueAvailable
 *fill*         0x0000000008006176        0x2 
 .text.getMres  0x0000000008006178       0x3c src/common/core/sensor.o
                0x0000000008006178                getMres
 .text.getGres  0x00000000080061b4       0x64 src/common/core/sensor.o
                0x00000000080061b4                getGres
 .text.getAres  0x0000000008006218       0x5c src/common/core/sensor.o
                0x0000000008006218                getAres
 .text.MPU9250_Init
                0x0000000008006274      0x200 src/common/core/sensor.o
                0x0000000008006274                MPU9250_Init
 .text.Calibrate_gyro
                0x0000000008006474       0xe8 src/common/core/sensor.o
                0x0000000008006474                Calibrate_gyro
 .text.Gyro_getADC
                0x000000000800655c       0x80 src/common/core/sensor.o
                0x000000000800655c                Gyro_getADC
 .text.GYRO_Common
                0x00000000080065dc       0xec src/common/core/sensor.o
                0x00000000080065dc                GYRO_Common
 .text.ACC_getADC
                0x00000000080066c8       0x8c src/common/core/sensor.o
                0x00000000080066c8                ACC_getADC
 .text.ACC_Common
                0x0000000008006754      0x17c src/common/core/sensor.o
                0x0000000008006754                ACC_Common
 .text.Mag_getADC
                0x00000000080068d0       0xb0 src/common/core/sensor.o
                0x00000000080068d0                Mag_getADC
 .text.MAG_Common
                0x0000000008006980      0x37c src/common/core/sensor.o
                0x0000000008006980                MAG_Common
 *fill*         0x0000000008006cfc        0x4 
 .text.CAL_Heading
                0x0000000008006d00      0x168 src/common/core/sensor.o
                0x0000000008006d00                CAL_Heading
 .text.Temp_getADC
                0x0000000008006e68       0x6c src/common/core/sensor.o
                0x0000000008006e68                Temp_getADC
 .text.calibrateMPU9250
                0x0000000008006ed4      0x5a8 src/common/core/sensor.o
                0x0000000008006ed4                calibrateMPU9250
 .text.initAK8963
                0x000000000800747c      0x120 src/common/core/sensor.o
                0x000000000800747c                initAK8963
 *fill*         0x000000000800759c        0x4 
 .text.MPU9250SelfTest
                0x00000000080075a0      0x7e0 src/common/core/sensor.o
                0x00000000080075a0                MPU9250SelfTest
 .text.MS5611_Init
                0x0000000008007d80       0xc4 src/common/core/sensor.o
                0x0000000008007d80                MS5611_Init
 .text.applyBarometerMedianFilter
                0x0000000008007e44       0x5c src/common/core/sensor.o
 .text.Baro_Common
                0x0000000008007ea0       0x78 src/common/core/sensor.o
                0x0000000008007ea0                Baro_Common
 .text.Baro_update
                0x0000000008007f18       0xbc src/common/core/sensor.o
                0x0000000008007f18                Baro_update
 .text.getEstimatedAltitude
                0x0000000008007fd4      0x208 src/common/core/sensor.o
                0x0000000008007fd4                getEstimatedAltitude
 .text.isBaroCalibrationComplete
                0x00000000080081dc       0x20 src/common/core/sensor.o
                0x00000000080081dc                isBaroCalibrationComplete
 .text.MS561101BA_Calculate
                0x00000000080081fc      0x408 src/common/core/sensor.o
                0x00000000080081fc                MS561101BA_Calculate
 .text.readRegister16
                0x0000000008008604       0x4c src/common/core/sensor.o
                0x0000000008008604                readRegister16
 .text.readRegister24
                0x0000000008008650       0x50 src/common/core/sensor.o
                0x0000000008008650                readRegister24
 .text.cliBaro  0x00000000080086a0       0xdc src/common/core/sensor.o
 .text.serialize8
                0x000000000800877c       0x3c src/common/core/telemetry.o
 .text.read8    0x00000000080087b8       0x28 src/common/core/telemetry.o
 .text.read16   0x00000000080087e0       0x28 src/common/core/telemetry.o
 .text.headSerialResponse
                0x0000000008008808       0x58 src/common/core/telemetry.o
 .text.headSerialReply
                0x0000000008008860       0x1c src/common/core/telemetry.o
 .text.tailSerialReply
                0x000000000800887c       0x2c src/common/core/telemetry.o
 .text.s_struct_partial
                0x00000000080088a8       0x2e src/common/core/telemetry.o
 .text.s_struct
                0x00000000080088d6       0x2a src/common/core/telemetry.o
 .text.SerialCom
                0x0000000008008900      0x278 src/common/core/telemetry.o
                0x0000000008008900                SerialCom
 .text.evaluateCommand
                0x0000000008008b78     0x151c src/common/core/telemetry.o
                0x0000000008008b78                evaluateCommand
 .text.SerialSerialize
                0x000000000800a094       0x54 src/common/core/telemetry.o
                0x000000000800a094                SerialSerialize
 .text.UartSendData
                0x000000000800a0e8      0x108 src/common/core/telemetry.o
                0x000000000800a0e8                UartSendData
 .text.cliInit  0x000000000800a1f0       0x98 src/hw/driver/cli.o
                0x000000000800a1f0                cliInit
 .text.cliOpen  0x000000000800a288       0x3c src/hw/driver/cli.o
                0x000000000800a288                cliOpen
 .text.cliShowLog
                0x000000000800a2c4      0x104 src/hw/driver/cli.o
                0x000000000800a2c4                cliShowLog
 .text.cliShowPrompt
                0x000000000800a3c8       0x30 src/hw/driver/cli.o
 .text.cliMain  0x000000000800a3f8       0x44 src/hw/driver/cli.o
                0x000000000800a3f8                cliMain
 .text.cliUpdate
                0x000000000800a43c      0x4c8 src/hw/driver/cli.o
 .text.cliLineClean
                0x000000000800a904       0x32 src/hw/driver/cli.o
 .text.cliLineAdd
                0x000000000800a936       0xa8 src/hw/driver/cli.o
 *fill*         0x000000000800a9de        0x2 
 .text.cliLineChange
                0x000000000800a9e0      0x134 src/hw/driver/cli.o
 .text.cliRunCmd
                0x000000000800ab14       0xb4 src/hw/driver/cli.o
 .text.cliParseArgs
                0x000000000800abc8       0x90 src/hw/driver/cli.o
 .text.cliPrintf
                0x000000000800ac58       0x48 src/hw/driver/cli.o
                0x000000000800ac58                cliPrintf
 .text.cliToUpper
                0x000000000800aca0       0x66 src/hw/driver/cli.o
 *fill*         0x000000000800ad06        0x2 
 .text.cliArgsGetData
                0x000000000800ad08       0x50 src/hw/driver/cli.o
 .text.cliArgsGetFloat
                0x000000000800ad58       0x50 src/hw/driver/cli.o
 .text.cliArgsGetStr
                0x000000000800ada8       0x44 src/hw/driver/cli.o
 .text.cliArgsIsStr
                0x000000000800adec       0x54 src/hw/driver/cli.o
 .text.cliKeepLoop
                0x000000000800ae40       0x2c src/hw/driver/cli.o
                0x000000000800ae40                cliKeepLoop
 .text.cliAdd   0x000000000800ae6c       0x94 src/hw/driver/cli.o
                0x000000000800ae6c                cliAdd
 .text.cliShowList
                0x000000000800af00       0x70 src/hw/driver/cli.o
                0x000000000800af00                cliShowList
 .text.cliMemoryDump
                0x000000000800af70      0x144 src/hw/driver/cli.o
                0x000000000800af70                cliMemoryDump
 .text.i2cInit  0x000000000800b0b4       0x78 src/hw/driver/i2c.o
                0x000000000800b0b4                i2cInit
 .text.I2C_ByteWrite
                0x000000000800b12c      0x110 src/hw/driver/i2c.o
                0x000000000800b12c                I2C_ByteWrite
 .text.I2C_ByteRead
                0x000000000800b23c       0x7c src/hw/driver/i2c.o
                0x000000000800b23c                I2C_ByteRead
 .text.I2C_ByteWrite_HAL
                0x000000000800b2b8       0x7c src/hw/driver/i2c.o
                0x000000000800b2b8                I2C_ByteWrite_HAL
 .text.I2C_Write
                0x000000000800b334       0x80 src/hw/driver/i2c.o
                0x000000000800b334                I2C_Write
 .text.I2C_Read
                0x000000000800b3b4       0x7c src/hw/driver/i2c.o
                0x000000000800b3b4                I2C_Read
 .text.i2cIsDeviceReady
                0x000000000800b430       0x38 src/hw/driver/i2c.o
                0x000000000800b430                i2cIsDeviceReady
 .text.HAL_I2C_MspInit
                0x000000000800b468       0x80 src/hw/driver/i2c.o
                0x000000000800b468                HAL_I2C_MspInit
 .text.cliI2C   0x000000000800b4e8      0x1f4 src/hw/driver/i2c.o
 .text.ledInit  0x000000000800b6dc       0x9c src/hw/driver/led.o
                0x000000000800b6dc                ledInit
 .text.ledOn    0x000000000800b778       0x40 src/hw/driver/led.o
                0x000000000800b778                ledOn
 .text.ledOff   0x000000000800b7b8       0x40 src/hw/driver/led.o
                0x000000000800b7b8                ledOff
 .text.ledToggle
                0x000000000800b7f8       0x38 src/hw/driver/led.o
                0x000000000800b7f8                ledToggle
 .text.cliLed   0x000000000800b830       0xa0 src/hw/driver/led.o
 .text.timerInit
                0x000000000800b8d0      0x31c src/hw/driver/timer.o
                0x000000000800b8d0                timerInit
 .text.HAL_TIM_IC_MspInit
                0x000000000800bbec      0x124 src/hw/driver/timer.o
                0x000000000800bbec                HAL_TIM_IC_MspInit
 .text.HAL_TIM_Base_MspInit
                0x000000000800bd10       0x4c src/hw/driver/timer.o
                0x000000000800bd10                HAL_TIM_Base_MspInit
 .text.HAL_TIM_MspPostInit
                0x000000000800bd5c       0x68 src/hw/driver/timer.o
 .text.uartInit
                0x000000000800bdc4       0x34 src/hw/driver/uart.o
                0x000000000800bdc4                uartInit
 .text.uartOpen
                0x000000000800bdf8      0x200 src/hw/driver/uart.o
                0x000000000800bdf8                uartOpen
 .text.uartAvailable
                0x000000000800bff8       0xc8 src/hw/driver/uart.o
                0x000000000800bff8                uartAvailable
 .text.uartRead
                0x000000000800c0c0       0x4c src/hw/driver/uart.o
                0x000000000800c0c0                uartRead
 .text.uartWrite
                0x000000000800c10c       0x74 src/hw/driver/uart.o
                0x000000000800c10c                uartWrite
 .text.uartWriteIT
                0x000000000800c180       0x74 src/hw/driver/uart.o
                0x000000000800c180                uartWriteIT
 .text.uartPrintf
                0x000000000800c1f4       0x5a src/hw/driver/uart.o
                0x000000000800c1f4                uartPrintf
 *fill*         0x000000000800c24e        0x2 
 .text.uartGetBaud
                0x000000000800c250       0x40 src/hw/driver/uart.o
                0x000000000800c250                uartGetBaud
 .text.uartSetBaud
                0x000000000800c290       0x6c src/hw/driver/uart.o
                0x000000000800c290                uartSetBaud
 .text.HAL_UART_ErrorCallback
                0x000000000800c2fc       0x58 src/hw/driver/uart.o
                0x000000000800c2fc                HAL_UART_ErrorCallback
 .text.HAL_UART_RxCpltCallback
                0x000000000800c354       0x12 src/hw/driver/uart.o
                0x000000000800c354                HAL_UART_RxCpltCallback
 *fill*         0x000000000800c366        0x2 
 .text.HAL_UART_MspInit
                0x000000000800c368      0x27c src/hw/driver/uart.o
                0x000000000800c368                HAL_UART_MspInit
 .text.MX_DMA_Init
                0x000000000800c5e4       0x6c src/hw/driver/uart.o
 .text.hwInit   0x000000000800c650       0x68 src/hw/hw.o
                0x000000000800c650                hwInit
 .text.HAL_Init
                0x000000000800c6b8       0x2c src/lib/cube_f103/Drivers/STM32F1xx_HAL_Driver/Src/stm32f1xx_hal.o
                0x000000000800c6b8                HAL_Init
 .text.HAL_InitTick
                0x000000000800c6e4       0x60 src/lib/cube_f103/Drivers/STM32F1xx_HAL_Driver/Src/stm32f1xx_hal.o
                0x000000000800c6e4                HAL_InitTick
 .text.HAL_IncTick
                0x000000000800c744       0x24 src/lib/cube_f103/Drivers/STM32F1xx_HAL_Driver/Src/stm32f1xx_hal.o
                0x000000000800c744                HAL_IncTick
 .text.HAL_GetTick
                0x000000000800c768       0x14 src/lib/cube_f103/Drivers/STM32F1xx_HAL_Driver/Src/stm32f1xx_hal.o
                0x000000000800c768                HAL_GetTick
 .text.HAL_Delay
                0x000000000800c77c       0x44 src/lib/cube_f103/Drivers/STM32F1xx_HAL_Driver/Src/stm32f1xx_hal.o
                0x000000000800c77c                HAL_Delay
 .text.__NVIC_SetPriorityGrouping
                0x000000000800c7c0       0x48 src/lib/cube_f103/Drivers/STM32F1xx_HAL_Driver/Src/stm32f1xx_hal_cortex.o
 .text.__NVIC_GetPriorityGrouping
                0x000000000800c808       0x1c src/lib/cube_f103/Drivers/STM32F1xx_HAL_Driver/Src/stm32f1xx_hal_cortex.o
 .text.__NVIC_EnableIRQ
                0x000000000800c824       0x38 src/lib/cube_f103/Drivers/STM32F1xx_HAL_Driver/Src/stm32f1xx_hal_cortex.o
 .text.__NVIC_SetPriority
                0x000000000800c85c       0x54 src/lib/cube_f103/Drivers/STM32F1xx_HAL_Driver/Src/stm32f1xx_hal_cortex.o
 .text.NVIC_EncodePriority
                0x000000000800c8b0       0x64 src/lib/cube_f103/Drivers/STM32F1xx_HAL_Driver/Src/stm32f1xx_hal_cortex.o
 .text.SysTick_Config
                0x000000000800c914       0x44 src/lib/cube_f103/Drivers/STM32F1xx_HAL_Driver/Src/stm32f1xx_hal_cortex.o
 .text.HAL_NVIC_SetPriorityGrouping
                0x000000000800c958       0x16 src/lib/cube_f103/Drivers/STM32F1xx_HAL_Driver/Src/stm32f1xx_hal_cortex.o
                0x000000000800c958                HAL_NVIC_SetPriorityGrouping
 .text.HAL_NVIC_SetPriority
                0x000000000800c96e       0x38 src/lib/cube_f103/Drivers/STM32F1xx_HAL_Driver/Src/stm32f1xx_hal_cortex.o
                0x000000000800c96e                HAL_NVIC_SetPriority
 .text.HAL_NVIC_EnableIRQ
                0x000000000800c9a6       0x1c src/lib/cube_f103/Drivers/STM32F1xx_HAL_Driver/Src/stm32f1xx_hal_cortex.o
                0x000000000800c9a6                HAL_NVIC_EnableIRQ
 .text.HAL_SYSTICK_Config
                0x000000000800c9c2       0x18 src/lib/cube_f103/Drivers/STM32F1xx_HAL_Driver/Src/stm32f1xx_hal_cortex.o
                0x000000000800c9c2                HAL_SYSTICK_Config
 .text.HAL_SYSTICK_IRQHandler
                0x000000000800c9da        0xc src/lib/cube_f103/Drivers/STM32F1xx_HAL_Driver/Src/stm32f1xx_hal_cortex.o
                0x000000000800c9da                HAL_SYSTICK_IRQHandler
 *fill*         0x000000000800c9e6        0x2 
 .text.HAL_DMA_Init
                0x000000000800c9e8       0xb4 src/lib/cube_f103/Drivers/STM32F1xx_HAL_Driver/Src/stm32f1xx_hal_dma.o
                0x000000000800c9e8                HAL_DMA_Init
 .text.HAL_DMA_Start_IT
                0x000000000800ca9c       0xbe src/lib/cube_f103/Drivers/STM32F1xx_HAL_Driver/Src/stm32f1xx_hal_dma.o
                0x000000000800ca9c                HAL_DMA_Start_IT
 *fill*         0x000000000800cb5a        0x2 
 .text.HAL_DMA_Abort_IT
                0x000000000800cb5c       0xec src/lib/cube_f103/Drivers/STM32F1xx_HAL_Driver/Src/stm32f1xx_hal_dma.o
                0x000000000800cb5c                HAL_DMA_Abort_IT
 .text.HAL_DMA_IRQHandler
                0x000000000800cc48      0x20c src/lib/cube_f103/Drivers/STM32F1xx_HAL_Driver/Src/stm32f1xx_hal_dma.o
                0x000000000800cc48                HAL_DMA_IRQHandler
 .text.DMA_SetConfig
                0x000000000800ce54       0x5a src/lib/cube_f103/Drivers/STM32F1xx_HAL_Driver/Src/stm32f1xx_hal_dma.o
 *fill*         0x000000000800ceae        0x2 
 .text.HAL_GPIO_Init
                0x000000000800ceb0      0x2b4 src/lib/cube_f103/Drivers/STM32F1xx_HAL_Driver/Src/stm32f1xx_hal_gpio.o
                0x000000000800ceb0                HAL_GPIO_Init
 .text.HAL_GPIO_WritePin
                0x000000000800d164       0x30 src/lib/cube_f103/Drivers/STM32F1xx_HAL_Driver/Src/stm32f1xx_hal_gpio.o
                0x000000000800d164                HAL_GPIO_WritePin
 .text.HAL_GPIO_TogglePin
                0x000000000800d194       0x32 src/lib/cube_f103/Drivers/STM32F1xx_HAL_Driver/Src/stm32f1xx_hal_gpio.o
                0x000000000800d194                HAL_GPIO_TogglePin
 *fill*         0x000000000800d1c6        0x2 
 .text.HAL_I2C_Init
                0x000000000800d1c8      0x270 src/lib/cube_f103/Drivers/STM32F1xx_HAL_Driver/Src/stm32f1xx_hal_i2c.o
                0x000000000800d1c8                HAL_I2C_Init
 .text.HAL_I2C_Master_Transmit
                0x000000000800d438      0x1fc src/lib/cube_f103/Drivers/STM32F1xx_HAL_Driver/Src/stm32f1xx_hal_i2c.o
                0x000000000800d438                HAL_I2C_Master_Transmit
 .text.HAL_I2C_Master_Receive
                0x000000000800d634      0x4b4 src/lib/cube_f103/Drivers/STM32F1xx_HAL_Driver/Src/stm32f1xx_hal_i2c.o
                0x000000000800d634                HAL_I2C_Master_Receive
 .text.HAL_I2C_Mem_Write
                0x000000000800dae8      0x1f4 src/lib/cube_f103/Drivers/STM32F1xx_HAL_Driver/Src/stm32f1xx_hal_i2c.o
                0x000000000800dae8                HAL_I2C_Mem_Write
 .text.HAL_I2C_Mem_Read
                0x000000000800dcdc      0x4c4 src/lib/cube_f103/Drivers/STM32F1xx_HAL_Driver/Src/stm32f1xx_hal_i2c.o
                0x000000000800dcdc                HAL_I2C_Mem_Read
 .text.HAL_I2C_IsDeviceReady
                0x000000000800e1a0      0x25c src/lib/cube_f103/Drivers/STM32F1xx_HAL_Driver/Src/stm32f1xx_hal_i2c.o
                0x000000000800e1a0                HAL_I2C_IsDeviceReady
 .text.HAL_I2C_GetState
                0x000000000800e3fc       0x1a src/lib/cube_f103/Drivers/STM32F1xx_HAL_Driver/Src/stm32f1xx_hal_i2c.o
                0x000000000800e3fc                HAL_I2C_GetState
 *fill*         0x000000000800e416        0x2 
 .text.I2C_MasterRequestWrite
                0x000000000800e418      0x104 src/lib/cube_f103/Drivers/STM32F1xx_HAL_Driver/Src/stm32f1xx_hal_i2c.o
 .text.I2C_MasterRequestRead
                0x000000000800e51c      0x19c src/lib/cube_f103/Drivers/STM32F1xx_HAL_Driver/Src/stm32f1xx_hal_i2c.o
 .text.I2C_RequestMemoryWrite
                0x000000000800e6b8      0x12c src/lib/cube_f103/Drivers/STM32F1xx_HAL_Driver/Src/stm32f1xx_hal_i2c.o
 .text.I2C_RequestMemoryRead
                0x000000000800e7e4      0x1d0 src/lib/cube_f103/Drivers/STM32F1xx_HAL_Driver/Src/stm32f1xx_hal_i2c.o
 .text.I2C_WaitOnFlagUntilTimeout
                0x000000000800e9b4       0xae src/lib/cube_f103/Drivers/STM32F1xx_HAL_Driver/Src/stm32f1xx_hal_i2c.o
 .text.I2C_WaitOnMasterAddressFlagUntilTimeout
                0x000000000800ea62       0xfe src/lib/cube_f103/Drivers/STM32F1xx_HAL_Driver/Src/stm32f1xx_hal_i2c.o
 .text.I2C_WaitOnTXEFlagUntilTimeout
                0x000000000800eb60       0x82 src/lib/cube_f103/Drivers/STM32F1xx_HAL_Driver/Src/stm32f1xx_hal_i2c.o
 .text.I2C_WaitOnBTFFlagUntilTimeout
                0x000000000800ebe2       0x82 src/lib/cube_f103/Drivers/STM32F1xx_HAL_Driver/Src/stm32f1xx_hal_i2c.o
 .text.I2C_WaitOnRXNEFlagUntilTimeout
                0x000000000800ec64       0xac src/lib/cube_f103/Drivers/STM32F1xx_HAL_Driver/Src/stm32f1xx_hal_i2c.o
 .text.I2C_IsAcknowledgeFailed
                0x000000000800ed10       0x5c src/lib/cube_f103/Drivers/STM32F1xx_HAL_Driver/Src/stm32f1xx_hal_i2c.o
 .text.HAL_RCC_OscConfig
                0x000000000800ed6c      0x500 src/lib/cube_f103/Drivers/STM32F1xx_HAL_Driver/Src/stm32f1xx_hal_rcc.o
                0x000000000800ed6c                HAL_RCC_OscConfig
 .text.HAL_RCC_ClockConfig
                0x000000000800f26c      0x1d4 src/lib/cube_f103/Drivers/STM32F1xx_HAL_Driver/Src/stm32f1xx_hal_rcc.o
                0x000000000800f26c                HAL_RCC_ClockConfig
 .text.HAL_RCC_GetSysClockFreq
                0x000000000800f440       0xc4 src/lib/cube_f103/Drivers/STM32F1xx_HAL_Driver/Src/stm32f1xx_hal_rcc.o
                0x000000000800f440                HAL_RCC_GetSysClockFreq
 .text.HAL_RCC_GetHCLKFreq
                0x000000000800f504       0x14 src/lib/cube_f103/Drivers/STM32F1xx_HAL_Driver/Src/stm32f1xx_hal_rcc.o
                0x000000000800f504                HAL_RCC_GetHCLKFreq
 .text.HAL_RCC_GetPCLK1Freq
                0x000000000800f518       0x28 src/lib/cube_f103/Drivers/STM32F1xx_HAL_Driver/Src/stm32f1xx_hal_rcc.o
                0x000000000800f518                HAL_RCC_GetPCLK1Freq
 .text.HAL_RCC_GetPCLK2Freq
                0x000000000800f540       0x28 src/lib/cube_f103/Drivers/STM32F1xx_HAL_Driver/Src/stm32f1xx_hal_rcc.o
                0x000000000800f540                HAL_RCC_GetPCLK2Freq
 .text.RCC_Delay
                0x000000000800f568       0x3c src/lib/cube_f103/Drivers/STM32F1xx_HAL_Driver/Src/stm32f1xx_hal_rcc.o
 .text.HAL_TIM_Base_Init
                0x000000000800f5a4       0x9e src/lib/cube_f103/Drivers/STM32F1xx_HAL_Driver/Src/stm32f1xx_hal_tim.o
                0x000000000800f5a4                HAL_TIM_Base_Init
 .text.HAL_TIM_PWM_Init
                0x000000000800f642       0x9e src/lib/cube_f103/Drivers/STM32F1xx_HAL_Driver/Src/stm32f1xx_hal_tim.o
                0x000000000800f642                HAL_TIM_PWM_Init
 .text.HAL_TIM_PWM_MspInit
                0x000000000800f6e0       0x12 src/lib/cube_f103/Drivers/STM32F1xx_HAL_Driver/Src/stm32f1xx_hal_tim.o
                0x000000000800f6e0                HAL_TIM_PWM_MspInit
 *fill*         0x000000000800f6f2        0x2 
 .text.HAL_TIM_PWM_Start
                0x000000000800f6f4      0x144 src/lib/cube_f103/Drivers/STM32F1xx_HAL_Driver/Src/stm32f1xx_hal_tim.o
                0x000000000800f6f4                HAL_TIM_PWM_Start
 .text.HAL_TIM_IC_Init
                0x000000000800f838       0x9e src/lib/cube_f103/Drivers/STM32F1xx_HAL_Driver/Src/stm32f1xx_hal_tim.o
                0x000000000800f838                HAL_TIM_IC_Init
 *fill*         0x000000000800f8d6        0x2 
 .text.HAL_TIM_IC_Start_IT
                0x000000000800f8d8      0x20c src/lib/cube_f103/Drivers/STM32F1xx_HAL_Driver/Src/stm32f1xx_hal_tim.o
                0x000000000800f8d8                HAL_TIM_IC_Start_IT
 .text.HAL_TIM_IRQHandler
                0x000000000800fae4      0x210 src/lib/cube_f103/Drivers/STM32F1xx_HAL_Driver/Src/stm32f1xx_hal_tim.o
                0x000000000800fae4                HAL_TIM_IRQHandler
 .text.HAL_TIM_IC_ConfigChannel
                0x000000000800fcf4      0x128 src/lib/cube_f103/Drivers/STM32F1xx_HAL_Driver/Src/stm32f1xx_hal_tim.o
                0x000000000800fcf4                HAL_TIM_IC_ConfigChannel
 .text.HAL_TIM_PWM_ConfigChannel
                0x000000000800fe1c      0x17c src/lib/cube_f103/Drivers/STM32F1xx_HAL_Driver/Src/stm32f1xx_hal_tim.o
                0x000000000800fe1c                HAL_TIM_PWM_ConfigChannel
 .text.HAL_TIM_ConfigClockSource
                0x000000000800ff98      0x16e src/lib/cube_f103/Drivers/STM32F1xx_HAL_Driver/Src/stm32f1xx_hal_tim.o
                0x000000000800ff98                HAL_TIM_ConfigClockSource
 .text.HAL_TIM_PeriodElapsedCallback
                0x0000000008010106       0x12 src/lib/cube_f103/Drivers/STM32F1xx_HAL_Driver/Src/stm32f1xx_hal_tim.o
                0x0000000008010106                HAL_TIM_PeriodElapsedCallback
 .text.HAL_TIM_OC_DelayElapsedCallback
                0x0000000008010118       0x12 src/lib/cube_f103/Drivers/STM32F1xx_HAL_Driver/Src/stm32f1xx_hal_tim.o
                0x0000000008010118                HAL_TIM_OC_DelayElapsedCallback
 .text.HAL_TIM_PWM_PulseFinishedCallback
                0x000000000801012a       0x12 src/lib/cube_f103/Drivers/STM32F1xx_HAL_Driver/Src/stm32f1xx_hal_tim.o
                0x000000000801012a                HAL_TIM_PWM_PulseFinishedCallback
 .text.HAL_TIM_TriggerCallback
                0x000000000801013c       0x12 src/lib/cube_f103/Drivers/STM32F1xx_HAL_Driver/Src/stm32f1xx_hal_tim.o
                0x000000000801013c                HAL_TIM_TriggerCallback
 *fill*         0x000000000801014e        0x2 
 .text.TIM_Base_SetConfig
                0x0000000008010150       0xc4 src/lib/cube_f103/Drivers/STM32F1xx_HAL_Driver/Src/stm32f1xx_hal_tim.o
                0x0000000008010150                TIM_Base_SetConfig
 .text.TIM_OC1_SetConfig
                0x0000000008010214       0xcc src/lib/cube_f103/Drivers/STM32F1xx_HAL_Driver/Src/stm32f1xx_hal_tim.o
 .text.TIM_OC2_SetConfig
                0x00000000080102e0       0xd4 src/lib/cube_f103/Drivers/STM32F1xx_HAL_Driver/Src/stm32f1xx_hal_tim.o
                0x00000000080102e0                TIM_OC2_SetConfig
 .text.TIM_OC3_SetConfig
                0x00000000080103b4       0xd4 src/lib/cube_f103/Drivers/STM32F1xx_HAL_Driver/Src/stm32f1xx_hal_tim.o
 .text.TIM_OC4_SetConfig
                0x0000000008010488       0x9c src/lib/cube_f103/Drivers/STM32F1xx_HAL_Driver/Src/stm32f1xx_hal_tim.o
 .text.TIM_TI1_SetConfig
                0x0000000008010524       0xb4 src/lib/cube_f103/Drivers/STM32F1xx_HAL_Driver/Src/stm32f1xx_hal_tim.o
                0x0000000008010524                TIM_TI1_SetConfig
 .text.TIM_TI1_ConfigInputStage
                0x00000000080105d8       0x5c src/lib/cube_f103/Drivers/STM32F1xx_HAL_Driver/Src/stm32f1xx_hal_tim.o
 .text.TIM_TI2_SetConfig
                0x0000000008010634       0x78 src/lib/cube_f103/Drivers/STM32F1xx_HAL_Driver/Src/stm32f1xx_hal_tim.o
 .text.TIM_TI2_ConfigInputStage
                0x00000000080106ac       0x5e src/lib/cube_f103/Drivers/STM32F1xx_HAL_Driver/Src/stm32f1xx_hal_tim.o
 .text.TIM_TI3_SetConfig
                0x000000000801070a       0x76 src/lib/cube_f103/Drivers/STM32F1xx_HAL_Driver/Src/stm32f1xx_hal_tim.o
 .text.TIM_TI4_SetConfig
                0x0000000008010780       0x78 src/lib/cube_f103/Drivers/STM32F1xx_HAL_Driver/Src/stm32f1xx_hal_tim.o
 .text.TIM_ITRx_SetConfig
                0x00000000080107f8       0x34 src/lib/cube_f103/Drivers/STM32F1xx_HAL_Driver/Src/stm32f1xx_hal_tim.o
 .text.TIM_ETR_SetConfig
                0x000000000801082c       0x3e src/lib/cube_f103/Drivers/STM32F1xx_HAL_Driver/Src/stm32f1xx_hal_tim.o
                0x000000000801082c                TIM_ETR_SetConfig
 .text.TIM_CCxChannelCmd
                0x000000000801086a       0x48 src/lib/cube_f103/Drivers/STM32F1xx_HAL_Driver/Src/stm32f1xx_hal_tim.o
                0x000000000801086a                TIM_CCxChannelCmd
 *fill*         0x00000000080108b2        0x2 
 .text.HAL_TIMEx_MasterConfigSynchronization
                0x00000000080108b4       0xbc src/lib/cube_f103/Drivers/STM32F1xx_HAL_Driver/Src/stm32f1xx_hal_tim_ex.o
                0x00000000080108b4                HAL_TIMEx_MasterConfigSynchronization
 .text.HAL_TIMEx_CommutCallback
                0x0000000008010970       0x12 src/lib/cube_f103/Drivers/STM32F1xx_HAL_Driver/Src/stm32f1xx_hal_tim_ex.o
                0x0000000008010970                HAL_TIMEx_CommutCallback
 .text.HAL_TIMEx_BreakCallback
                0x0000000008010982       0x12 src/lib/cube_f103/Drivers/STM32F1xx_HAL_Driver/Src/stm32f1xx_hal_tim_ex.o
                0x0000000008010982                HAL_TIMEx_BreakCallback
 .text.HAL_UART_Init
                0x0000000008010994       0x9a src/lib/cube_f103/Drivers/STM32F1xx_HAL_Driver/Src/stm32f1xx_hal_uart.o
                0x0000000008010994                HAL_UART_Init
 .text.HAL_UART_Transmit
                0x0000000008010a2e      0x124 src/lib/cube_f103/Drivers/STM32F1xx_HAL_Driver/Src/stm32f1xx_hal_uart.o
                0x0000000008010a2e                HAL_UART_Transmit
 .text.HAL_UART_Transmit_IT
                0x0000000008010b52       0x88 src/lib/cube_f103/Drivers/STM32F1xx_HAL_Driver/Src/stm32f1xx_hal_uart.o
                0x0000000008010b52                HAL_UART_Transmit_IT
 *fill*         0x0000000008010bda        0x2 
 .text.HAL_UART_Receive_DMA
                0x0000000008010bdc      0x100 src/lib/cube_f103/Drivers/STM32F1xx_HAL_Driver/Src/stm32f1xx_hal_uart.o
                0x0000000008010bdc                HAL_UART_Receive_DMA
 .text.HAL_UART_IRQHandler
                0x0000000008010cdc      0x200 src/lib/cube_f103/Drivers/STM32F1xx_HAL_Driver/Src/stm32f1xx_hal_uart.o
                0x0000000008010cdc                HAL_UART_IRQHandler
 .text.HAL_UART_TxCpltCallback
                0x0000000008010edc       0x12 src/lib/cube_f103/Drivers/STM32F1xx_HAL_Driver/Src/stm32f1xx_hal_uart.o
                0x0000000008010edc                HAL_UART_TxCpltCallback
 .text.HAL_UART_RxHalfCpltCallback
                0x0000000008010eee       0x12 src/lib/cube_f103/Drivers/STM32F1xx_HAL_Driver/Src/stm32f1xx_hal_uart.o
                0x0000000008010eee                HAL_UART_RxHalfCpltCallback
 .text.UART_DMAReceiveCplt
                0x0000000008010f00       0x68 src/lib/cube_f103/Drivers/STM32F1xx_HAL_Driver/Src/stm32f1xx_hal_uart.o
 .text.UART_DMARxHalfCplt
                0x0000000008010f68       0x1c src/lib/cube_f103/Drivers/STM32F1xx_HAL_Driver/Src/stm32f1xx_hal_uart.o
 .text.UART_DMAError
                0x0000000008010f84       0x94 src/lib/cube_f103/Drivers/STM32F1xx_HAL_Driver/Src/stm32f1xx_hal_uart.o
 .text.UART_WaitOnFlagUntilTimeout
                0x0000000008011018       0x94 src/lib/cube_f103/Drivers/STM32F1xx_HAL_Driver/Src/stm32f1xx_hal_uart.o
 .text.UART_EndTxTransfer
                0x00000000080110ac       0x2a src/lib/cube_f103/Drivers/STM32F1xx_HAL_Driver/Src/stm32f1xx_hal_uart.o
 .text.UART_EndRxTransfer
                0x00000000080110d6       0x3a src/lib/cube_f103/Drivers/STM32F1xx_HAL_Driver/Src/stm32f1xx_hal_uart.o
 .text.UART_DMAAbortOnError
                0x0000000008011110       0x28 src/lib/cube_f103/Drivers/STM32F1xx_HAL_Driver/Src/stm32f1xx_hal_uart.o
 .text.UART_Transmit_IT
                0x0000000008011138       0x9e src/lib/cube_f103/Drivers/STM32F1xx_HAL_Driver/Src/stm32f1xx_hal_uart.o
 .text.UART_EndTransmit_IT
                0x00000000080111d6       0x30 src/lib/cube_f103/Drivers/STM32F1xx_HAL_Driver/Src/stm32f1xx_hal_uart.o
 .text.UART_Receive_IT
                0x0000000008011206      0x100 src/lib/cube_f103/Drivers/STM32F1xx_HAL_Driver/Src/stm32f1xx_hal_uart.o
 *fill*         0x0000000008011306        0x2 
 .text.UART_SetConfig
                0x0000000008011308      0x11c src/lib/cube_f103/Drivers/STM32F1xx_HAL_Driver/Src/stm32f1xx_hal_uart.o
 .text.main     0x0000000008011424       0x16 src/main.o
                0x0000000008011424                main
 .text.atof     0x000000000801143a        0x6 c:/st/stm32cubeide_1.5.0/stm32cubeide/plugins/com.st.stm32cube.ide.mcu.externaltools.gnu-tools-for-stm32.7-2018-q2-update.win32_1.5.0.202011040924/tools/bin/../lib/gcc/arm-none-eabi/7.3.1/../../../../arm-none-eabi/lib/thumb/v7-m\libc_nano.a(lib_a-atof.o)
                0x000000000801143a                atof
 .text.__errno  0x0000000008011440        0xc c:/st/stm32cubeide_1.5.0/stm32cubeide/plugins/com.st.stm32cube.ide.mcu.externaltools.gnu-tools-for-stm32.7-2018-q2-update.win32_1.5.0.202011040924/tools/bin/../lib/gcc/arm-none-eabi/7.3.1/../../../../arm-none-eabi/lib/thumb/v7-m\libc_nano.a(lib_a-errno.o)
                0x0000000008011440                __errno
 .text.__libc_init_array
                0x000000000801144c       0x48 c:/st/stm32cubeide_1.5.0/stm32cubeide/plugins/com.st.stm32cube.ide.mcu.externaltools.gnu-tools-for-stm32.7-2018-q2-update.win32_1.5.0.202011040924/tools/bin/../lib/gcc/arm-none-eabi/7.3.1/../../../../arm-none-eabi/lib/thumb/v7-m\libc_nano.a(lib_a-init.o)
                0x000000000801144c                __libc_init_array
 .text.__locale_ctype_ptr_l
                0x0000000008011494        0x6 c:/st/stm32cubeide_1.5.0/stm32cubeide/plugins/com.st.stm32cube.ide.mcu.externaltools.gnu-tools-for-stm32.7-2018-q2-update.win32_1.5.0.202011040924/tools/bin/../lib/gcc/arm-none-eabi/7.3.1/../../../../arm-none-eabi/lib/thumb/v7-m\libc_nano.a(lib_a-locale.o)
                0x0000000008011494                __locale_ctype_ptr_l
 *fill*         0x000000000801149a        0x2 
 .text.__locale_ctype_ptr
                0x000000000801149c       0x1c c:/st/stm32cubeide_1.5.0/stm32cubeide/plugins/com.st.stm32cube.ide.mcu.externaltools.gnu-tools-for-stm32.7-2018-q2-update.win32_1.5.0.202011040924/tools/bin/../lib/gcc/arm-none-eabi/7.3.1/../../../../arm-none-eabi/lib/thumb/v7-m\libc_nano.a(lib_a-locale.o)
                0x000000000801149c                __locale_ctype_ptr
 .text.__ascii_mbtowc
                0x00000000080114b8       0x24 c:/st/stm32cubeide_1.5.0/stm32cubeide/plugins/com.st.stm32cube.ide.mcu.externaltools.gnu-tools-for-stm32.7-2018-q2-update.win32_1.5.0.202011040924/tools/bin/../lib/gcc/arm-none-eabi/7.3.1/../../../../arm-none-eabi/lib/thumb/v7-m\libc_nano.a(lib_a-mbtowc_r.o)
                0x00000000080114b8                __ascii_mbtowc
 .text.memcpy   0x00000000080114dc       0x16 c:/st/stm32cubeide_1.5.0/stm32cubeide/plugins/com.st.stm32cube.ide.mcu.externaltools.gnu-tools-for-stm32.7-2018-q2-update.win32_1.5.0.202011040924/tools/bin/../lib/gcc/arm-none-eabi/7.3.1/../../../../arm-none-eabi/lib/thumb/v7-m\libc_nano.a(lib_a-memcpy-stub.o)
                0x00000000080114dc                memcpy
 .text.memset   0x00000000080114f2       0x10 c:/st/stm32cubeide_1.5.0/stm32cubeide/plugins/com.st.stm32cube.ide.mcu.externaltools.gnu-tools-for-stm32.7-2018-q2-update.win32_1.5.0.202011040924/tools/bin/../lib/gcc/arm-none-eabi/7.3.1/../../../../arm-none-eabi/lib/thumb/v7-m\libc_nano.a(lib_a-memset.o)
                0x00000000080114f2                memset
 .text.__cvt    0x0000000008011502       0xb8 c:/st/stm32cubeide_1.5.0/stm32cubeide/plugins/com.st.stm32cube.ide.mcu.externaltools.gnu-tools-for-stm32.7-2018-q2-update.win32_1.5.0.202011040924/tools/bin/../lib/gcc/arm-none-eabi/7.3.1/../../../../arm-none-eabi/lib/thumb/v7-m\libc_nano.a(lib_a-nano-vfprintf_float.o)
                0x0000000008011502                __cvt
 .text.__exponent
                0x00000000080115ba       0x6a c:/st/stm32cubeide_1.5.0/stm32cubeide/plugins/com.st.stm32cube.ide.mcu.externaltools.gnu-tools-for-stm32.7-2018-q2-update.win32_1.5.0.202011040924/tools/bin/../lib/gcc/arm-none-eabi/7.3.1/../../../../arm-none-eabi/lib/thumb/v7-m\libc_nano.a(lib_a-nano-vfprintf_float.o)
                0x00000000080115ba                __exponent
 .text._printf_float
                0x0000000008011624      0x46c c:/st/stm32cubeide_1.5.0/stm32cubeide/plugins/com.st.stm32cube.ide.mcu.externaltools.gnu-tools-for-stm32.7-2018-q2-update.win32_1.5.0.202011040924/tools/bin/../lib/gcc/arm-none-eabi/7.3.1/../../../../arm-none-eabi/lib/thumb/v7-m\libc_nano.a(lib_a-nano-vfprintf_float.o)
                0x0000000008011624                _printf_float
 .text._printf_common
                0x0000000008011a90       0xec c:/st/stm32cubeide_1.5.0/stm32cubeide/plugins/com.st.stm32cube.ide.mcu.externaltools.gnu-tools-for-stm32.7-2018-q2-update.win32_1.5.0.202011040924/tools/bin/../lib/gcc/arm-none-eabi/7.3.1/../../../../arm-none-eabi/lib/thumb/v7-m\libc_nano.a(lib_a-nano-vfprintf_i.o)
                0x0000000008011a90                _printf_common
 .text._printf_i
                0x0000000008011b7c      0x224 c:/st/stm32cubeide_1.5.0/stm32cubeide/plugins/com.st.stm32cube.ide.mcu.externaltools.gnu-tools-for-stm32.7-2018-q2-update.win32_1.5.0.202011040924/tools/bin/../lib/gcc/arm-none-eabi/7.3.1/../../../../arm-none-eabi/lib/thumb/v7-m\libc_nano.a(lib_a-nano-vfprintf_i.o)
                0x0000000008011b7c                _printf_i
 .text.printf   0x0000000008011da0       0x30 c:/st/stm32cubeide_1.5.0/stm32cubeide/plugins/com.st.stm32cube.ide.mcu.externaltools.gnu-tools-for-stm32.7-2018-q2-update.win32_1.5.0.202011040924/tools/bin/../lib/gcc/arm-none-eabi/7.3.1/../../../../arm-none-eabi/lib/thumb/v7-m\libc_nano.a(lib_a-printf.o)
                0x0000000008011da0                iprintf
                0x0000000008011da0                printf
 .text.strcpy   0x0000000008011dd0       0x10 c:/st/stm32cubeide_1.5.0/stm32cubeide/plugins/com.st.stm32cube.ide.mcu.externaltools.gnu-tools-for-stm32.7-2018-q2-update.win32_1.5.0.202011040924/tools/bin/../lib/gcc/arm-none-eabi/7.3.1/../../../../arm-none-eabi/lib/thumb/v7-m\libc_nano.a(lib_a-strcpy.o)
                0x0000000008011dd0                strcpy
 .text.unlikely.sulp
                0x0000000008011de0       0x42 c:/st/stm32cubeide_1.5.0/stm32cubeide/plugins/com.st.stm32cube.ide.mcu.externaltools.gnu-tools-for-stm32.7-2018-q2-update.win32_1.5.0.202011040924/tools/bin/../lib/gcc/arm-none-eabi/7.3.1/../../../../arm-none-eabi/lib/thumb/v7-m\libc_nano.a(lib_a-strtod.o)
 *fill*         0x0000000008011e22        0x6 
 .text._strtod_l
                0x0000000008011e28      0xc00 c:/st/stm32cubeide_1.5.0/stm32cubeide/plugins/com.st.stm32cube.ide.mcu.externaltools.gnu-tools-for-stm32.7-2018-q2-update.win32_1.5.0.202011040924/tools/bin/../lib/gcc/arm-none-eabi/7.3.1/../../../../arm-none-eabi/lib/thumb/v7-m\libc_nano.a(lib_a-strtod.o)
                0x0000000008011e28                _strtod_l
 .text.strtod   0x0000000008012a28       0x24 c:/st/stm32cubeide_1.5.0/stm32cubeide/plugins/com.st.stm32cube.ide.mcu.externaltools.gnu-tools-for-stm32.7-2018-q2-update.win32_1.5.0.202011040924/tools/bin/../lib/gcc/arm-none-eabi/7.3.1/../../../../arm-none-eabi/lib/thumb/v7-m\libc_nano.a(lib_a-strtod.o)
                0x0000000008012a28                strtod
 .text.strtof   0x0000000008012a4c       0x9c c:/st/stm32cubeide_1.5.0/stm32cubeide/plugins/com.st.stm32cube.ide.mcu.externaltools.gnu-tools-for-stm32.7-2018-q2-update.win32_1.5.0.202011040924/tools/bin/../lib/gcc/arm-none-eabi/7.3.1/../../../../arm-none-eabi/lib/thumb/v7-m\libc_nano.a(lib_a-strtod.o)
                0x0000000008012a4c                strtof
 .text.__strtok_r
                0x0000000008012ae8       0x54 c:/st/stm32cubeide_1.5.0/stm32cubeide/plugins/com.st.stm32cube.ide.mcu.externaltools.gnu-tools-for-stm32.7-2018-q2-update.win32_1.5.0.202011040924/tools/bin/../lib/gcc/arm-none-eabi/7.3.1/../../../../arm-none-eabi/lib/thumb/v7-m\libc_nano.a(lib_a-strtok_r.o)
                0x0000000008012ae8                __strtok_r
 .text.strtok_r
                0x0000000008012b3c        0x6 c:/st/stm32cubeide_1.5.0/stm32cubeide/plugins/com.st.stm32cube.ide.mcu.externaltools.gnu-tools-for-stm32.7-2018-q2-update.win32_1.5.0.202011040924/tools/bin/../lib/gcc/arm-none-eabi/7.3.1/../../../../arm-none-eabi/lib/thumb/v7-m\libc_nano.a(lib_a-strtok_r.o)
                0x0000000008012b3c                strtok_r
 .text._strtoul_l.isra.0
                0x0000000008012b42       0xf4 c:/st/stm32cubeide_1.5.0/stm32cubeide/plugins/com.st.stm32cube.ide.mcu.externaltools.gnu-tools-for-stm32.7-2018-q2-update.win32_1.5.0.202011040924/tools/bin/../lib/gcc/arm-none-eabi/7.3.1/../../../../arm-none-eabi/lib/thumb/v7-m\libc_nano.a(lib_a-strtoul.o)
 *fill*         0x0000000008012c36        0x2 
 .text.strtoul  0x0000000008012c38       0x2c c:/st/stm32cubeide_1.5.0/stm32cubeide/plugins/com.st.stm32cube.ide.mcu.externaltools.gnu-tools-for-stm32.7-2018-q2-update.win32_1.5.0.202011040924/tools/bin/../lib/gcc/arm-none-eabi/7.3.1/../../../../arm-none-eabi/lib/thumb/v7-m\libc_nano.a(lib_a-strtoul.o)
                0x0000000008012c38                strtoul
 .text._vsnprintf_r
                0x0000000008012c64       0x58 c:/st/stm32cubeide_1.5.0/stm32cubeide/plugins/com.st.stm32cube.ide.mcu.externaltools.gnu-tools-for-stm32.7-2018-q2-update.win32_1.5.0.202011040924/tools/bin/../lib/gcc/arm-none-eabi/7.3.1/../../../../arm-none-eabi/lib/thumb/v7-m\libc_nano.a(lib_a-vsnprintf.o)
                0x0000000008012c64                _vsniprintf_r
                0x0000000008012c64                _vsnprintf_r
 .text.vsnprintf
                0x0000000008012cbc       0x1c c:/st/stm32cubeide_1.5.0/stm32cubeide/plugins/com.st.stm32cube.ide.mcu.externaltools.gnu-tools-for-stm32.7-2018-q2-update.win32_1.5.0.202011040924/tools/bin/../lib/gcc/arm-none-eabi/7.3.1/../../../../arm-none-eabi/lib/thumb/v7-m\libc_nano.a(lib_a-vsnprintf.o)
                0x0000000008012cbc                vsniprintf
                0x0000000008012cbc                vsnprintf
 .text.__ascii_wctomb
                0x0000000008012cd8       0x1a c:/st/stm32cubeide_1.5.0/stm32cubeide/plugins/com.st.stm32cube.ide.mcu.externaltools.gnu-tools-for-stm32.7-2018-q2-update.win32_1.5.0.202011040924/tools/bin/../lib/gcc/arm-none-eabi/7.3.1/../../../../arm-none-eabi/lib/thumb/v7-m\libc_nano.a(lib_a-wctomb_r.o)
                0x0000000008012cd8                __ascii_wctomb
 .text.quorem   0x0000000008012cf2      0x11c c:/st/stm32cubeide_1.5.0/stm32cubeide/plugins/com.st.stm32cube.ide.mcu.externaltools.gnu-tools-for-stm32.7-2018-q2-update.win32_1.5.0.202011040924/tools/bin/../lib/gcc/arm-none-eabi/7.3.1/../../../../arm-none-eabi/lib/thumb/v7-m\libc_nano.a(lib_a-dtoa.o)
 *fill*         0x0000000008012e0e        0x2 
 .text._dtoa_r  0x0000000008012e10      0xb68 c:/st/stm32cubeide_1.5.0/stm32cubeide/plugins/com.st.stm32cube.ide.mcu.externaltools.gnu-tools-for-stm32.7-2018-q2-update.win32_1.5.0.202011040924/tools/bin/../lib/gcc/arm-none-eabi/7.3.1/../../../../arm-none-eabi/lib/thumb/v7-m\libc_nano.a(lib_a-dtoa.o)
                0x0000000008012e10                _dtoa_r
 .text.std      0x0000000008013978       0x48 c:/st/stm32cubeide_1.5.0/stm32cubeide/plugins/com.st.stm32cube.ide.mcu.externaltools.gnu-tools-for-stm32.7-2018-q2-update.win32_1.5.0.202011040924/tools/bin/../lib/gcc/arm-none-eabi/7.3.1/../../../../arm-none-eabi/lib/thumb/v7-m\libc_nano.a(lib_a-findfp.o)
 .text._cleanup_r
                0x00000000080139c0        0xc c:/st/stm32cubeide_1.5.0/stm32cubeide/plugins/com.st.stm32cube.ide.mcu.externaltools.gnu-tools-for-stm32.7-2018-q2-update.win32_1.5.0.202011040924/tools/bin/../lib/gcc/arm-none-eabi/7.3.1/../../../../arm-none-eabi/lib/thumb/v7-m\libc_nano.a(lib_a-findfp.o)
                0x00000000080139c0                _cleanup_r
 .text.__sfmoreglue
                0x00000000080139cc       0x2c c:/st/stm32cubeide_1.5.0/stm32cubeide/plugins/com.st.stm32cube.ide.mcu.externaltools.gnu-tools-for-stm32.7-2018-q2-update.win32_1.5.0.202011040924/tools/bin/../lib/gcc/arm-none-eabi/7.3.1/../../../../arm-none-eabi/lib/thumb/v7-m\libc_nano.a(lib_a-findfp.o)
                0x00000000080139cc                __sfmoreglue
 .text.__sinit  0x00000000080139f8       0x60 c:/st/stm32cubeide_1.5.0/stm32cubeide/plugins/com.st.stm32cube.ide.mcu.externaltools.gnu-tools-for-stm32.7-2018-q2-update.win32_1.5.0.202011040924/tools/bin/../lib/gcc/arm-none-eabi/7.3.1/../../../../arm-none-eabi/lib/thumb/v7-m\libc_nano.a(lib_a-findfp.o)
                0x00000000080139f8                __sinit
 .text.__sfp    0x0000000008013a58       0x78 c:/st/stm32cubeide_1.5.0/stm32cubeide/plugins/com.st.stm32cube.ide.mcu.externaltools.gnu-tools-for-stm32.7-2018-q2-update.win32_1.5.0.202011040924/tools/bin/../lib/gcc/arm-none-eabi/7.3.1/../../../../arm-none-eabi/lib/thumb/v7-m\libc_nano.a(lib_a-findfp.o)
                0x0000000008013a58                __sfp
 .text._fwalk_reent
                0x0000000008013ad0       0x3c c:/st/stm32cubeide_1.5.0/stm32cubeide/plugins/com.st.stm32cube.ide.mcu.externaltools.gnu-tools-for-stm32.7-2018-q2-update.win32_1.5.0.202011040924/tools/bin/../lib/gcc/arm-none-eabi/7.3.1/../../../../arm-none-eabi/lib/thumb/v7-m\libc_nano.a(lib_a-fwalk.o)
                0x0000000008013ad0                _fwalk_reent
 .text.rshift   0x0000000008013b0c       0x76 c:/st/stm32cubeide_1.5.0/stm32cubeide/plugins/com.st.stm32cube.ide.mcu.externaltools.gnu-tools-for-stm32.7-2018-q2-update.win32_1.5.0.202011040924/tools/bin/../lib/gcc/arm-none-eabi/7.3.1/../../../../arm-none-eabi/lib/thumb/v7-m\libc_nano.a(lib_a-gdtoa-gethex.o)
 .text.__hexdig_fun
                0x0000000008013b82       0x2a c:/st/stm32cubeide_1.5.0/stm32cubeide/plugins/com.st.stm32cube.ide.mcu.externaltools.gnu-tools-for-stm32.7-2018-q2-update.win32_1.5.0.202011040924/tools/bin/../lib/gcc/arm-none-eabi/7.3.1/../../../../arm-none-eabi/lib/thumb/v7-m\libc_nano.a(lib_a-gdtoa-gethex.o)
                0x0000000008013b82                __hexdig_fun
 .text.__gethex
                0x0000000008013bac      0x444 c:/st/stm32cubeide_1.5.0/stm32cubeide/plugins/com.st.stm32cube.ide.mcu.externaltools.gnu-tools-for-stm32.7-2018-q2-update.win32_1.5.0.202011040924/tools/bin/../lib/gcc/arm-none-eabi/7.3.1/../../../../arm-none-eabi/lib/thumb/v7-m\libc_nano.a(lib_a-gdtoa-gethex.o)
                0x0000000008013bac                __gethex
 .text.L_shift  0x0000000008013ff0       0x24 c:/st/stm32cubeide_1.5.0/stm32cubeide/plugins/com.st.stm32cube.ide.mcu.externaltools.gnu-tools-for-stm32.7-2018-q2-update.win32_1.5.0.202011040924/tools/bin/../lib/gcc/arm-none-eabi/7.3.1/../../../../arm-none-eabi/lib/thumb/v7-m\libc_nano.a(lib_a-gdtoa-hexnan.o)
 .text.__match  0x0000000008014014       0x28 c:/st/stm32cubeide_1.5.0/stm32cubeide/plugins/com.st.stm32cube.ide.mcu.externaltools.gnu-tools-for-stm32.7-2018-q2-update.win32_1.5.0.202011040924/tools/bin/../lib/gcc/arm-none-eabi/7.3.1/../../../../arm-none-eabi/lib/thumb/v7-m\libc_nano.a(lib_a-gdtoa-hexnan.o)
                0x0000000008014014                __match
 .text.__hexnan
                0x000000000801403c      0x120 c:/st/stm32cubeide_1.5.0/stm32cubeide/plugins/com.st.stm32cube.ide.mcu.externaltools.gnu-tools-for-stm32.7-2018-q2-update.win32_1.5.0.202011040924/tools/bin/../lib/gcc/arm-none-eabi/7.3.1/../../../../arm-none-eabi/lib/thumb/v7-m\libc_nano.a(lib_a-gdtoa-hexnan.o)
                0x000000000801403c                __hexnan
 .text.__localeconv_l
                0x000000000801415c        0x4 c:/st/stm32cubeide_1.5.0/stm32cubeide/plugins/com.st.stm32cube.ide.mcu.externaltools.gnu-tools-for-stm32.7-2018-q2-update.win32_1.5.0.202011040924/tools/bin/../lib/gcc/arm-none-eabi/7.3.1/../../../../arm-none-eabi/lib/thumb/v7-m\libc_nano.a(lib_a-localeconv.o)
                0x000000000801415c                __localeconv_l
 .text._localeconv_r
                0x0000000008014160       0x1c c:/st/stm32cubeide_1.5.0/stm32cubeide/plugins/com.st.stm32cube.ide.mcu.externaltools.gnu-tools-for-stm32.7-2018-q2-update.win32_1.5.0.202011040924/tools/bin/../lib/gcc/arm-none-eabi/7.3.1/../../../../arm-none-eabi/lib/thumb/v7-m\libc_nano.a(lib_a-localeconv.o)
                0x0000000008014160                _localeconv_r
 .text.malloc   0x000000000801417c       0x10 c:/st/stm32cubeide_1.5.0/stm32cubeide/plugins/com.st.stm32cube.ide.mcu.externaltools.gnu-tools-for-stm32.7-2018-q2-update.win32_1.5.0.202011040924/tools/bin/../lib/gcc/arm-none-eabi/7.3.1/../../../../arm-none-eabi/lib/thumb/v7-m\libc_nano.a(lib_a-malloc.o)
                0x000000000801417c                malloc
 .text.memchr   0x000000000801418c       0x1c c:/st/stm32cubeide_1.5.0/stm32cubeide/plugins/com.st.stm32cube.ide.mcu.externaltools.gnu-tools-for-stm32.7-2018-q2-update.win32_1.5.0.202011040924/tools/bin/../lib/gcc/arm-none-eabi/7.3.1/../../../../arm-none-eabi/lib/thumb/v7-m\libc_nano.a(lib_a-memchr-stub.o)
                0x000000000801418c                memchr
 .text._Balloc  0x00000000080141a8       0x68 c:/st/stm32cubeide_1.5.0/stm32cubeide/plugins/com.st.stm32cube.ide.mcu.externaltools.gnu-tools-for-stm32.7-2018-q2-update.win32_1.5.0.202011040924/tools/bin/../lib/gcc/arm-none-eabi/7.3.1/../../../../arm-none-eabi/lib/thumb/v7-m\libc_nano.a(lib_a-mprec.o)
                0x00000000080141a8                _Balloc
 .text._Bfree   0x0000000008014210       0x2e c:/st/stm32cubeide_1.5.0/stm32cubeide/plugins/com.st.stm32cube.ide.mcu.externaltools.gnu-tools-for-stm32.7-2018-q2-update.win32_1.5.0.202011040924/tools/bin/../lib/gcc/arm-none-eabi/7.3.1/../../../../arm-none-eabi/lib/thumb/v7-m\libc_nano.a(lib_a-mprec.o)
                0x0000000008014210                _Bfree
 .text.__multadd
                0x000000000801423e       0x76 c:/st/stm32cubeide_1.5.0/stm32cubeide/plugins/com.st.stm32cube.ide.mcu.externaltools.gnu-tools-for-stm32.7-2018-q2-update.win32_1.5.0.202011040924/tools/bin/../lib/gcc/arm-none-eabi/7.3.1/../../../../arm-none-eabi/lib/thumb/v7-m\libc_nano.a(lib_a-mprec.o)
                0x000000000801423e                __multadd
 .text.__s2b    0x00000000080142b4       0x7c c:/st/stm32cubeide_1.5.0/stm32cubeide/plugins/com.st.stm32cube.ide.mcu.externaltools.gnu-tools-for-stm32.7-2018-q2-update.win32_1.5.0.202011040924/tools/bin/../lib/gcc/arm-none-eabi/7.3.1/../../../../arm-none-eabi/lib/thumb/v7-m\libc_nano.a(lib_a-mprec.o)
                0x00000000080142b4                __s2b
 .text.__hi0bits
                0x0000000008014330       0x3e c:/st/stm32cubeide_1.5.0/stm32cubeide/plugins/com.st.stm32cube.ide.mcu.externaltools.gnu-tools-for-stm32.7-2018-q2-update.win32_1.5.0.202011040924/tools/bin/../lib/gcc/arm-none-eabi/7.3.1/../../../../arm-none-eabi/lib/thumb/v7-m\libc_nano.a(lib_a-mprec.o)
                0x0000000008014330                __hi0bits
 .text.__lo0bits
                0x000000000801436e       0x5e c:/st/stm32cubeide_1.5.0/stm32cubeide/plugins/com.st.stm32cube.ide.mcu.externaltools.gnu-tools-for-stm32.7-2018-q2-update.win32_1.5.0.202011040924/tools/bin/../lib/gcc/arm-none-eabi/7.3.1/../../../../arm-none-eabi/lib/thumb/v7-m\libc_nano.a(lib_a-mprec.o)
                0x000000000801436e                __lo0bits
 .text.__i2b    0x00000000080143cc       0x12 c:/st/stm32cubeide_1.5.0/stm32cubeide/plugins/com.st.stm32cube.ide.mcu.externaltools.gnu-tools-for-stm32.7-2018-q2-update.win32_1.5.0.202011040924/tools/bin/../lib/gcc/arm-none-eabi/7.3.1/../../../../arm-none-eabi/lib/thumb/v7-m\libc_nano.a(lib_a-mprec.o)
                0x00000000080143cc                __i2b
 .text.__multiply
                0x00000000080143de      0x12a c:/st/stm32cubeide_1.5.0/stm32cubeide/plugins/com.st.stm32cube.ide.mcu.externaltools.gnu-tools-for-stm32.7-2018-q2-update.win32_1.5.0.202011040924/tools/bin/../lib/gcc/arm-none-eabi/7.3.1/../../../../arm-none-eabi/lib/thumb/v7-m\libc_nano.a(lib_a-mprec.o)
                0x00000000080143de                __multiply
 .text.__pow5mult
                0x0000000008014508       0x9c c:/st/stm32cubeide_1.5.0/stm32cubeide/plugins/com.st.stm32cube.ide.mcu.externaltools.gnu-tools-for-stm32.7-2018-q2-update.win32_1.5.0.202011040924/tools/bin/../lib/gcc/arm-none-eabi/7.3.1/../../../../arm-none-eabi/lib/thumb/v7-m\libc_nano.a(lib_a-mprec.o)
                0x0000000008014508                __pow5mult
 .text.__lshift
                0x00000000080145a4       0xa8 c:/st/stm32cubeide_1.5.0/stm32cubeide/plugins/com.st.stm32cube.ide.mcu.externaltools.gnu-tools-for-stm32.7-2018-q2-update.win32_1.5.0.202011040924/tools/bin/../lib/gcc/arm-none-eabi/7.3.1/../../../../arm-none-eabi/lib/thumb/v7-m\libc_nano.a(lib_a-mprec.o)
                0x00000000080145a4                __lshift
 .text.__mcmp   0x000000000801464c       0x34 c:/st/stm32cubeide_1.5.0/stm32cubeide/plugins/com.st.stm32cube.ide.mcu.externaltools.gnu-tools-for-stm32.7-2018-q2-update.win32_1.5.0.202011040924/tools/bin/../lib/gcc/arm-none-eabi/7.3.1/../../../../arm-none-eabi/lib/thumb/v7-m\libc_nano.a(lib_a-mprec.o)
                0x000000000801464c                __mcmp
 .text.__mdiff  0x0000000008014680       0xbc c:/st/stm32cubeide_1.5.0/stm32cubeide/plugins/com.st.stm32cube.ide.mcu.externaltools.gnu-tools-for-stm32.7-2018-q2-update.win32_1.5.0.202011040924/tools/bin/../lib/gcc/arm-none-eabi/7.3.1/../../../../arm-none-eabi/lib/thumb/v7-m\libc_nano.a(lib_a-mprec.o)
                0x0000000008014680                __mdiff
 .text.__ulp    0x000000000801473c       0x48 c:/st/stm32cubeide_1.5.0/stm32cubeide/plugins/com.st.stm32cube.ide.mcu.externaltools.gnu-tools-for-stm32.7-2018-q2-update.win32_1.5.0.202011040924/tools/bin/../lib/gcc/arm-none-eabi/7.3.1/../../../../arm-none-eabi/lib/thumb/v7-m\libc_nano.a(lib_a-mprec.o)
                0x000000000801473c                __ulp
 .text.__b2d    0x0000000008014784       0xa4 c:/st/stm32cubeide_1.5.0/stm32cubeide/plugins/com.st.stm32cube.ide.mcu.externaltools.gnu-tools-for-stm32.7-2018-q2-update.win32_1.5.0.202011040924/tools/bin/../lib/gcc/arm-none-eabi/7.3.1/../../../../arm-none-eabi/lib/thumb/v7-m\libc_nano.a(lib_a-mprec.o)
                0x0000000008014784                __b2d
 .text.__d2b    0x0000000008014828       0x9e c:/st/stm32cubeide_1.5.0/stm32cubeide/plugins/com.st.stm32cube.ide.mcu.externaltools.gnu-tools-for-stm32.7-2018-q2-update.win32_1.5.0.202011040924/tools/bin/../lib/gcc/arm-none-eabi/7.3.1/../../../../arm-none-eabi/lib/thumb/v7-m\libc_nano.a(lib_a-mprec.o)
                0x0000000008014828                __d2b
 .text.__ratio  0x00000000080148c6       0x5c c:/st/stm32cubeide_1.5.0/stm32cubeide/plugins/com.st.stm32cube.ide.mcu.externaltools.gnu-tools-for-stm32.7-2018-q2-update.win32_1.5.0.202011040924/tools/bin/../lib/gcc/arm-none-eabi/7.3.1/../../../../arm-none-eabi/lib/thumb/v7-m\libc_nano.a(lib_a-mprec.o)
                0x00000000080148c6                __ratio
 .text.__copybits
                0x0000000008014922       0x34 c:/st/stm32cubeide_1.5.0/stm32cubeide/plugins/com.st.stm32cube.ide.mcu.externaltools.gnu-tools-for-stm32.7-2018-q2-update.win32_1.5.0.202011040924/tools/bin/../lib/gcc/arm-none-eabi/7.3.1/../../../../arm-none-eabi/lib/thumb/v7-m\libc_nano.a(lib_a-mprec.o)
                0x0000000008014922                __copybits
 .text.__any_on
                0x0000000008014956       0x42 c:/st/stm32cubeide_1.5.0/stm32cubeide/plugins/com.st.stm32cube.ide.mcu.externaltools.gnu-tools-for-stm32.7-2018-q2-update.win32_1.5.0.202011040924/tools/bin/../lib/gcc/arm-none-eabi/7.3.1/../../../../arm-none-eabi/lib/thumb/v7-m\libc_nano.a(lib_a-mprec.o)
                0x0000000008014956                __any_on
 .text._calloc_r
                0x0000000008014998       0x1c c:/st/stm32cubeide_1.5.0/stm32cubeide/plugins/com.st.stm32cube.ide.mcu.externaltools.gnu-tools-for-stm32.7-2018-q2-update.win32_1.5.0.202011040924/tools/bin/../lib/gcc/arm-none-eabi/7.3.1/../../../../arm-none-eabi/lib/thumb/v7-m\libc_nano.a(lib_a-nano-callocr.o)
                0x0000000008014998                _calloc_r
 .text._free_r  0x00000000080149b4       0x98 c:/st/stm32cubeide_1.5.0/stm32cubeide/plugins/com.st.stm32cube.ide.mcu.externaltools.gnu-tools-for-stm32.7-2018-q2-update.win32_1.5.0.202011040924/tools/bin/../lib/gcc/arm-none-eabi/7.3.1/../../../../arm-none-eabi/lib/thumb/v7-m\libc_nano.a(lib_a-nano-freer.o)
                0x00000000080149b4                _free_r
 .text._malloc_r
                0x0000000008014a4c       0xb4 c:/st/stm32cubeide_1.5.0/stm32cubeide/plugins/com.st.stm32cube.ide.mcu.externaltools.gnu-tools-for-stm32.7-2018-q2-update.win32_1.5.0.202011040924/tools/bin/../lib/gcc/arm-none-eabi/7.3.1/../../../../arm-none-eabi/lib/thumb/v7-m\libc_nano.a(lib_a-nano-mallocr.o)
                0x0000000008014a4c                _malloc_r
 .text.__ssputs_r
                0x0000000008014b00       0xb4 c:/st/stm32cubeide_1.5.0/stm32cubeide/plugins/com.st.stm32cube.ide.mcu.externaltools.gnu-tools-for-stm32.7-2018-q2-update.win32_1.5.0.202011040924/tools/bin/../lib/gcc/arm-none-eabi/7.3.1/../../../../arm-none-eabi/lib/thumb/v7-m\libc_nano.a(lib_a-nano-svfprintf.o)
                0x0000000008014b00                __ssputs_r
 .text._svfprintf_r
                0x0000000008014bb4      0x1f0 c:/st/stm32cubeide_1.5.0/stm32cubeide/plugins/com.st.stm32cube.ide.mcu.externaltools.gnu-tools-for-stm32.7-2018-q2-update.win32_1.5.0.202011040924/tools/bin/../lib/gcc/arm-none-eabi/7.3.1/../../../../arm-none-eabi/lib/thumb/v7-m\libc_nano.a(lib_a-nano-svfprintf.o)
                0x0000000008014bb4                _svfiprintf_r
                0x0000000008014bb4                _svfprintf_r
 .text.__sfputc_r
                0x0000000008014da4       0x2a c:/st/stm32cubeide_1.5.0/stm32cubeide/plugins/com.st.stm32cube.ide.mcu.externaltools.gnu-tools-for-stm32.7-2018-q2-update.win32_1.5.0.202011040924/tools/bin/../lib/gcc/arm-none-eabi/7.3.1/../../../../arm-none-eabi/lib/thumb/v7-m\libc_nano.a(lib_a-nano-vfprintf.o)
 .text.__sfputs_r
                0x0000000008014dce       0x24 c:/st/stm32cubeide_1.5.0/stm32cubeide/plugins/com.st.stm32cube.ide.mcu.externaltools.gnu-tools-for-stm32.7-2018-q2-update.win32_1.5.0.202011040924/tools/bin/../lib/gcc/arm-none-eabi/7.3.1/../../../../arm-none-eabi/lib/thumb/v7-m\libc_nano.a(lib_a-nano-vfprintf.o)
                0x0000000008014dce                __sfputs_r
 *fill*         0x0000000008014df2        0x2 
 .text._vfprintf_r
                0x0000000008014df4      0x22c c:/st/stm32cubeide_1.5.0/stm32cubeide/plugins/com.st.stm32cube.ide.mcu.externaltools.gnu-tools-for-stm32.7-2018-q2-update.win32_1.5.0.202011040924/tools/bin/../lib/gcc/arm-none-eabi/7.3.1/../../../../arm-none-eabi/lib/thumb/v7-m\libc_nano.a(lib_a-nano-vfprintf.o)
                0x0000000008014df4                _vfprintf_r
                0x0000000008014df4                _vfiprintf_r
 .text._sbrk_r  0x0000000008015020       0x20 c:/st/stm32cubeide_1.5.0/stm32cubeide/plugins/com.st.stm32cube.ide.mcu.externaltools.gnu-tools-for-stm32.7-2018-q2-update.win32_1.5.0.202011040924/tools/bin/../lib/gcc/arm-none-eabi/7.3.1/../../../../arm-none-eabi/lib/thumb/v7-m\libc_nano.a(lib_a-sbrkr.o)
                0x0000000008015020                _sbrk_r
 .text.nanf     0x0000000008015040        0x8 c:/st/stm32cubeide_1.5.0/stm32cubeide/plugins/com.st.stm32cube.ide.mcu.externaltools.gnu-tools-for-stm32.7-2018-q2-update.win32_1.5.0.202011040924/tools/bin/../lib/gcc/arm-none-eabi/7.3.1/../../../../arm-none-eabi/lib/thumb/v7-m\libc_nano.a(lib_a-sf_nan.o)
                0x0000000008015040                nanf
 .text.__sread  0x0000000008015048       0x22 c:/st/stm32cubeide_1.5.0/stm32cubeide/plugins/com.st.stm32cube.ide.mcu.externaltools.gnu-tools-for-stm32.7-2018-q2-update.win32_1.5.0.202011040924/tools/bin/../lib/gcc/arm-none-eabi/7.3.1/../../../../arm-none-eabi/lib/thumb/v7-m\libc_nano.a(lib_a-stdio.o)
                0x0000000008015048                __sread
 .text.__swrite
                0x000000000801506a       0x38 c:/st/stm32cubeide_1.5.0/stm32cubeide/plugins/com.st.stm32cube.ide.mcu.externaltools.gnu-tools-for-stm32.7-2018-q2-update.win32_1.5.0.202011040924/tools/bin/../lib/gcc/arm-none-eabi/7.3.1/../../../../arm-none-eabi/lib/thumb/v7-m\libc_nano.a(lib_a-stdio.o)
                0x000000000801506a                __swrite
 .text.__sseek  0x00000000080150a2       0x24 c:/st/stm32cubeide_1.5.0/stm32cubeide/plugins/com.st.stm32cube.ide.mcu.externaltools.gnu-tools-for-stm32.7-2018-q2-update.win32_1.5.0.202011040924/tools/bin/../lib/gcc/arm-none-eabi/7.3.1/../../../../arm-none-eabi/lib/thumb/v7-m\libc_nano.a(lib_a-stdio.o)
                0x00000000080150a2                __sseek
 .text.__sclose
                0x00000000080150c6        0x8 c:/st/stm32cubeide_1.5.0/stm32cubeide/plugins/com.st.stm32cube.ide.mcu.externaltools.gnu-tools-for-stm32.7-2018-q2-update.win32_1.5.0.202011040924/tools/bin/../lib/gcc/arm-none-eabi/7.3.1/../../../../arm-none-eabi/lib/thumb/v7-m\libc_nano.a(lib_a-stdio.o)
                0x00000000080150c6                __sclose
 .text.strncmp  0x00000000080150ce       0x24 c:/st/stm32cubeide_1.5.0/stm32cubeide/plugins/com.st.stm32cube.ide.mcu.externaltools.gnu-tools-for-stm32.7-2018-q2-update.win32_1.5.0.202011040924/tools/bin/../lib/gcc/arm-none-eabi/7.3.1/../../../../arm-none-eabi/lib/thumb/v7-m\libc_nano.a(lib_a-strncmp.o)
                0x00000000080150ce                strncmp
 *fill*         0x00000000080150f2        0x2 
 .text.__swbuf_r
                0x00000000080150f4       0xa4 c:/st/stm32cubeide_1.5.0/stm32cubeide/plugins/com.st.stm32cube.ide.mcu.externaltools.gnu-tools-for-stm32.7-2018-q2-update.win32_1.5.0.202011040924/tools/bin/../lib/gcc/arm-none-eabi/7.3.1/../../../../arm-none-eabi/lib/thumb/v7-m\libc_nano.a(lib_a-wbuf.o)
                0x00000000080150f4                __swbuf_r
 .text._write_r
                0x0000000008015198       0x24 c:/st/stm32cubeide_1.5.0/stm32cubeide/plugins/com.st.stm32cube.ide.mcu.externaltools.gnu-tools-for-stm32.7-2018-q2-update.win32_1.5.0.202011040924/tools/bin/../lib/gcc/arm-none-eabi/7.3.1/../../../../arm-none-eabi/lib/thumb/v7-m\libc_nano.a(lib_a-writer.o)
                0x0000000008015198                _write_r
 .text.__swsetup_r
                0x00000000080151bc       0xdc c:/st/stm32cubeide_1.5.0/stm32cubeide/plugins/com.st.stm32cube.ide.mcu.externaltools.gnu-tools-for-stm32.7-2018-q2-update.win32_1.5.0.202011040924/tools/bin/../lib/gcc/arm-none-eabi/7.3.1/../../../../arm-none-eabi/lib/thumb/v7-m\libc_nano.a(lib_a-wsetup.o)
                0x00000000080151bc                __swsetup_r
 .text._close_r
                0x0000000008015298       0x20 c:/st/stm32cubeide_1.5.0/stm32cubeide/plugins/com.st.stm32cube.ide.mcu.externaltools.gnu-tools-for-stm32.7-2018-q2-update.win32_1.5.0.202011040924/tools/bin/../lib/gcc/arm-none-eabi/7.3.1/../../../../arm-none-eabi/lib/thumb/v7-m\libc_nano.a(lib_a-closer.o)
                0x0000000008015298                _close_r
 .text.__sflush_r
                0x00000000080152b8      0x10c c:/st/stm32cubeide_1.5.0/stm32cubeide/plugins/com.st.stm32cube.ide.mcu.externaltools.gnu-tools-for-stm32.7-2018-q2-update.win32_1.5.0.202011040924/tools/bin/../lib/gcc/arm-none-eabi/7.3.1/../../../../arm-none-eabi/lib/thumb/v7-m\libc_nano.a(lib_a-fflush.o)
                0x00000000080152b8                __sflush_r
 .text._fflush_r