gps.c:71:9:get_P	16	static
gps.c:75:9:get_I	32	static
gps.c:81:9:get_D	40	static
gps.c:103:6:reset_PID	16	static
gps.c:154:6:USART2_TX	16	static
gps.c:155:6:USART2_TX_str	16	static
gps.c:161:6:gps_Init	16	static
gps.c:197:9:constrain_int16	16	static
gps.c:201:6:GPS_mode_check	16	static
gps.c:255:9:GPS_Compute	24	static
gps.c:344:6:GPS_bearing	40	static
gps.c:351:6:GPS_distance_cm	40	static
gps.c:367:13:GPS_calc_velocity	16	static
gps.c:406:13:GPS_calc_location_error	24	static
gps.c:415:13:GPS_calc_poshold	32	static
gps.c:446:6:GPS_calc_longitude_scaling	24	static
gps.c:453:6:GPS_set_next_wp	32	static
gps.c:469:6:GPS_reset_home_position	8	static
gps.c:482:6:GPS_reset_nav	16	static
gps.c:505:6:GPS_newFrame	40	static
gps.c:569:9:parseHex	16	static
gps.c:584:10:GPS_coord_to_degrees	40	static
gps.c:626:10:grab_fields	24	static
gps.c:650:9:hex_c	16	static
gps.c:659:6:GPS_set_pids	4	static
gps.c:677:6:cliGps	40	static
