sensor.c:64:6:getMres	4	static
sensor.c:79:6:getGres	4	static
sensor.c:102:6:getAres	4	static
sensor.c:125:6:MPU9250_Init	24	static
sensor.c:290:6:Calibrate_gyro	24	static
sensor.c:318:6:Gyro_getADC	24	static
sensor.c:332:6:GYRO_Common	24	static
sensor.c:346:6:ACC_getADC	24	static
sensor.c:359:6:ACC_Common	24	static
sensor.c:399:6:Mag_getADC	24	static
sensor.c:419:6:MAG_Common	24	static
sensor.c:472:6:CAL_Heading	48	static
sensor.c:499:6:Temp_getADC	16	static
sensor.c:509:6:calibrateMPU9250	120	static
sensor.c:658:6:initAK8963	32	static
sensor.c:678:6:MPU9250SelfTest	104	static
sensor.c:862:6:MS5611_Init	32	static
sensor.c:902:16:applyBarometerMedianFilter	24	static
sensor.c:924:6:Baro_Common	24	static
sensor.c:936:9:Baro_update	16	static
sensor.c:967:9:getEstimatedAltitude	24	static
sensor.c:1022:6:isBaroCalibrationComplete	4	static
sensor.c:1027:10:readRawTemperature	8	static
sensor.c:1036:10:readRawPressure	8	static
sensor.c:1045:6:MS561101BA_Calculate	80	static
sensor.c:1083:10:readRegister16	24	static
sensor.c:1099:10:readRegister24	24	static
sensor.c:1116:6:cliBaro	32	static
