telemetry.c:105:6:serialize8	16	static
telemetry.c:111:6:serialize16	16	static
telemetry.c:117:6:serialize32	16	static
telemetry.c:125:9:read8	4	static
telemetry.c:130:10:read16	16	static
telemetry.c:137:10:read32	16	static
telemetry.c:144:6:headSerial	16	static
telemetry.c:154:6:headSerialSend	16	static
telemetry.c:159:6:headSerialResponse	16	static
telemetry.c:169:6:headSerialReply	16	static
telemetry.c:174:6:headSerialError	16	static
telemetry.c:179:6:tailSerialReply	8	static
telemetry.c:186:6:s_struct_partial	16	static
telemetry.c:191:6:s_struct	16	static
telemetry.c:199:6:SerialCom	24	static
telemetry.c:282:6:evaluateCommand	184	static
telemetry.c:740:6:SerialSerialize	24	static
telemetry.c:747:6:UartSendData	32	static
