cli.c:109:6:cliInit	8	static
cli.c:134:6:cliOpen	16	static
cli.c:144:6:cliOpenLog	24	static
cli.c:160:6:cliLogClose	4	static
cli.c:166:6:cliShowLog	24	static
cli.c:186:6:cliShowPrompt	16	static
cli.c:192:6:cliMain	8	static
cli.c:207:6:cliUpdate	56	static
cli.c:418:6:cliLineClean	16	static
cli.c:426:6:cliLineAdd	32	static
cli.c:441:6:cliLineChange	40	static
cli.c:483:6:cliRunCmd	24	static
cli.c:509:6:cliParseArgs	40	static
cli.c:541:6:cliPrintf	24	static
cli.c:555:6:cliToUpper	24	static
cli.c:582:9:cliArgsGetData	24	static
cli.c:598:7:cliArgsGetFloat	24	static
cli.c:614:7:cliArgsGetStr	24	static
cli.c:630:6:cliArgsIsStr	24	static
cli.c:649:6:cliKeepLoop	16	static
cli.c:664:6:cliAdd	32	static
cli.c:687:6:cliShowList	24	static
cli.c:704:6:cliMemoryDump	56	static
