13:12:23 **** Build of configuration Debug for project CanRotor ****
make -j8 all 
arm-none-eabi-gcc "../src/lib/cube_f103/Drivers/STM32F1xx_HAL_Driver/Src/stm32f1xx_hal.c" -mcpu=cortex-m3 -std=gnu11 -g3 -DSTM32F103xB -DSTM32 -DSTM32F103CBTx -DSTM32F1 -DDEBUG -c -I"D:/STM32CubeIDE/CanRotor/src" -I"D:/STM32CubeIDE/CanRotor/src/ap" -I"D:/STM32CubeIDE/CanRotor/src/bsp" -I"D:/STM32CubeIDE/CanRotor/src/common" -I"D:/STM32CubeIDE/CanRotor/src/common/core" -I"D:/STM32CubeIDE/CanRotor/src/hw" -I"D:/STM32CubeIDE/CanRotor/src/lib" -I"D:/STM32CubeIDE/CanRotor/src/lib/cube_f103/Drivers/CMSIS/Device/ST/STM32F1xx/Include" -I"D:/STM32CubeIDE/CanRotor/src/lib/cube_f103/Drivers/CMSIS/Include" -I"D:/STM32CubeIDE/CanRotor/src/lib/cube_f103/Drivers/STM32F1xx_HAL_Driver/Inc" -I"D:/STM32CubeIDE/CanRotor/src/common/hw/include" -O0 -ffunction-sections -fdata-sections -Wall -fstack-usage -MMD -MP -MF"src/lib/cube_f103/Drivers/STM32F1xx_HAL_Driver/Src/stm32f1xx_hal.d" -MT"src/lib/cube_f103/Drivers/STM32F1xx_HAL_Driver/Src/stm32f1xx_hal.o" --specs=nano.specs -mfloat-abi=soft -mthumb -o "src/lib/cube_f103/Drivers/STM32F1xx_HAL_Driver/Src/stm32f1xx_hal.o"
arm-none-eabi-gcc "../src/lib/cube_f103/Drivers/STM32F1xx_HAL_Driver/Src/stm32f1xx_hal_cortex.c" -mcpu=cortex-m3 -std=gnu11 -g3 -DSTM32F103xB -DSTM32 -DSTM32F103CBTx -DSTM32F1 -DDEBUG -c -I"D:/STM32CubeIDE/CanRotor/src" -I"D:/STM32CubeIDE/CanRotor/src/ap" -I"D:/STM32CubeIDE/CanRotor/src/bsp" -I"D:/STM32CubeIDE/CanRotor/src/common" -I"D:/STM32CubeIDE/CanRotor/src/common/core" -I"D:/STM32CubeIDE/CanRotor/src/hw" -I"D:/STM32CubeIDE/CanRotor/src/lib" -I"D:/STM32CubeIDE/CanRotor/src/lib/cube_f103/Drivers/CMSIS/Device/ST/STM32F1xx/Include" -I"D:/STM32CubeIDE/CanRotor/src/lib/cube_f103/Drivers/CMSIS/Include" -I"D:/STM32CubeIDE/CanRotor/src/lib/cube_f103/Drivers/STM32F1xx_HAL_Driver/Inc" -I"D:/STM32CubeIDE/CanRotor/src/common/hw/include" -O0 -ffunction-sections -fdata-sections -Wall -fstack-usage -MMD -MP -MF"src/lib/cube_f103/Drivers/STM32F1xx_HAL_Driver/Src/stm32f1xx_hal_cortex.d" -MT"src/lib/cube_f103/Drivers/STM32F1xx_HAL_Driver/Src/stm32f1xx_hal_cortex.o" --specs=nano.specs -mfloat-abi=soft -mthumb -o "src/lib/cube_f103/Drivers/STM32F1xx_HAL_Driver/Src/stm32f1xx_hal_cortex.o"
arm-none-eabi-gcc "../src/lib/cube_f103/Drivers/STM32F1xx_HAL_Driver/Src/stm32f1xx_hal_dma.c" -mcpu=cortex-m3 -std=gnu11 -g3 -DSTM32F103xB -DSTM32 -DSTM32F103CBTx -DSTM32F1 -DDEBUG -c -I"D:/STM32CubeIDE/CanRotor/src" -I"D:/STM32CubeIDE/CanRotor/src/ap" -I"D:/STM32CubeIDE/CanRotor/src/bsp" -I"D:/STM32CubeIDE/CanRotor/src/common" -I"D:/STM32CubeIDE/CanRotor/src/common/core" -I"D:/STM32CubeIDE/CanRotor/src/hw" -I"D:/STM32CubeIDE/CanRotor/src/lib" -I"D:/STM32CubeIDE/CanRotor/src/lib/cube_f103/Drivers/CMSIS/Device/ST/STM32F1xx/Include" -I"D:/STM32CubeIDE/CanRotor/src/lib/cube_f103/Drivers/CMSIS/Include" -I"D:/STM32CubeIDE/CanRotor/src/lib/cube_f103/Drivers/STM32F1xx_HAL_Driver/Inc" -I"D:/STM32CubeIDE/CanRotor/src/common/hw/include" -O0 -ffunction-sections -fdata-sections -Wall -fstack-usage -MMD -MP -MF"src/lib/cube_f103/Drivers/STM32F1xx_HAL_Driver/Src/stm32f1xx_hal_dma.d" -MT"src/lib/cube_f103/Drivers/STM32F1xx_HAL_Driver/Src/stm32f1xx_hal_dma.o" --specs=nano.specs -mfloat-abi=soft -mthumb -o "src/lib/cube_f103/Drivers/STM32F1xx_HAL_Driver/Src/stm32f1xx_hal_dma.o"
arm-none-eabi-gcc "../src/lib/cube_f103/Drivers/STM32F1xx_HAL_Driver/Src/stm32f1xx_hal_exti.c" -mcpu=cortex-m3 -std=gnu11 -g3 -DSTM32F103xB -DSTM32 -DSTM32F103CBTx -DSTM32F1 -DDEBUG -c -I"D:/STM32CubeIDE/CanRotor/src" -I"D:/STM32CubeIDE/CanRotor/src/ap" -I"D:/STM32CubeIDE/CanRotor/src/bsp" -I"D:/STM32CubeIDE/CanRotor/src/common" -I"D:/STM32CubeIDE/CanRotor/src/common/core" -I"D:/STM32CubeIDE/CanRotor/src/hw" -I"D:/STM32CubeIDE/CanRotor/src/lib" -I"D:/STM32CubeIDE/CanRotor/src/lib/cube_f103/Drivers/CMSIS/Device/ST/STM32F1xx/Include" -I"D:/STM32CubeIDE/CanRotor/src/lib/cube_f103/Drivers/CMSIS/Include" -I"D:/STM32CubeIDE/CanRotor/src/lib/cube_f103/Drivers/STM32F1xx_HAL_Driver/Inc" -I"D:/STM32CubeIDE/CanRotor/src/common/hw/include" -O0 -ffunction-sections -fdata-sections -Wall -fstack-usage -MMD -MP -MF"src/lib/cube_f103/Drivers/STM32F1xx_HAL_Driver/Src/stm32f1xx_hal_exti.d" -MT"src/lib/cube_f103/Drivers/STM32F1xx_HAL_Driver/Src/stm32f1xx_hal_exti.o" --specs=nano.specs -mfloat-abi=soft -mthumb -o "src/lib/cube_f103/Drivers/STM32F1xx_HAL_Driver/Src/stm32f1xx_hal_exti.o"
arm-none-eabi-gcc "../src/lib/cube_f103/Drivers/STM32F1xx_HAL_Driver/Src/stm32f1xx_hal_flash.c" -mcpu=cortex-m3 -std=gnu11 -g3 -DSTM32F103xB -DSTM32 -DSTM32F103CBTx -DSTM32F1 -DDEBUG -c -I"D:/STM32CubeIDE/CanRotor/src" -I"D:/STM32CubeIDE/CanRotor/src/ap" -I"D:/STM32CubeIDE/CanRotor/src/bsp" -I"D:/STM32CubeIDE/CanRotor/src/common" -I"D:/STM32CubeIDE/CanRotor/src/common/core" -I"D:/STM32CubeIDE/CanRotor/src/hw" -I"D:/STM32CubeIDE/CanRotor/src/lib" -I"D:/STM32CubeIDE/CanRotor/src/lib/cube_f103/Drivers/CMSIS/Device/ST/STM32F1xx/Include" -I"D:/STM32CubeIDE/CanRotor/src/lib/cube_f103/Drivers/CMSIS/Include" -I"D:/STM32CubeIDE/CanRotor/src/lib/cube_f103/Drivers/STM32F1xx_HAL_Driver/Inc" -I"D:/STM32CubeIDE/CanRotor/src/common/hw/include" -O0 -ffunction-sections -fdata-sections -Wall -fstack-usage -MMD -MP -MF"src/lib/cube_f103/Drivers/STM32F1xx_HAL_Driver/Src/stm32f1xx_hal_flash.d" -MT"src/lib/cube_f103/Drivers/STM32F1xx_HAL_Driver/Src/stm32f1xx_hal_flash.o" --specs=nano.specs -mfloat-abi=soft -mthumb -o "src/lib/cube_f103/Drivers/STM32F1xx_HAL_Driver/Src/stm32f1xx_hal_flash.o"
arm-none-eabi-gcc "../src/lib/cube_f103/Drivers/STM32F1xx_HAL_Driver/Src/stm32f1xx_hal_flash_ex.c" -mcpu=cortex-m3 -std=gnu11 -g3 -DSTM32F103xB -DSTM32 -DSTM32F103CBTx -DSTM32F1 -DDEBUG -c -I"D:/STM32CubeIDE/CanRotor/src" -I"D:/STM32CubeIDE/CanRotor/src/ap" -I"D:/STM32CubeIDE/CanRotor/src/bsp" -I"D:/STM32CubeIDE/CanRotor/src/common" -I"D:/STM32CubeIDE/CanRotor/src/common/core" -I"D:/STM32CubeIDE/CanRotor/src/hw" -I"D:/STM32CubeIDE/CanRotor/src/lib" -I"D:/STM32CubeIDE/CanRotor/src/lib/cube_f103/Drivers/CMSIS/Device/ST/STM32F1xx/Include" -I"D:/STM32CubeIDE/CanRotor/src/lib/cube_f103/Drivers/CMSIS/Include" -I"D:/STM32CubeIDE/CanRotor/src/lib/cube_f103/Drivers/STM32F1xx_HAL_Driver/Inc" -I"D:/STM32CubeIDE/CanRotor/src/common/hw/include" -O0 -ffunction-sections -fdata-sections -Wall -fstack-usage -MMD -MP -MF"src/lib/cube_f103/Drivers/STM32F1xx_HAL_Driver/Src/stm32f1xx_hal_flash_ex.d" -MT"src/lib/cube_f103/Drivers/STM32F1xx_HAL_Driver/Src/stm32f1xx_hal_flash_ex.o" --specs=nano.specs -mfloat-abi=soft -mthumb -o "src/lib/cube_f103/Drivers/STM32F1xx_HAL_Driver/Src/stm32f1xx_hal_flash_ex.o"
arm-none-eabi-gcc "../src/lib/cube_f103/Drivers/STM32F1xx_HAL_Driver/Src/stm32f1xx_hal_gpio.c" -mcpu=cortex-m3 -std=gnu11 -g3 -DSTM32F103xB -DSTM32 -DSTM32F103CBTx -DSTM32F1 -DDEBUG -c -I"D:/STM32CubeIDE/CanRotor/src" -I"D:/STM32CubeIDE/CanRotor/src/ap" -I"D:/STM32CubeIDE/CanRotor/src/bsp" -I"D:/STM32CubeIDE/CanRotor/src/common" -I"D:/STM32CubeIDE/CanRotor/src/common/core" -I"D:/STM32CubeIDE/CanRotor/src/hw" -I"D:/STM32CubeIDE/CanRotor/src/lib" -I"D:/STM32CubeIDE/CanRotor/src/lib/cube_f103/Drivers/CMSIS/Device/ST/STM32F1xx/Include" -I"D:/STM32CubeIDE/CanRotor/src/lib/cube_f103/Drivers/CMSIS/Include" -I"D:/STM32CubeIDE/CanRotor/src/lib/cube_f103/Drivers/STM32F1xx_HAL_Driver/Inc" -I"D:/STM32CubeIDE/CanRotor/src/common/hw/include" -O0 -ffunction-sections -fdata-sections -Wall -fstack-usage -MMD -MP -MF"src/lib/cube_f103/Drivers/STM32F1xx_HAL_Driver/Src/stm32f1xx_hal_gpio.d" -MT"src/lib/cube_f103/Drivers/STM32F1xx_HAL_Driver/Src/stm32f1xx_hal_gpio.o" --specs=nano.specs -mfloat-abi=soft -mthumb -o "src/lib/cube_f103/Drivers/STM32F1xx_HAL_Driver/Src/stm32f1xx_hal_gpio.o"
arm-none-eabi-gcc "../src/lib/cube_f103/Drivers/STM32F1xx_HAL_Driver/Src/stm32f1xx_hal_gpio_ex.c" -mcpu=cortex-m3 -std=gnu11 -g3 -DSTM32F103xB -DSTM32 -DSTM32F103CBTx -DSTM32F1 -DDEBUG -c -I"D:/STM32CubeIDE/CanRotor/src" -I"D:/STM32CubeIDE/CanRotor/src/ap" -I"D:/STM32CubeIDE/CanRotor/src/bsp" -I"D:/STM32CubeIDE/CanRotor/src/common" -I"D:/STM32CubeIDE/CanRotor/src/common/core" -I"D:/STM32CubeIDE/CanRotor/src/hw" -I"D:/STM32CubeIDE/CanRotor/src/lib" -I"D:/STM32CubeIDE/CanRotor/src/lib/cube_f103/Drivers/CMSIS/Device/ST/STM32F1xx/Include" -I"D:/STM32CubeIDE/CanRotor/src/lib/cube_f103/Drivers/CMSIS/Include" -I"D:/STM32CubeIDE/CanRotor/src/lib/cube_f103/Drivers/STM32F1xx_HAL_Driver/Inc" -I"D:/STM32CubeIDE/CanRotor/src/common/hw/include" -O0 -ffunction-sections -fdata-sections -Wall -fstack-usage -MMD -MP -MF"src/lib/cube_f103/Drivers/STM32F1xx_HAL_Driver/Src/stm32f1xx_hal_gpio_ex.d" -MT"src/lib/cube_f103/Drivers/STM32F1xx_HAL_Driver/Src/stm32f1xx_hal_gpio_ex.o" --specs=nano.specs -mfloat-abi=soft -mthumb -o "src/lib/cube_f103/Drivers/STM32F1xx_HAL_Driver/Src/stm32f1xx_hal_gpio_ex.o"
arm-none-eabi-gcc "../src/lib/cube_f103/Drivers/STM32F1xx_HAL_Driver/Src/stm32f1xx_hal_i2c.c" -mcpu=cortex-m3 -std=gnu11 -g3 -DSTM32F103xB -DSTM32 -DSTM32F103CBTx -DSTM32F1 -DDEBUG -c -I"D:/STM32CubeIDE/CanRotor/src" -I"D:/STM32CubeIDE/CanRotor/src/ap" -I"D:/STM32CubeIDE/CanRotor/src/bsp" -I"D:/STM32CubeIDE/CanRotor/src/common" -I"D:/STM32CubeIDE/CanRotor/src/common/core" -I"D:/STM32CubeIDE/CanRotor/src/hw" -I"D:/STM32CubeIDE/CanRotor/src/lib" -I"D:/STM32CubeIDE/CanRotor/src/lib/cube_f103/Drivers/CMSIS/Device/ST/STM32F1xx/Include" -I"D:/STM32CubeIDE/CanRotor/src/lib/cube_f103/Drivers/CMSIS/Include" -I"D:/STM32CubeIDE/CanRotor/src/lib/cube_f103/Drivers/STM32F1xx_HAL_Driver/Inc" -I"D:/STM32CubeIDE/CanRotor/src/common/hw/include" -O0 -ffunction-sections -fdata-sections -Wall -fstack-usage -MMD -MP -MF"src/lib/cube_f103/Drivers/STM32F1xx_HAL_Driver/Src/stm32f1xx_hal_i2c.d" -MT"src/lib/cube_f103/Drivers/STM32F1xx_HAL_Driver/Src/stm32f1xx_hal_i2c.o" --specs=nano.specs -mfloat-abi=soft -mthumb -o "src/lib/cube_f103/Drivers/STM32F1xx_HAL_Driver/Src/stm32f1xx_hal_i2c.o"
arm-none-eabi-gcc "../src/lib/cube_f103/Drivers/STM32F1xx_HAL_Driver/Src/stm32f1xx_hal_pwr.c" -mcpu=cortex-m3 -std=gnu11 -g3 -DSTM32F103xB -DSTM32 -DSTM32F103CBTx -DSTM32F1 -DDEBUG -c -I"D:/STM32CubeIDE/CanRotor/src" -I"D:/STM32CubeIDE/CanRotor/src/ap" -I"D:/STM32CubeIDE/CanRotor/src/bsp" -I"D:/STM32CubeIDE/CanRotor/src/common" -I"D:/STM32CubeIDE/CanRotor/src/common/core" -I"D:/STM32CubeIDE/CanRotor/src/hw" -I"D:/STM32CubeIDE/CanRotor/src/lib" -I"D:/STM32CubeIDE/CanRotor/src/lib/cube_f103/Drivers/CMSIS/Device/ST/STM32F1xx/Include" -I"D:/STM32CubeIDE/CanRotor/src/lib/cube_f103/Drivers/CMSIS/Include" -I"D:/STM32CubeIDE/CanRotor/src/lib/cube_f103/Drivers/STM32F1xx_HAL_Driver/Inc" -I"D:/STM32CubeIDE/CanRotor/src/common/hw/include" -O0 -ffunction-sections -fdata-sections -Wall -fstack-usage -MMD -MP -MF"src/lib/cube_f103/Drivers/STM32F1xx_HAL_Driver/Src/stm32f1xx_hal_pwr.d" -MT"src/lib/cube_f103/Drivers/STM32F1xx_HAL_Driver/Src/stm32f1xx_hal_pwr.o" --specs=nano.specs -mfloat-abi=soft -mthumb -o "src/lib/cube_f103/Drivers/STM32F1xx_HAL_Driver/Src/stm32f1xx_hal_pwr.o"
arm-none-eabi-gcc "../src/lib/cube_f103/Drivers/STM32F1xx_HAL_Driver/Src/stm32f1xx_hal_rcc.c" -mcpu=cortex-m3 -std=gnu11 -g3 -DSTM32F103xB -DSTM32 -DSTM32F103CBTx -DSTM32F1 -DDEBUG -c -I"D:/STM32CubeIDE/CanRotor/src" -I"D:/STM32CubeIDE/CanRotor/src/ap" -I"D:/STM32CubeIDE/CanRotor/src/bsp" -I"D:/STM32CubeIDE/CanRotor/src/common" -I"D:/STM32CubeIDE/CanRotor/src/common/core" -I"D:/STM32CubeIDE/CanRotor/src/hw" -I"D:/STM32CubeIDE/CanRotor/src/lib" -I"D:/STM32CubeIDE/CanRotor/src/lib/cube_f103/Drivers/CMSIS/Device/ST/STM32F1xx/Include" -I"D:/STM32CubeIDE/CanRotor/src/lib/cube_f103/Drivers/CMSIS/Include" -I"D:/STM32CubeIDE/CanRotor/src/lib/cube_f103/Drivers/STM32F1xx_HAL_Driver/Inc" -I"D:/STM32CubeIDE/CanRotor/src/common/hw/include" -O0 -ffunction-sections -fdata-sections -Wall -fstack-usage -MMD -MP -MF"src/lib/cube_f103/Drivers/STM32F1xx_HAL_Driver/Src/stm32f1xx_hal_rcc.d" -MT"src/lib/cube_f103/Drivers/STM32F1xx_HAL_Driver/Src/stm32f1xx_hal_rcc.o" --specs=nano.specs -mfloat-abi=soft -mthumb -o "src/lib/cube_f103/Drivers/STM32F1xx_HAL_Driver/Src/stm32f1xx_hal_rcc.o"
arm-none-eabi-gcc "../src/lib/cube_f103/Drivers/STM32F1xx_HAL_Driver/Src/stm32f1xx_hal_rcc_ex.c" -mcpu=cortex-m3 -std=gnu11 -g3 -DSTM32F103xB -DSTM32 -DSTM32F103CBTx -DSTM32F1 -DDEBUG -c -I"D:/STM32CubeIDE/CanRotor/src" -I"D:/STM32CubeIDE/CanRotor/src/ap" -I"D:/STM32CubeIDE/CanRotor/src/bsp" -I"D:/STM32CubeIDE/CanRotor/src/common" -I"D:/STM32CubeIDE/CanRotor/src/common/core" -I"D:/STM32CubeIDE/CanRotor/src/hw" -I"D:/STM32CubeIDE/CanRotor/src/lib" -I"D:/STM32CubeIDE/CanRotor/src/lib/cube_f103/Drivers/CMSIS/Device/ST/STM32F1xx/Include" -I"D:/STM32CubeIDE/CanRotor/src/lib/cube_f103/Drivers/CMSIS/Include" -I"D:/STM32CubeIDE/CanRotor/src/lib/cube_f103/Drivers/STM32F1xx_HAL_Driver/Inc" -I"D:/STM32CubeIDE/CanRotor/src/common/hw/include" -O0 -ffunction-sections -fdata-sections -Wall -fstack-usage -MMD -MP -MF"src/lib/cube_f103/Drivers/STM32F1xx_HAL_Driver/Src/stm32f1xx_hal_rcc_ex.d" -MT"src/lib/cube_f103/Drivers/STM32F1xx_HAL_Driver/Src/stm32f1xx_hal_rcc_ex.o" --specs=nano.specs -mfloat-abi=soft -mthumb -o "src/lib/cube_f103/Drivers/STM32F1xx_HAL_Driver/Src/stm32f1xx_hal_rcc_ex.o"
arm-none-eabi-gcc "../src/lib/cube_f103/Drivers/STM32F1xx_HAL_Driver/Src/stm32f1xx_hal_tim.c" -mcpu=cortex-m3 -std=gnu11 -g3 -DSTM32F103xB -DSTM32 -DSTM32F103CBTx -DSTM32F1 -DDEBUG -c -I"D:/STM32CubeIDE/CanRotor/src" -I"D:/STM32CubeIDE/CanRotor/src/ap" -I"D:/STM32CubeIDE/CanRotor/src/bsp" -I"D:/STM32CubeIDE/CanRotor/src/common" -I"D:/STM32CubeIDE/CanRotor/src/common/core" -I"D:/STM32CubeIDE/CanRotor/src/hw" -I"D:/STM32CubeIDE/CanRotor/src/lib" -I"D:/STM32CubeIDE/CanRotor/src/lib/cube_f103/Drivers/CMSIS/Device/ST/STM32F1xx/Include" -I"D:/STM32CubeIDE/CanRotor/src/lib/cube_f103/Drivers/CMSIS/Include" -I"D:/STM32CubeIDE/CanRotor/src/lib/cube_f103/Drivers/STM32F1xx_HAL_Driver/Inc" -I"D:/STM32CubeIDE/CanRotor/src/common/hw/include" -O0 -ffunction-sections -fdata-sections -Wall -fstack-usage -MMD -MP -MF"src/lib/cube_f103/Drivers/STM32F1xx_HAL_Driver/Src/stm32f1xx_hal_tim.d" -MT"src/lib/cube_f103/Drivers/STM32F1xx_HAL_Driver/Src/stm32f1xx_hal_tim.o" --specs=nano.specs -mfloat-abi=soft -mthumb -o "src/lib/cube_f103/Drivers/STM32F1xx_HAL_Driver/Src/stm32f1xx_hal_tim.o"
arm-none-eabi-gcc "../src/lib/cube_f103/Drivers/STM32F1xx_HAL_Driver/Src/stm32f1xx_hal_tim_ex.c" -mcpu=cortex-m3 -std=gnu11 -g3 -DSTM32F103xB -DSTM32 -DSTM32F103CBTx -DSTM32F1 -DDEBUG -c -I"D:/STM32CubeIDE/CanRotor/src" -I"D:/STM32CubeIDE/CanRotor/src/ap" -I"D:/STM32CubeIDE/CanRotor/src/bsp" -I"D:/STM32CubeIDE/CanRotor/src/common" -I"D:/STM32CubeIDE/CanRotor/src/common/core" -I"D:/STM32CubeIDE/CanRotor/src/hw" -I"D:/STM32CubeIDE/CanRotor/src/lib" -I"D:/STM32CubeIDE/CanRotor/src/lib/cube_f103/Drivers/CMSIS/Device/ST/STM32F1xx/Include" -I"D:/STM32CubeIDE/CanRotor/src/lib/cube_f103/Drivers/CMSIS/Include" -I"D:/STM32CubeIDE/CanRotor/src/lib/cube_f103/Drivers/STM32F1xx_HAL_Driver/Inc" -I"D:/STM32CubeIDE/CanRotor/src/common/hw/include" -O0 -ffunction-sections -fdata-sections -Wall -fstack-usage -MMD -MP -MF"src/lib/cube_f103/Drivers/STM32F1xx_HAL_Driver/Src/stm32f1xx_hal_tim_ex.d" -MT"src/lib/cube_f103/Drivers/STM32F1xx_HAL_Driver/Src/stm32f1xx_hal_tim_ex.o" --specs=nano.specs -mfloat-abi=soft -mthumb -o "src/lib/cube_f103/Drivers/STM32F1xx_HAL_Driver/Src/stm32f1xx_hal_tim_ex.o"
arm-none-eabi-gcc "../src/lib/cube_f103/Drivers/STM32F1xx_HAL_Driver/Src/stm32f1xx_hal_uart.c" -mcpu=cortex-m3 -std=gnu11 -g3 -DSTM32F103xB -DSTM32 -DSTM32F103CBTx -DSTM32F1 -DDEBUG -c -I"D:/STM32CubeIDE/CanRotor/src" -I"D:/STM32CubeIDE/CanRotor/src/ap" -I"D:/STM32CubeIDE/CanRotor/src/bsp" -I"D:/STM32CubeIDE/CanRotor/src/common" -I"D:/STM32CubeIDE/CanRotor/src/common/core" -I"D:/STM32CubeIDE/CanRotor/src/hw" -I"D:/STM32CubeIDE/CanRotor/src/lib" -I"D:/STM32CubeIDE/CanRotor/src/lib/cube_f103/Drivers/CMSIS/Device/ST/STM32F1xx/Include" -I"D:/STM32CubeIDE/CanRotor/src/lib/cube_f103/Drivers/CMSIS/Include" -I"D:/STM32CubeIDE/CanRotor/src/lib/cube_f103/Drivers/STM32F1xx_HAL_Driver/Inc" -I"D:/STM32CubeIDE/CanRotor/src/common/hw/include" -O0 -ffunction-sections -fdata-sections -Wall -fstack-usage -MMD -MP -MF"src/lib/cube_f103/Drivers/STM32F1xx_HAL_Driver/Src/stm32f1xx_hal_uart.d" -MT"src/lib/cube_f103/Drivers/STM32F1xx_HAL_Driver/Src/stm32f1xx_hal_uart.o" --specs=nano.specs -mfloat-abi=soft -mthumb -o "src/lib/cube_f103/Drivers/STM32F1xx_HAL_Driver/Src/stm32f1xx_hal_uart.o"
arm-none-eabi-gcc "../src/hw/driver/cli.c" -mcpu=cortex-m3 -std=gnu11 -g3 -DSTM32F103xB -DSTM32 -DSTM32F103CBTx -DSTM32F1 -DDEBUG -c -I"D:/STM32CubeIDE/CanRotor/src" -I"D:/STM32CubeIDE/CanRotor/src/ap" -I"D:/STM32CubeIDE/CanRotor/src/bsp" -I"D:/STM32CubeIDE/CanRotor/src/common" -I"D:/STM32CubeIDE/CanRotor/src/common/core" -I"D:/STM32CubeIDE/CanRotor/src/hw" -I"D:/STM32CubeIDE/CanRotor/src/lib" -I"D:/STM32CubeIDE/CanRotor/src/lib/cube_f103/Drivers/CMSIS/Device/ST/STM32F1xx/Include" -I"D:/STM32CubeIDE/CanRotor/src/lib/cube_f103/Drivers/CMSIS/Include" -I"D:/STM32CubeIDE/CanRotor/src/lib/cube_f103/Drivers/STM32F1xx_HAL_Driver/Inc" -I"D:/STM32CubeIDE/CanRotor/src/common/hw/include" -O0 -ffunction-sections -fdata-sections -Wall -fstack-usage -MMD -MP -MF"src/hw/driver/cli.d" -MT"src/hw/driver/cli.o" --specs=nano.specs -mfloat-abi=soft -mthumb -o "src/hw/driver/cli.o"
arm-none-eabi-gcc "../src/hw/driver/i2c.c" -mcpu=cortex-m3 -std=gnu11 -g3 -DSTM32F103xB -DSTM32 -DSTM32F103CBTx -DSTM32F1 -DDEBUG -c -I"D:/STM32CubeIDE/CanRotor/src" -I"D:/STM32CubeIDE/CanRotor/src/ap" -I"D:/STM32CubeIDE/CanRotor/src/bsp" -I"D:/STM32CubeIDE/CanRotor/src/common" -I"D:/STM32CubeIDE/CanRotor/src/common/core" -I"D:/STM32CubeIDE/CanRotor/src/hw" -I"D:/STM32CubeIDE/CanRotor/src/lib" -I"D:/STM32CubeIDE/CanRotor/src/lib/cube_f103/Drivers/CMSIS/Device/ST/STM32F1xx/Include" -I"D:/STM32CubeIDE/CanRotor/src/lib/cube_f103/Drivers/CMSIS/Include" -I"D:/STM32CubeIDE/CanRotor/src/lib/cube_f103/Drivers/STM32F1xx_HAL_Driver/Inc" -I"D:/STM32CubeIDE/CanRotor/src/common/hw/include" -O0 -ffunction-sections -fdata-sections -Wall -fstack-usage -MMD -MP -MF"src/hw/driver/i2c.d" -MT"src/hw/driver/i2c.o" --specs=nano.specs -mfloat-abi=soft -mthumb -o "src/hw/driver/i2c.o"
arm-none-eabi-gcc "../src/hw/driver/led.c" -mcpu=cortex-m3 -std=gnu11 -g3 -DSTM32F103xB -DSTM32 -DSTM32F103CBTx -DSTM32F1 -DDEBUG -c -I"D:/STM32CubeIDE/CanRotor/src" -I"D:/STM32CubeIDE/CanRotor/src/ap" -I"D:/STM32CubeIDE/CanRotor/src/bsp" -I"D:/STM32CubeIDE/CanRotor/src/common" -I"D:/STM32CubeIDE/CanRotor/src/common/core" -I"D:/STM32CubeIDE/CanRotor/src/hw" -I"D:/STM32CubeIDE/CanRotor/src/lib" -I"D:/STM32CubeIDE/CanRotor/src/lib/cube_f103/Drivers/CMSIS/Device/ST/STM32F1xx/Include" -I"D:/STM32CubeIDE/CanRotor/src/lib/cube_f103/Drivers/CMSIS/Include" -I"D:/STM32CubeIDE/CanRotor/src/lib/cube_f103/Drivers/STM32F1xx_HAL_Driver/Inc" -I"D:/STM32CubeIDE/CanRotor/src/common/hw/include" -O0 -ffunction-sections -fdata-sections -Wall -fstack-usage -MMD -MP -MF"src/hw/driver/led.d" -MT"src/hw/driver/led.o" --specs=nano.specs -mfloat-abi=soft -mthumb -o "src/hw/driver/led.o"
arm-none-eabi-gcc "../src/hw/driver/timer.c" -mcpu=cortex-m3 -std=gnu11 -g3 -DSTM32F103xB -DSTM32 -DSTM32F103CBTx -DSTM32F1 -DDEBUG -c -I"D:/STM32CubeIDE/CanRotor/src" -I"D:/STM32CubeIDE/CanRotor/src/ap" -I"D:/STM32CubeIDE/CanRotor/src/bsp" -I"D:/STM32CubeIDE/CanRotor/src/common" -I"D:/STM32CubeIDE/CanRotor/src/common/core" -I"D:/STM32CubeIDE/CanRotor/src/hw" -I"D:/STM32CubeIDE/CanRotor/src/lib" -I"D:/STM32CubeIDE/CanRotor/src/lib/cube_f103/Drivers/CMSIS/Device/ST/STM32F1xx/Include" -I"D:/STM32CubeIDE/CanRotor/src/lib/cube_f103/Drivers/CMSIS/Include" -I"D:/STM32CubeIDE/CanRotor/src/lib/cube_f103/Drivers/STM32F1xx_HAL_Driver/Inc" -I"D:/STM32CubeIDE/CanRotor/src/common/hw/include" -O0 -ffunction-sections -fdata-sections -Wall -fstack-usage -MMD -MP -MF"src/hw/driver/timer.d" -MT"src/hw/driver/timer.o" --specs=nano.specs -mfloat-abi=soft -mthumb -o "src/hw/driver/timer.o"
arm-none-eabi-gcc "../src/hw/driver/uart.c" -mcpu=cortex-m3 -std=gnu11 -g3 -DSTM32F103xB -DSTM32 -DSTM32F103CBTx -DSTM32F1 -DDEBUG -c -I"D:/STM32CubeIDE/CanRotor/src" -I"D:/STM32CubeIDE/CanRotor/src/ap" -I"D:/STM32CubeIDE/CanRotor/src/bsp" -I"D:/STM32CubeIDE/CanRotor/src/common" -I"D:/STM32CubeIDE/CanRotor/src/common/core" -I"D:/STM32CubeIDE/CanRotor/src/hw" -I"D:/STM32CubeIDE/CanRotor/src/lib" -I"D:/STM32CubeIDE/CanRotor/src/lib/cube_f103/Drivers/CMSIS/Device/ST/STM32F1xx/Include" -I"D:/STM32CubeIDE/CanRotor/src/lib/cube_f103/Drivers/CMSIS/Include" -I"D:/STM32CubeIDE/CanRotor/src/lib/cube_f103/Drivers/STM32F1xx_HAL_Driver/Inc" -I"D:/STM32CubeIDE/CanRotor/src/common/hw/include" -O0 -ffunction-sections -fdata-sections -Wall -fstack-usage -MMD -MP -MF"src/hw/driver/uart.d" -MT"src/hw/driver/uart.o" --specs=nano.specs -mfloat-abi=soft -mthumb -o "src/hw/driver/uart.o"
arm-none-eabi-gcc "../src/hw/hw.c" -mcpu=cortex-m3 -std=gnu11 -g3 -DSTM32F103xB -DSTM32 -DSTM32F103CBTx -DSTM32F1 -DDEBUG -c -I"D:/STM32CubeIDE/CanRotor/src" -I"D:/STM32CubeIDE/CanRotor/src/ap" -I"D:/STM32CubeIDE/CanRotor/src/bsp" -I"D:/STM32CubeIDE/CanRotor/src/common" -I"D:/STM32CubeIDE/CanRotor/src/common/core" -I"D:/STM32CubeIDE/CanRotor/src/hw" -I"D:/STM32CubeIDE/CanRotor/src/lib" -I"D:/STM32CubeIDE/CanRotor/src/lib/cube_f103/Drivers/CMSIS/Device/ST/STM32F1xx/Include" -I"D:/STM32CubeIDE/CanRotor/src/lib/cube_f103/Drivers/CMSIS/Include" -I"D:/STM32CubeIDE/CanRotor/src/lib/cube_f103/Drivers/STM32F1xx_HAL_Driver/Inc" -I"D:/STM32CubeIDE/CanRotor/src/common/hw/include" -O0 -ffunction-sections -fdata-sections -Wall -fstack-usage -MMD -MP -MF"src/hw/hw.d" -MT"src/hw/hw.o" --specs=nano.specs -mfloat-abi=soft -mthumb -o "src/hw/hw.o"
arm-none-eabi-gcc "../src/common/core/eeprom.c" -mcpu=cortex-m3 -std=gnu11 -g3 -DSTM32F103xB -DSTM32 -DSTM32F103CBTx -DSTM32F1 -DDEBUG -c -I"D:/STM32CubeIDE/CanRotor/src" -I"D:/STM32CubeIDE/CanRotor/src/ap" -I"D:/STM32CubeIDE/CanRotor/src/bsp" -I"D:/STM32CubeIDE/CanRotor/src/common" -I"D:/STM32CubeIDE/CanRotor/src/common/core" -I"D:/STM32CubeIDE/CanRotor/src/hw" -I"D:/STM32CubeIDE/CanRotor/src/lib" -I"D:/STM32CubeIDE/CanRotor/src/lib/cube_f103/Drivers/CMSIS/Device/ST/STM32F1xx/Include" -I"D:/STM32CubeIDE/CanRotor/src/lib/cube_f103/Drivers/CMSIS/Include" -I"D:/STM32CubeIDE/CanRotor/src/lib/cube_f103/Drivers/STM32F1xx_HAL_Driver/Inc" -I"D:/STM32CubeIDE/CanRotor/src/common/hw/include" -O0 -ffunction-sections -fdata-sections -Wall -fstack-usage -MMD -MP -MF"src/common/core/eeprom.d" -MT"src/common/core/eeprom.o" --specs=nano.specs -mfloat-abi=soft -mthumb -o "src/common/core/eeprom.o"
arm-none-eabi-gcc "../src/common/core/filter.c" -mcpu=cortex-m3 -std=gnu11 -g3 -DSTM32F103xB -DSTM32 -DSTM32F103CBTx -DSTM32F1 -DDEBUG -c -I"D:/STM32CubeIDE/CanRotor/src" -I"D:/STM32CubeIDE/CanRotor/src/ap" -I"D:/STM32CubeIDE/CanRotor/src/bsp" -I"D:/STM32CubeIDE/CanRotor/src/common" -I"D:/STM32CubeIDE/CanRotor/src/common/core" -I"D:/STM32CubeIDE/CanRotor/src/hw" -I"D:/STM32CubeIDE/CanRotor/src/lib" -I"D:/STM32CubeIDE/CanRotor/src/lib/cube_f103/Drivers/CMSIS/Device/ST/STM32F1xx/Include" -I"D:/STM32CubeIDE/CanRotor/src/lib/cube_f103/Drivers/CMSIS/Include" -I"D:/STM32CubeIDE/CanRotor/src/lib/cube_f103/Drivers/STM32F1xx_HAL_Driver/Inc" -I"D:/STM32CubeIDE/CanRotor/src/common/hw/include" -O0 -ffunction-sections -fdata-sections -Wall -fstack-usage -MMD -MP -MF"src/common/core/filter.d" -MT"src/common/core/filter.o" --specs=nano.specs -mfloat-abi=soft -mthumb -o "src/common/core/filter.o"
arm-none-eabi-gcc "../src/common/core/gps.c" -mcpu=cortex-m3 -std=gnu11 -g3 -DSTM32F103xB -DSTM32 -DSTM32F103CBTx -DSTM32F1 -DDEBUG -c -I"D:/STM32CubeIDE/CanRotor/src" -I"D:/STM32CubeIDE/CanRotor/src/ap" -I"D:/STM32CubeIDE/CanRotor/src/bsp" -I"D:/STM32CubeIDE/CanRotor/src/common" -I"D:/STM32CubeIDE/CanRotor/src/common/core" -I"D:/STM32CubeIDE/CanRotor/src/hw" -I"D:/STM32CubeIDE/CanRotor/src/lib" -I"D:/STM32CubeIDE/CanRotor/src/lib/cube_f103/Drivers/CMSIS/Device/ST/STM32F1xx/Include" -I"D:/STM32CubeIDE/CanRotor/src/lib/cube_f103/Drivers/CMSIS/Include" -I"D:/STM32CubeIDE/CanRotor/src/lib/cube_f103/Drivers/STM32F1xx_HAL_Driver/Inc" -I"D:/STM32CubeIDE/CanRotor/src/common/hw/include" -O0 -ffunction-sections -fdata-sections -Wall -fstack-usage -MMD -MP -MF"src/common/core/gps.d" -MT"src/common/core/gps.o" --specs=nano.specs -mfloat-abi=soft -mthumb -o "src/common/core/gps.o"
../src/common/core/gps.c: In function 'GPS_calc_velocity':
../src/common/core/gps.c:368:17: warning: unused variable 'speed_old' [-Wunused-variable]
  static int16_t speed_old[2] = {0,0};
                 ^~~~~~~~~
At top level:
../src/common/core/gps.c:368:17: warning: 'speed_old' defined but not used [-Wunused-variable]
../src/common/core/gps.c:120:17: warning: 'land_settle_timer' defined but not used [-Wunused-variable]
 static uint32_t land_settle_timer;
                 ^~~~~~~~~~~~~~~~~
arm-none-eabi-gcc "../src/common/core/imu.c" -mcpu=cortex-m3 -std=gnu11 -g3 -DSTM32F103xB -DSTM32 -DSTM32F103CBTx -DSTM32F1 -DDEBUG -c -I"D:/STM32CubeIDE/CanRotor/src" -I"D:/STM32CubeIDE/CanRotor/src/ap" -I"D:/STM32CubeIDE/CanRotor/src/bsp" -I"D:/STM32CubeIDE/CanRotor/src/common" -I"D:/STM32CubeIDE/CanRotor/src/common/core" -I"D:/STM32CubeIDE/CanRotor/src/hw" -I"D:/STM32CubeIDE/CanRotor/src/lib" -I"D:/STM32CubeIDE/CanRotor/src/lib/cube_f103/Drivers/CMSIS/Device/ST/STM32F1xx/Include" -I"D:/STM32CubeIDE/CanRotor/src/lib/cube_f103/Drivers/CMSIS/Include" -I"D:/STM32CubeIDE/CanRotor/src/lib/cube_f103/Drivers/STM32F1xx_HAL_Driver/Inc" -I"D:/STM32CubeIDE/CanRotor/src/common/hw/include" -O0 -ffunction-sections -fdata-sections -Wall -fstack-usage -MMD -MP -MF"src/common/core/imu.d" -MT"src/common/core/imu.o" --specs=nano.specs -mfloat-abi=soft -mthumb -o "src/common/core/imu.o"
arm-none-eabi-gcc "../src/common/core/led_control.c" -mcpu=cortex-m3 -std=gnu11 -g3 -DSTM32F103xB -DSTM32 -DSTM32F103CBTx -DSTM32F1 -DDEBUG -c -I"D:/STM32CubeIDE/CanRotor/src" -I"D:/STM32CubeIDE/CanRotor/src/ap" -I"D:/STM32CubeIDE/CanRotor/src/bsp" -I"D:/STM32CubeIDE/CanRotor/src/common" -I"D:/STM32CubeIDE/CanRotor/src/common/core" -I"D:/STM32CubeIDE/CanRotor/src/hw" -I"D:/STM32CubeIDE/CanRotor/src/lib" -I"D:/STM32CubeIDE/CanRotor/src/lib/cube_f103/Drivers/CMSIS/Device/ST/STM32F1xx/Include" -I"D:/STM32CubeIDE/CanRotor/src/lib/cube_f103/Drivers/CMSIS/Include" -I"D:/STM32CubeIDE/CanRotor/src/lib/cube_f103/Drivers/STM32F1xx_HAL_Driver/Inc" -I"D:/STM32CubeIDE/CanRotor/src/common/hw/include" -O0 -ffunction-sections -fdata-sections -Wall -fstack-usage -MMD -MP -MF"src/common/core/led_control.d" -MT"src/common/core/led_control.o" --specs=nano.specs -mfloat-abi=soft -mthumb -o "src/common/core/led_control.o"
arm-none-eabi-gcc "../src/common/core/mixer.c" -mcpu=cortex-m3 -std=gnu11 -g3 -DSTM32F103xB -DSTM32 -DSTM32F103CBTx -DSTM32F1 -DDEBUG -c -I"D:/STM32CubeIDE/CanRotor/src" -I"D:/STM32CubeIDE/CanRotor/src/ap" -I"D:/STM32CubeIDE/CanRotor/src/bsp" -I"D:/STM32CubeIDE/CanRotor/src/common" -I"D:/STM32CubeIDE/CanRotor/src/common/core" -I"D:/STM32CubeIDE/CanRotor/src/hw" -I"D:/STM32CubeIDE/CanRotor/src/lib" -I"D:/STM32CubeIDE/CanRotor/src/lib/cube_f103/Drivers/CMSIS/Device/ST/STM32F1xx/Include" -I"D:/STM32CubeIDE/CanRotor/src/lib/cube_f103/Drivers/CMSIS/Include" -I"D:/STM32CubeIDE/CanRotor/src/lib/cube_f103/Drivers/STM32F1xx_HAL_Driver/Inc" -I"D:/STM32CubeIDE/CanRotor/src/common/hw/include" -O0 -ffunction-sections -fdata-sections -Wall -fstack-usage -MMD -MP -MF"src/common/core/mixer.d" -MT"src/common/core/mixer.o" --specs=nano.specs -mfloat-abi=soft -mthumb -o "src/common/core/mixer.o"
arm-none-eabi-gcc "../src/common/core/pid.c" -mcpu=cortex-m3 -std=gnu11 -g3 -DSTM32F103xB -DSTM32 -DSTM32F103CBTx -DSTM32F1 -DDEBUG -c -I"D:/STM32CubeIDE/CanRotor/src" -I"D:/STM32CubeIDE/CanRotor/src/ap" -I"D:/STM32CubeIDE/CanRotor/src/bsp" -I"D:/STM32CubeIDE/CanRotor/src/common" -I"D:/STM32CubeIDE/CanRotor/src/common/core" -I"D:/STM32CubeIDE/CanRotor/src/hw" -I"D:/STM32CubeIDE/CanRotor/src/lib" -I"D:/STM32CubeIDE/CanRotor/src/lib/cube_f103/Drivers/CMSIS/Device/ST/STM32F1xx/Include" -I"D:/STM32CubeIDE/CanRotor/src/lib/cube_f103/Drivers/CMSIS/Include" -I"D:/STM32CubeIDE/CanRotor/src/lib/cube_f103/Drivers/STM32F1xx_HAL_Driver/Inc" -I"D:/STM32CubeIDE/CanRotor/src/common/hw/include" -O0 -ffunction-sections -fdata-sections -Wall -fstack-usage -MMD -MP -MF"src/common/core/pid.d" -MT"src/common/core/pid.o" --specs=nano.specs -mfloat-abi=soft -mthumb -o "src/common/core/pid.o"
arm-none-eabi-gcc "../src/common/core/radio.c" -mcpu=cortex-m3 -std=gnu11 -g3 -DSTM32F103xB -DSTM32 -DSTM32F103CBTx -DSTM32F1 -DDEBUG -c -I"D:/STM32CubeIDE/CanRotor/src" -I"D:/STM32CubeIDE/CanRotor/src/ap" -I"D:/STM32CubeIDE/CanRotor/src/bsp" -I"D:/STM32CubeIDE/CanRotor/src/common" -I"D:/STM32CubeIDE/CanRotor/src/common/core" -I"D:/STM32CubeIDE/CanRotor/src/hw" -I"D:/STM32CubeIDE/CanRotor/src/lib" -I"D:/STM32CubeIDE/CanRotor/src/lib/cube_f103/Drivers/CMSIS/Device/ST/STM32F1xx/Include" -I"D:/STM32CubeIDE/CanRotor/src/lib/cube_f103/Drivers/CMSIS/Include" -I"D:/STM32CubeIDE/CanRotor/src/lib/cube_f103/Drivers/STM32F1xx_HAL_Driver/Inc" -I"D:/STM32CubeIDE/CanRotor/src/common/hw/include" -O0 -ffunction-sections -fdata-sections -Wall -fstack-usage -MMD -MP -MF"src/common/core/radio.d" -MT"src/common/core/radio.o" --specs=nano.specs -mfloat-abi=soft -mthumb -o "src/common/core/radio.o"
arm-none-eabi-gcc "../src/common/core/ring_buffer.c" -mcpu=cortex-m3 -std=gnu11 -g3 -DSTM32F103xB -DSTM32 -DSTM32F103CBTx -DSTM32F1 -DDEBUG -c -I"D:/STM32CubeIDE/CanRotor/src" -I"D:/STM32CubeIDE/CanRotor/src/ap" -I"D:/STM32CubeIDE/CanRotor/src/bsp" -I"D:/STM32CubeIDE/CanRotor/src/common" -I"D:/STM32CubeIDE/CanRotor/src/common/core" -I"D:/STM32CubeIDE/CanRotor/src/hw" -I"D:/STM32CubeIDE/CanRotor/src/lib" -I"D:/STM32CubeIDE/CanRotor/src/lib/cube_f103/Drivers/CMSIS/Device/ST/STM32F1xx/Include" -I"D:/STM32CubeIDE/CanRotor/src/lib/cube_f103/Drivers/CMSIS/Include" -I"D:/STM32CubeIDE/CanRotor/src/lib/cube_f103/Drivers/STM32F1xx_HAL_Driver/Inc" -I"D:/STM32CubeIDE/CanRotor/src/common/hw/include" -O0 -ffunction-sections -fdata-sections -Wall -fstack-usage -MMD -MP -MF"src/common/core/ring_buffer.d" -MT"src/common/core/ring_buffer.o" --specs=nano.specs -mfloat-abi=soft -mthumb -o "src/common/core/ring_buffer.o"
arm-none-eabi-gcc "../src/common/core/sensor.c" -mcpu=cortex-m3 -std=gnu11 -g3 -DSTM32F103xB -DSTM32 -DSTM32F103CBTx -DSTM32F1 -DDEBUG -c -I"D:/STM32CubeIDE/CanRotor/src" -I"D:/STM32CubeIDE/CanRotor/src/ap" -I"D:/STM32CubeIDE/CanRotor/src/bsp" -I"D:/STM32CubeIDE/CanRotor/src/common" -I"D:/STM32CubeIDE/CanRotor/src/common/core" -I"D:/STM32CubeIDE/CanRotor/src/hw" -I"D:/STM32CubeIDE/CanRotor/src/lib" -I"D:/STM32CubeIDE/CanRotor/src/lib/cube_f103/Drivers/CMSIS/Device/ST/STM32F1xx/Include" -I"D:/STM32CubeIDE/CanRotor/src/lib/cube_f103/Drivers/CMSIS/Include" -I"D:/STM32CubeIDE/CanRotor/src/lib/cube_f103/Drivers/STM32F1xx_HAL_Driver/Inc" -I"D:/STM32CubeIDE/CanRotor/src/common/hw/include" -O0 -ffunction-sections -fdata-sections -Wall -fstack-usage -MMD -MP -MF"src/common/core/sensor.d" -MT"src/common/core/sensor.o" --specs=nano.specs -mfloat-abi=soft -mthumb -o "src/common/core/sensor.o"
arm-none-eabi-gcc "../src/common/core/telemetry.c" -mcpu=cortex-m3 -std=gnu11 -g3 -DSTM32F103xB -DSTM32 -DSTM32F103CBTx -DSTM32F1 -DDEBUG -c -I"D:/STM32CubeIDE/CanRotor/src" -I"D:/STM32CubeIDE/CanRotor/src/ap" -I"D:/STM32CubeIDE/CanRotor/src/bsp" -I"D:/STM32CubeIDE/CanRotor/src/common" -I"D:/STM32CubeIDE/CanRotor/src/common/core" -I"D:/STM32CubeIDE/CanRotor/src/hw" -I"D:/STM32CubeIDE/CanRotor/src/lib" -I"D:/STM32CubeIDE/CanRotor/src/lib/cube_f103/Drivers/CMSIS/Device/ST/STM32F1xx/Include" -I"D:/STM32CubeIDE/CanRotor/src/lib/cube_f103/Drivers/CMSIS/Include" -I"D:/STM32CubeIDE/CanRotor/src/lib/cube_f103/Drivers/STM32F1xx_HAL_Driver/Inc" -I"D:/STM32CubeIDE/CanRotor/src/common/hw/include" -O0 -ffunction-sections -fdata-sections -Wall -fstack-usage -MMD -MP -MF"src/common/core/telemetry.d" -MT"src/common/core/telemetry.o" --specs=nano.specs -mfloat-abi=soft -mthumb -o "src/common/core/telemetry.o"
arm-none-eabi-gcc -mcpu=cortex-m3 -g3 -c -x assembler-with-cpp -MMD -MP -MF"src/bsp/startup/startup_stm32f103cbtx.d" -MT"src/bsp/startup/startup_stm32f103cbtx.o" --specs=nano.specs -mfloat-abi=soft -mthumb -o "src/bsp/startup/startup_stm32f103cbtx.o" "../src/bsp/startup/startup_stm32f103cbtx.s"
arm-none-eabi-gcc "../src/bsp/bsp.c" -mcpu=cortex-m3 -std=gnu11 -g3 -DSTM32F103xB -DSTM32 -DSTM32F103CBTx -DSTM32F1 -DDEBUG -c -I"D:/STM32CubeIDE/CanRotor/src" -I"D:/STM32CubeIDE/CanRotor/src/ap" -I"D:/STM32CubeIDE/CanRotor/src/bsp" -I"D:/STM32CubeIDE/CanRotor/src/common" -I"D:/STM32CubeIDE/CanRotor/src/common/core" -I"D:/STM32CubeIDE/CanRotor/src/hw" -I"D:/STM32CubeIDE/CanRotor/src/lib" -I"D:/STM32CubeIDE/CanRotor/src/lib/cube_f103/Drivers/CMSIS/Device/ST/STM32F1xx/Include" -I"D:/STM32CubeIDE/CanRotor/src/lib/cube_f103/Drivers/CMSIS/Include" -I"D:/STM32CubeIDE/CanRotor/src/lib/cube_f103/Drivers/STM32F1xx_HAL_Driver/Inc" -I"D:/STM32CubeIDE/CanRotor/src/common/hw/include" -O0 -ffunction-sections -fdata-sections -Wall -fstack-usage -MMD -MP -MF"src/bsp/bsp.d" -MT"src/bsp/bsp.o" --specs=nano.specs -mfloat-abi=soft -mthumb -o "src/bsp/bsp.o"
arm-none-eabi-gcc "../src/bsp/stm32f1xx_hal_msp.c" -mcpu=cortex-m3 -std=gnu11 -g3 -DSTM32F103xB -DSTM32 -DSTM32F103CBTx -DSTM32F1 -DDEBUG -c -I"D:/STM32CubeIDE/CanRotor/src" -I"D:/STM32CubeIDE/CanRotor/src/ap" -I"D:/STM32CubeIDE/CanRotor/src/bsp" -I"D:/STM32CubeIDE/CanRotor/src/common" -I"D:/STM32CubeIDE/CanRotor/src/common/core" -I"D:/STM32CubeIDE/CanRotor/src/hw" -I"D:/STM32CubeIDE/CanRotor/src/lib" -I"D:/STM32CubeIDE/CanRotor/src/lib/cube_f103/Drivers/CMSIS/Device/ST/STM32F1xx/Include" -I"D:/STM32CubeIDE/CanRotor/src/lib/cube_f103/Drivers/CMSIS/Include" -I"D:/STM32CubeIDE/CanRotor/src/lib/cube_f103/Drivers/STM32F1xx_HAL_Driver/Inc" -I"D:/STM32CubeIDE/CanRotor/src/common/hw/include" -O0 -ffunction-sections -fdata-sections -Wall -fstack-usage -MMD -MP -MF"src/bsp/stm32f1xx_hal_msp.d" -MT"src/bsp/stm32f1xx_hal_msp.o" --specs=nano.specs -mfloat-abi=soft -mthumb -o "src/bsp/stm32f1xx_hal_msp.o"
arm-none-eabi-gcc "../src/bsp/stm32f1xx_it.c" -mcpu=cortex-m3 -std=gnu11 -g3 -DSTM32F103xB -DSTM32 -DSTM32F103CBTx -DSTM32F1 -DDEBUG -c -I"D:/STM32CubeIDE/CanRotor/src" -I"D:/STM32CubeIDE/CanRotor/src/ap" -I"D:/STM32CubeIDE/CanRotor/src/bsp" -I"D:/STM32CubeIDE/CanRotor/src/common" -I"D:/STM32CubeIDE/CanRotor/src/common/core" -I"D:/STM32CubeIDE/CanRotor/src/hw" -I"D:/STM32CubeIDE/CanRotor/src/lib" -I"D:/STM32CubeIDE/CanRotor/src/lib/cube_f103/Drivers/CMSIS/Device/ST/STM32F1xx/Include" -I"D:/STM32CubeIDE/CanRotor/src/lib/cube_f103/Drivers/CMSIS/Include" -I"D:/STM32CubeIDE/CanRotor/src/lib/cube_f103/Drivers/STM32F1xx_HAL_Driver/Inc" -I"D:/STM32CubeIDE/CanRotor/src/common/hw/include" -O0 -ffunction-sections -fdata-sections -Wall -fstack-usage -MMD -MP -MF"src/bsp/stm32f1xx_it.d" -MT"src/bsp/stm32f1xx_it.o" --specs=nano.specs -mfloat-abi=soft -mthumb -o "src/bsp/stm32f1xx_it.o"
arm-none-eabi-gcc "../src/bsp/syscalls.c" -mcpu=cortex-m3 -std=gnu11 -g3 -DSTM32F103xB -DSTM32 -DSTM32F103CBTx -DSTM32F1 -DDEBUG -c -I"D:/STM32CubeIDE/CanRotor/src" -I"D:/STM32CubeIDE/CanRotor/src/ap" -I"D:/STM32CubeIDE/CanRotor/src/bsp" -I"D:/STM32CubeIDE/CanRotor/src/common" -I"D:/STM32CubeIDE/CanRotor/src/common/core" -I"D:/STM32CubeIDE/CanRotor/src/hw" -I"D:/STM32CubeIDE/CanRotor/src/lib" -I"D:/STM32CubeIDE/CanRotor/src/lib/cube_f103/Drivers/CMSIS/Device/ST/STM32F1xx/Include" -I"D:/STM32CubeIDE/CanRotor/src/lib/cube_f103/Drivers/CMSIS/Include" -I"D:/STM32CubeIDE/CanRotor/src/lib/cube_f103/Drivers/STM32F1xx_HAL_Driver/Inc" -I"D:/STM32CubeIDE/CanRotor/src/common/hw/include" -O0 -ffunction-sections -fdata-sections -Wall -fstack-usage -MMD -MP -MF"src/bsp/syscalls.d" -MT"src/bsp/syscalls.o" --specs=nano.specs -mfloat-abi=soft -mthumb -o "src/bsp/syscalls.o"
arm-none-eabi-gcc "../src/bsp/sysmem.c" -mcpu=cortex-m3 -std=gnu11 -g3 -DSTM32F103xB -DSTM32 -DSTM32F103CBTx -DSTM32F1 -DDEBUG -c -I"D:/STM32CubeIDE/CanRotor/src" -I"D:/STM32CubeIDE/CanRotor/src/ap" -I"D:/STM32CubeIDE/CanRotor/src/bsp" -I"D:/STM32CubeIDE/CanRotor/src/common" -I"D:/STM32CubeIDE/CanRotor/src/common/core" -I"D:/STM32CubeIDE/CanRotor/src/hw" -I"D:/STM32CubeIDE/CanRotor/src/lib" -I"D:/STM32CubeIDE/CanRotor/src/lib/cube_f103/Drivers/CMSIS/Device/ST/STM32F1xx/Include" -I"D:/STM32CubeIDE/CanRotor/src/lib/cube_f103/Drivers/CMSIS/Include" -I"D:/STM32CubeIDE/CanRotor/src/lib/cube_f103/Drivers/STM32F1xx_HAL_Driver/Inc" -I"D:/STM32CubeIDE/CanRotor/src/common/hw/include" -O0 -ffunction-sections -fdata-sections -Wall -fstack-usage -MMD -MP -MF"src/bsp/sysmem.d" -MT"src/bsp/sysmem.o" --specs=nano.specs -mfloat-abi=soft -mthumb -o "src/bsp/sysmem.o"
../src/common/core/telemetry.c:174:6: warning: 'headSerialError' defined but not used [-Wunused-function]
 void headSerialError(uint8_t s)
      ^~~~~~~~~~~~~~~
../src/common/core/telemetry.c:154:6: warning: 'headSerialSend' defined but not used [-Wunused-function]
 void headSerialSend(uint8_t s, uint8_t cmdMSP)
      ^~~~~~~~~~~~~~
../src/common/core/telemetry.c:137:10: warning: 'read32' defined but not used [-Wunused-function]
 uint32_t read32(void)
          ^~~~~~
../src/common/core/telemetry.c:117:6: warning: 'serialize32' defined but not used [-Wunused-function]
 void serialize32(uint32_t a)
      ^~~~~~~~~~~
../src/common/core/telemetry.c:111:6: warning: 'serialize16' defined but not used [-Wunused-function]
 void serialize16(int16_t a)
      ^~~~~~~~~~~
arm-none-eabi-gcc "../src/bsp/system_stm32f1xx.c" -mcpu=cortex-m3 -std=gnu11 -g3 -DSTM32F103xB -DSTM32 -DSTM32F103CBTx -DSTM32F1 -DDEBUG -c -I"D:/STM32CubeIDE/CanRotor/src" -I"D:/STM32CubeIDE/CanRotor/src/ap" -I"D:/STM32CubeIDE/CanRotor/src/bsp" -I"D:/STM32CubeIDE/CanRotor/src/common" -I"D:/STM32CubeIDE/CanRotor/src/common/core" -I"D:/STM32CubeIDE/CanRotor/src/hw" -I"D:/STM32CubeIDE/CanRotor/src/lib" -I"D:/STM32CubeIDE/CanRotor/src/lib/cube_f103/Drivers/CMSIS/Device/ST/STM32F1xx/Include" -I"D:/STM32CubeIDE/CanRotor/src/lib/cube_f103/Drivers/CMSIS/Include" -I"D:/STM32CubeIDE/CanRotor/src/lib/cube_f103/Drivers/STM32F1xx_HAL_Driver/Inc" -I"D:/STM32CubeIDE/CanRotor/src/common/hw/include" -O0 -ffunction-sections -fdata-sections -Wall -fstack-usage -MMD -MP -MF"src/bsp/system_stm32f1xx.d" -MT"src/bsp/system_stm32f1xx.o" --specs=nano.specs -mfloat-abi=soft -mthumb -o "src/bsp/system_stm32f1xx.o"
arm-none-eabi-gcc "../src/ap/ap.c" -mcpu=cortex-m3 -std=gnu11 -g3 -DSTM32F103xB -DSTM32 -DSTM32F103CBTx -DSTM32F1 -DDEBUG -c -I"D:/STM32CubeIDE/CanRotor/src" -I"D:/STM32CubeIDE/CanRotor/src/ap" -I"D:/STM32CubeIDE/CanRotor/src/bsp" -I"D:/STM32CubeIDE/CanRotor/src/common" -I"D:/STM32CubeIDE/CanRotor/src/common/core" -I"D:/STM32CubeIDE/CanRotor/src/hw" -I"D:/STM32CubeIDE/CanRotor/src/lib" -I"D:/STM32CubeIDE/CanRotor/src/lib/cube_f103/Drivers/CMSIS/Device/ST/STM32F1xx/Include" -I"D:/STM32CubeIDE/CanRotor/src/lib/cube_f103/Drivers/CMSIS/Include" -I"D:/STM32CubeIDE/CanRotor/src/lib/cube_f103/Drivers/STM32F1xx_HAL_Driver/Inc" -I"D:/STM32CubeIDE/CanRotor/src/common/hw/include" -O0 -ffunction-sections -fdata-sections -Wall -fstack-usage -MMD -MP -MF"src/ap/ap.d" -MT"src/ap/ap.o" --specs=nano.specs -mfloat-abi=soft -mthumb -o "src/ap/ap.o"
arm-none-eabi-gcc "../src/main.c" -mcpu=cortex-m3 -std=gnu11 -g3 -DSTM32F103xB -DSTM32 -DSTM32F103CBTx -DSTM32F1 -DDEBUG -c -I"D:/STM32CubeIDE/CanRotor/src" -I"D:/STM32CubeIDE/CanRotor/src/ap" -I"D:/STM32CubeIDE/CanRotor/src/bsp" -I"D:/STM32CubeIDE/CanRotor/src/common" -I"D:/STM32CubeIDE/CanRotor/src/common/core" -I"D:/STM32CubeIDE/CanRotor/src/hw" -I"D:/STM32CubeIDE/CanRotor/src/lib" -I"D:/STM32CubeIDE/CanRotor/src/lib/cube_f103/Drivers/CMSIS/Device/ST/STM32F1xx/Include" -I"D:/STM32CubeIDE/CanRotor/src/lib/cube_f103/Drivers/CMSIS/Include" -I"D:/STM32CubeIDE/CanRotor/src/lib/cube_f103/Drivers/STM32F1xx_HAL_Driver/Inc" -I"D:/STM32CubeIDE/CanRotor/src/common/hw/include" -O0 -ffunction-sections -fdata-sections -Wall -fstack-usage -MMD -MP -MF"src/main.d" -MT"src/main.o" --specs=nano.specs -mfloat-abi=soft -mthumb -o "src/main.o"
arm-none-eabi-gcc -o "CanRotor.elf" @"objects.list"   -mcpu=cortex-m3 -T"D:\STM32CubeIDE\CanRotor\src\bsp\ldscript\STM32F103CBTX_FLASH.ld" --specs=nosys.specs -Wl,-Map="CanRotor.map" -Wl,--gc-sections -static --specs=nano.specs -mfloat-abi=soft -mthumb -u _printf_float -Wl,--start-group -lc -lm -Wl,--end-group
Finished building target: CanRotor.elf
 
arm-none-eabi-size   CanRotor.elf 
arm-none-eabi-objdump -h -S  CanRotor.elf  > "CanRotor.list"
arm-none-eabi-objcopy  -O binary  CanRotor.elf  "CanRotor.bin"
   text	   data	    bss	    dec	    hex	filename
 108964	    572	   6480	 116016	  1c530	CanRotor.elf
Finished building: default.size.stdout
 
Finished building: CanRotor.bin
 
Finished building: CanRotor.list
 
13:12:35 **** Incremental Build of configuration Debug for project CanRotor ****
make -j8 all 
arm-none-eabi-size   CanRotor.elf 
   text	   data	    bss	    dec	    hex	filename
 108964	    572	   6480	 116016	  1c530	CanRotor.elf
Finished building: default.size.stdout
 
13:13:33 **** Incremental Build of configuration Debug for project CanRotor ****
make -j8 all 
arm-none-eabi-size   CanRotor.elf 
   text	   data	    bss	    dec	    hex	filename
 108964	    572	   6480	 116016	  1c530	CanRotor.elf
Finished building: default.size.stdout
 
13:17:27 **** Incremental Build of configuration Debug for project CanRotor ****
make -j8 all 
arm-none-eabi-gcc "../src/common/core/sensor.c" -mcpu=cortex-m3 -std=gnu11 -g3 -DSTM32F103xB -DSTM32 -DSTM32F103CBTx -DSTM32F1 -DDEBUG -c -I"D:/STM32CubeIDE/CanRotor/src" -I"D:/STM32CubeIDE/CanRotor/src/ap" -I"D:/STM32CubeIDE/CanRotor/src/bsp" -I"D:/STM32CubeIDE/CanRotor/src/common" -I"D:/STM32CubeIDE/CanRotor/src/common/core" -I"D:/STM32CubeIDE/CanRotor/src/hw" -I"D:/STM32CubeIDE/CanRotor/src/lib" -I"D:/STM32CubeIDE/CanRotor/src/lib/cube_f103/Drivers/CMSIS/Device/ST/STM32F1xx/Include" -I"D:/STM32CubeIDE/CanRotor/src/lib/cube_f103/Drivers/CMSIS/Include" -I"D:/STM32CubeIDE/CanRotor/src/lib/cube_f103/Drivers/STM32F1xx_HAL_Driver/Inc" -I"D:/STM32CubeIDE/CanRotor/src/common/hw/include" -O0 -ffunction-sections -fdata-sections -Wall -fstack-usage -MMD -MP -MF"src/common/core/sensor.d" -MT"src/common/core/sensor.o" --specs=nano.specs -mfloat-abi=soft -mthumb -o "src/common/core/sensor.o"
arm-none-eabi-gcc -o "CanRotor.elf" @"objects.list"   -mcpu=cortex-m3 -T"D:\STM32CubeIDE\CanRotor\src\bsp\ldscript\STM32F103CBTX_FLASH.ld" --specs=nosys.specs -Wl,-Map="CanRotor.map" -Wl,--gc-sections -static --specs=nano.specs -mfloat-abi=soft -mthumb -u _printf_float -Wl,--start-group -lc -lm -Wl,--end-group
Finished building target: CanRotor.elf
 
arm-none-eabi-objdump -h -S  CanRotor.elf  > "CanRotor.list"
arm-none-eabi-objcopy  -O binary  CanRotor.elf  "CanRotor.bin"
arm-none-eabi-size   CanRotor.elf 
   text	   data	    bss	    dec	    hex	filename
 108956	    572	   6472	 116000	  1c520	CanRotor.elf
Finished building: default.size.stdout
 
Finished building: CanRotor.bin
 
Finished building: CanRotor.list
 
13:18:49 **** Incremental Build of configuration Debug for project CanRotor ****
make -j8 all 
arm-none-eabi-size   CanRotor.elf 
   text	   data	    bss	    dec	    hex	filename
 108956	    572	   6472	 116000	  1c520	CanRotor.elf
Finished building: default.size.stdout
 
13:21:51 **** Incremental Build of configuration Debug for project CanRotor ****
make -j8 all 
arm-none-eabi-size   CanRotor.elf 
   text	   data	    bss	    dec	    hex	filename
 108956	    572	   6472	 116000	  1c520	CanRotor.elf
Finished building: default.size.stdout
 
